Archive member included because of file (symbol)

C:\Program Files (x86)\Raisonance\Ride\Lib\ARM\STM32x_io_putchar_thumb.a(STM32F10X_IO_putchar.o)
                              (__io_putchar)
C:\Program Files (x86)\Raisonance\Ride\Lib\ARM\std_sbrk_thumb.lib(write.o)
                              (_write)
C:\Program Files (x86)\Raisonance\Ride\Lib\ARM\STM32F10x_thumb.lib(stm32f10x_flash.o)
                              E:\Robot\STM32\Software\config.o (FLASH_SetLatency)
C:\Program Files (x86)\Raisonance\Ride\Lib\ARM\STM32F10x_thumb.lib(stm32f10x_gpio.o)
                              E:\Robot\STM32\Software\config.o (GPIO_Init)
C:\Program Files (x86)\Raisonance\Ride\Lib\ARM\STM32F10x_thumb.lib(stm32f10x_nvic.o)
                              E:\Robot\STM32\Software\config.o (NVIC_SetVectorTable)
C:\Program Files (x86)\Raisonance\Ride\Lib\ARM\STM32F10x_thumb.lib(stm32f10x_rcc.o)
                              E:\Robot\STM32\Software\config.o (RCC_DeInit)
C:\Program Files (x86)\Raisonance\Ride\Lib\ARM\STM32F10x_thumb.lib(stm32f10x_usart.o)
                              E:\Robot\STM32\Software\config.o (USART_Cmd)
C:\Program Files (x86)\Raisonance\Ride\Lib\ARM\STM32F10x_thumb.lib(cortexm3_macro.o)
                              C:\Program Files (x86)\Raisonance\Ride\Lib\ARM\STM32F10x_thumb.lib(stm32f10x_nvic.o) (__RESETPRIMASK)

Discarded input sections

 .text          0x00000000        0x0 C:\Program Files (x86)\Raisonance\Ride\lib\ARM\crt0_STM32x.o
 .data          0x00000000        0x0 C:\Program Files (x86)\Raisonance\Ride\lib\ARM\crt0_STM32x.o
 .bss           0x00000000        0x0 C:\Program Files (x86)\Raisonance\Ride\lib\ARM\crt0_STM32x.o
 .text          0x00000000        0x0 E:\Robot\STM32\Software\config.o
 .data          0x00000000        0x0 E:\Robot\STM32\Software\config.o
 .bss           0x00000000        0x0 E:\Robot\STM32\Software\config.o
 .text          0x00000000        0x0 E:\Robot\STM32\Software\$(NodeName).o
 .data          0x00000000        0x0 E:\Robot\STM32\Software\$(NodeName).o
 .bss           0x00000000        0x0 E:\Robot\STM32\Software\$(NodeName).o
 .text.assert_failed
                0x00000000        0x0 E:\Robot\STM32\Software\$(NodeName).o
 .text          0x00000000        0x0 E:\Robot\STM32\Software\main.o
 .data          0x00000000        0x0 E:\Robot\STM32\Software\main.o
 .bss           0x00000000        0x0 E:\Robot\STM32\Software\main.o
 .text          0x00000000        0x0 E:\Robot\STM32\Software\utils.o
 .data          0x00000000        0x0 E:\Robot\STM32\Software\utils.o
 .bss           0x00000000        0x0 E:\Robot\STM32\Software\utils.o
 .text.delay    0x00000000        0x0 E:\Robot\STM32\Software\utils.o
 .text          0x00000000        0x0 C:\Program Files (x86)\Raisonance\Ride\Lib\ARM\STM32x_io_putchar_thumb.a(STM32F10X_IO_putchar.o)
 .data          0x00000000        0x0 C:\Program Files (x86)\Raisonance\Ride\Lib\ARM\STM32x_io_putchar_thumb.a(STM32F10X_IO_putchar.o)
 .text.__io_SetMainOscFreq
                0x00000000        0x0 C:\Program Files (x86)\Raisonance\Ride\Lib\ARM\STM32x_io_putchar_thumb.a(STM32F10X_IO_putchar.o)
 .text.__io_getchar
                0x00000000        0x0 C:\Program Files (x86)\Raisonance\Ride\Lib\ARM\STM32x_io_putchar_thumb.a(STM32F10X_IO_putchar.o)
 .text.getchar  0x00000000        0x0 C:\Program Files (x86)\Raisonance\Ride\Lib\ARM\STM32x_io_putchar_thumb.a(STM32F10X_IO_putchar.o)
 .text.putchar  0x00000000        0x0 C:\Program Files (x86)\Raisonance\Ride\Lib\ARM\STM32x_io_putchar_thumb.a(STM32F10X_IO_putchar.o)
 .text          0x00000000        0x0 C:\Program Files (x86)\Raisonance\Ride\Lib\ARM\std_sbrk_thumb.lib(write.o)
 .data          0x00000000        0x0 C:\Program Files (x86)\Raisonance\Ride\Lib\ARM\std_sbrk_thumb.lib(write.o)
 .bss           0x00000000        0x0 C:\Program Files (x86)\Raisonance\Ride\Lib\ARM\std_sbrk_thumb.lib(write.o)
 .text          0x00000000        0x0 C:\Program Files (x86)\Raisonance\Ride\Lib\ARM\STM32F10x_thumb.lib(stm32f10x_flash.o)
 .data          0x00000000        0x0 C:\Program Files (x86)\Raisonance\Ride\Lib\ARM\STM32F10x_thumb.lib(stm32f10x_flash.o)
 .bss           0x00000000        0x0 C:\Program Files (x86)\Raisonance\Ride\Lib\ARM\STM32F10x_thumb.lib(stm32f10x_flash.o)
 .text.FLASH_HalfCycleAccessCmd
                0x00000000        0x0 C:\Program Files (x86)\Raisonance\Ride\Lib\ARM\STM32F10x_thumb.lib(stm32f10x_flash.o)
 .text          0x00000000        0x0 C:\Program Files (x86)\Raisonance\Ride\Lib\ARM\STM32F10x_thumb.lib(stm32f10x_gpio.o)
 .data          0x00000000        0x0 C:\Program Files (x86)\Raisonance\Ride\Lib\ARM\STM32F10x_thumb.lib(stm32f10x_gpio.o)
 .bss           0x00000000        0x0 C:\Program Files (x86)\Raisonance\Ride\Lib\ARM\STM32F10x_thumb.lib(stm32f10x_gpio.o)
 .text.GPIO_StructInit
                0x00000000        0x0 C:\Program Files (x86)\Raisonance\Ride\Lib\ARM\STM32F10x_thumb.lib(stm32f10x_gpio.o)
 .text.GPIO_ReadInputDataBit
                0x00000000        0x0 C:\Program Files (x86)\Raisonance\Ride\Lib\ARM\STM32F10x_thumb.lib(stm32f10x_gpio.o)
 .text.GPIO_ReadInputData
                0x00000000        0x0 C:\Program Files (x86)\Raisonance\Ride\Lib\ARM\STM32F10x_thumb.lib(stm32f10x_gpio.o)
 .text.GPIO_ReadOutputDataBit
                0x00000000        0x0 C:\Program Files (x86)\Raisonance\Ride\Lib\ARM\STM32F10x_thumb.lib(stm32f10x_gpio.o)
 .text.GPIO_ReadOutputData
                0x00000000        0x0 C:\Program Files (x86)\Raisonance\Ride\Lib\ARM\STM32F10x_thumb.lib(stm32f10x_gpio.o)
 .text.GPIO_SetBits
                0x00000000        0x0 C:\Program Files (x86)\Raisonance\Ride\Lib\ARM\STM32F10x_thumb.lib(stm32f10x_gpio.o)
 .text.GPIO_ResetBits
                0x00000000        0x0 C:\Program Files (x86)\Raisonance\Ride\Lib\ARM\STM32F10x_thumb.lib(stm32f10x_gpio.o)
 .text.GPIO_WriteBit
                0x00000000        0x0 C:\Program Files (x86)\Raisonance\Ride\Lib\ARM\STM32F10x_thumb.lib(stm32f10x_gpio.o)
 .text.GPIO_PinLockConfig
                0x00000000        0x0 C:\Program Files (x86)\Raisonance\Ride\Lib\ARM\STM32F10x_thumb.lib(stm32f10x_gpio.o)
 .text.GPIO_EventOutputConfig
                0x00000000        0x0 C:\Program Files (x86)\Raisonance\Ride\Lib\ARM\STM32F10x_thumb.lib(stm32f10x_gpio.o)
 .text.GPIO_EventOutputCmd
                0x00000000        0x0 C:\Program Files (x86)\Raisonance\Ride\Lib\ARM\STM32F10x_thumb.lib(stm32f10x_gpio.o)
 .text.GPIO_PinRemapConfig
                0x00000000        0x0 C:\Program Files (x86)\Raisonance\Ride\Lib\ARM\STM32F10x_thumb.lib(stm32f10x_gpio.o)
 .text.GPIO_EXTILineConfig
                0x00000000        0x0 C:\Program Files (x86)\Raisonance\Ride\Lib\ARM\STM32F10x_thumb.lib(stm32f10x_gpio.o)
 .text.GPIO_AFIODeInit
                0x00000000        0x0 C:\Program Files (x86)\Raisonance\Ride\Lib\ARM\STM32F10x_thumb.lib(stm32f10x_gpio.o)
 .text.GPIO_DeInit
                0x00000000        0x0 C:\Program Files (x86)\Raisonance\Ride\Lib\ARM\STM32F10x_thumb.lib(stm32f10x_gpio.o)
 .text          0x00000000        0x0 C:\Program Files (x86)\Raisonance\Ride\Lib\ARM\STM32F10x_thumb.lib(stm32f10x_nvic.o)
 .data          0x00000000        0x0 C:\Program Files (x86)\Raisonance\Ride\Lib\ARM\STM32F10x_thumb.lib(stm32f10x_nvic.o)
 .bss           0x00000000        0x0 C:\Program Files (x86)\Raisonance\Ride\Lib\ARM\STM32F10x_thumb.lib(stm32f10x_nvic.o)
 .text.NVIC_DeInit
                0x00000000        0x0 C:\Program Files (x86)\Raisonance\Ride\Lib\ARM\STM32F10x_thumb.lib(stm32f10x_nvic.o)
 .text.NVIC_SCBDeInit
                0x00000000        0x0 C:\Program Files (x86)\Raisonance\Ride\Lib\ARM\STM32F10x_thumb.lib(stm32f10x_nvic.o)
 .text.NVIC_PriorityGroupConfig
                0x00000000        0x0 C:\Program Files (x86)\Raisonance\Ride\Lib\ARM\STM32F10x_thumb.lib(stm32f10x_nvic.o)
 .text.NVIC_Init
                0x00000000        0x0 C:\Program Files (x86)\Raisonance\Ride\Lib\ARM\STM32F10x_thumb.lib(stm32f10x_nvic.o)
 .text.NVIC_StructInit
                0x00000000        0x0 C:\Program Files (x86)\Raisonance\Ride\Lib\ARM\STM32F10x_thumb.lib(stm32f10x_nvic.o)
 .text.NVIC_GetCurrentPendingIRQChannel
                0x00000000        0x0 C:\Program Files (x86)\Raisonance\Ride\Lib\ARM\STM32F10x_thumb.lib(stm32f10x_nvic.o)
 .text.NVIC_GetIRQChannelPendingBitStatus
                0x00000000        0x0 C:\Program Files (x86)\Raisonance\Ride\Lib\ARM\STM32F10x_thumb.lib(stm32f10x_nvic.o)
 .text.NVIC_SetIRQChannelPendingBit
                0x00000000        0x0 C:\Program Files (x86)\Raisonance\Ride\Lib\ARM\STM32F10x_thumb.lib(stm32f10x_nvic.o)
 .text.NVIC_ClearIRQChannelPendingBit
                0x00000000        0x0 C:\Program Files (x86)\Raisonance\Ride\Lib\ARM\STM32F10x_thumb.lib(stm32f10x_nvic.o)
 .text.NVIC_GetCurrentActiveHandler
                0x00000000        0x0 C:\Program Files (x86)\Raisonance\Ride\Lib\ARM\STM32F10x_thumb.lib(stm32f10x_nvic.o)
 .text.NVIC_GetIRQChannelActiveBitStatus
                0x00000000        0x0 C:\Program Files (x86)\Raisonance\Ride\Lib\ARM\STM32F10x_thumb.lib(stm32f10x_nvic.o)
 .text.NVIC_GetCPUID
                0x00000000        0x0 C:\Program Files (x86)\Raisonance\Ride\Lib\ARM\STM32F10x_thumb.lib(stm32f10x_nvic.o)
 .text.NVIC_GenerateSystemReset
                0x00000000        0x0 C:\Program Files (x86)\Raisonance\Ride\Lib\ARM\STM32F10x_thumb.lib(stm32f10x_nvic.o)
 .text.NVIC_GenerateCoreReset
                0x00000000        0x0 C:\Program Files (x86)\Raisonance\Ride\Lib\ARM\STM32F10x_thumb.lib(stm32f10x_nvic.o)
 .text.NVIC_SystemLPConfig
                0x00000000        0x0 C:\Program Files (x86)\Raisonance\Ride\Lib\ARM\STM32F10x_thumb.lib(stm32f10x_nvic.o)
 .text.NVIC_SystemHandlerConfig
                0x00000000        0x0 C:\Program Files (x86)\Raisonance\Ride\Lib\ARM\STM32F10x_thumb.lib(stm32f10x_nvic.o)
 .text.NVIC_SystemHandlerPriorityConfig
                0x00000000        0x0 C:\Program Files (x86)\Raisonance\Ride\Lib\ARM\STM32F10x_thumb.lib(stm32f10x_nvic.o)
 .text.NVIC_GetSystemHandlerPendingBitStatus
                0x00000000        0x0 C:\Program Files (x86)\Raisonance\Ride\Lib\ARM\STM32F10x_thumb.lib(stm32f10x_nvic.o)
 .text.NVIC_SetSystemHandlerPendingBit
                0x00000000        0x0 C:\Program Files (x86)\Raisonance\Ride\Lib\ARM\STM32F10x_thumb.lib(stm32f10x_nvic.o)
 .text.NVIC_ClearSystemHandlerPendingBit
                0x00000000        0x0 C:\Program Files (x86)\Raisonance\Ride\Lib\ARM\STM32F10x_thumb.lib(stm32f10x_nvic.o)
 .text.NVIC_GetSystemHandlerActiveBitStatus
                0x00000000        0x0 C:\Program Files (x86)\Raisonance\Ride\Lib\ARM\STM32F10x_thumb.lib(stm32f10x_nvic.o)
 .text.NVIC_GetFaultHandlerSources
                0x00000000        0x0 C:\Program Files (x86)\Raisonance\Ride\Lib\ARM\STM32F10x_thumb.lib(stm32f10x_nvic.o)
 .text.NVIC_GetFaultAddress
                0x00000000        0x0 C:\Program Files (x86)\Raisonance\Ride\Lib\ARM\STM32F10x_thumb.lib(stm32f10x_nvic.o)
 .text.NVIC_GetBASEPRI
                0x00000000        0x0 C:\Program Files (x86)\Raisonance\Ride\Lib\ARM\STM32F10x_thumb.lib(stm32f10x_nvic.o)
 .text.NVIC_BASEPRICONFIG
                0x00000000        0x0 C:\Program Files (x86)\Raisonance\Ride\Lib\ARM\STM32F10x_thumb.lib(stm32f10x_nvic.o)
 .text.NVIC_RESETFAULTMASK
                0x00000000        0x0 C:\Program Files (x86)\Raisonance\Ride\Lib\ARM\STM32F10x_thumb.lib(stm32f10x_nvic.o)
 .text.NVIC_SETFAULTMASK
                0x00000000        0x0 C:\Program Files (x86)\Raisonance\Ride\Lib\ARM\STM32F10x_thumb.lib(stm32f10x_nvic.o)
 .text.NVIC_RESETPRIMASK
                0x00000000        0x0 C:\Program Files (x86)\Raisonance\Ride\Lib\ARM\STM32F10x_thumb.lib(stm32f10x_nvic.o)
 .text.NVIC_SETPRIMASK
                0x00000000        0x0 C:\Program Files (x86)\Raisonance\Ride\Lib\ARM\STM32F10x_thumb.lib(stm32f10x_nvic.o)
 .text          0x00000000        0x0 C:\Program Files (x86)\Raisonance\Ride\Lib\ARM\STM32F10x_thumb.lib(stm32f10x_rcc.o)
 .data          0x00000000        0x0 C:\Program Files (x86)\Raisonance\Ride\Lib\ARM\STM32F10x_thumb.lib(stm32f10x_rcc.o)
 .bss           0x00000000        0x0 C:\Program Files (x86)\Raisonance\Ride\Lib\ARM\STM32F10x_thumb.lib(stm32f10x_rcc.o)
 .text.RCC_AdjustHSICalibrationValue
                0x00000000        0x0 C:\Program Files (x86)\Raisonance\Ride\Lib\ARM\STM32F10x_thumb.lib(stm32f10x_rcc.o)
 .text.RCC_HSICmd
                0x00000000        0x0 C:\Program Files (x86)\Raisonance\Ride\Lib\ARM\STM32F10x_thumb.lib(stm32f10x_rcc.o)
 .text.RCC_ITConfig
                0x00000000        0x0 C:\Program Files (x86)\Raisonance\Ride\Lib\ARM\STM32F10x_thumb.lib(stm32f10x_rcc.o)
 .text.RCC_USBCLKConfig
                0x00000000        0x0 C:\Program Files (x86)\Raisonance\Ride\Lib\ARM\STM32F10x_thumb.lib(stm32f10x_rcc.o)
 .text.RCC_ADCCLKConfig
                0x00000000        0x0 C:\Program Files (x86)\Raisonance\Ride\Lib\ARM\STM32F10x_thumb.lib(stm32f10x_rcc.o)
 .text.RCC_LSEConfig
                0x00000000        0x0 C:\Program Files (x86)\Raisonance\Ride\Lib\ARM\STM32F10x_thumb.lib(stm32f10x_rcc.o)
 .text.RCC_LSICmd
                0x00000000        0x0 C:\Program Files (x86)\Raisonance\Ride\Lib\ARM\STM32F10x_thumb.lib(stm32f10x_rcc.o)
 .text.RCC_RTCCLKConfig
                0x00000000        0x0 C:\Program Files (x86)\Raisonance\Ride\Lib\ARM\STM32F10x_thumb.lib(stm32f10x_rcc.o)
 .text.RCC_RTCCLKCmd
                0x00000000        0x0 C:\Program Files (x86)\Raisonance\Ride\Lib\ARM\STM32F10x_thumb.lib(stm32f10x_rcc.o)
 .text.RCC_AHBPeriphClockCmd
                0x00000000        0x0 C:\Program Files (x86)\Raisonance\Ride\Lib\ARM\STM32F10x_thumb.lib(stm32f10x_rcc.o)
 .text.RCC_APB2PeriphResetCmd
                0x00000000        0x0 C:\Program Files (x86)\Raisonance\Ride\Lib\ARM\STM32F10x_thumb.lib(stm32f10x_rcc.o)
 .text.RCC_APB1PeriphResetCmd
                0x00000000        0x0 C:\Program Files (x86)\Raisonance\Ride\Lib\ARM\STM32F10x_thumb.lib(stm32f10x_rcc.o)
 .text.RCC_BackupResetCmd
                0x00000000        0x0 C:\Program Files (x86)\Raisonance\Ride\Lib\ARM\STM32F10x_thumb.lib(stm32f10x_rcc.o)
 .text.RCC_ClockSecuritySystemCmd
                0x00000000        0x0 C:\Program Files (x86)\Raisonance\Ride\Lib\ARM\STM32F10x_thumb.lib(stm32f10x_rcc.o)
 .text.RCC_MCOConfig
                0x00000000        0x0 C:\Program Files (x86)\Raisonance\Ride\Lib\ARM\STM32F10x_thumb.lib(stm32f10x_rcc.o)
 .text.RCC_ClearFlag
                0x00000000        0x0 C:\Program Files (x86)\Raisonance\Ride\Lib\ARM\STM32F10x_thumb.lib(stm32f10x_rcc.o)
 .text.RCC_GetITStatus
                0x00000000        0x0 C:\Program Files (x86)\Raisonance\Ride\Lib\ARM\STM32F10x_thumb.lib(stm32f10x_rcc.o)
 .text.RCC_ClearITPendingBit
                0x00000000        0x0 C:\Program Files (x86)\Raisonance\Ride\Lib\ARM\STM32F10x_thumb.lib(stm32f10x_rcc.o)
 .text          0x00000000        0x0 C:\Program Files (x86)\Raisonance\Ride\Lib\ARM\STM32F10x_thumb.lib(stm32f10x_usart.o)
 .data          0x00000000        0x0 C:\Program Files (x86)\Raisonance\Ride\Lib\ARM\STM32F10x_thumb.lib(stm32f10x_usart.o)
 .bss           0x00000000        0x0 C:\Program Files (x86)\Raisonance\Ride\Lib\ARM\STM32F10x_thumb.lib(stm32f10x_usart.o)
 .text.USART_StructInit
                0x00000000        0x0 C:\Program Files (x86)\Raisonance\Ride\Lib\ARM\STM32F10x_thumb.lib(stm32f10x_usart.o)
 .text.USART_ClockInit
                0x00000000        0x0 C:\Program Files (x86)\Raisonance\Ride\Lib\ARM\STM32F10x_thumb.lib(stm32f10x_usart.o)
 .text.USART_ClockStructInit
                0x00000000        0x0 C:\Program Files (x86)\Raisonance\Ride\Lib\ARM\STM32F10x_thumb.lib(stm32f10x_usart.o)
 .text.USART_ITConfig
                0x00000000        0x0 C:\Program Files (x86)\Raisonance\Ride\Lib\ARM\STM32F10x_thumb.lib(stm32f10x_usart.o)
 .text.USART_DMACmd
                0x00000000        0x0 C:\Program Files (x86)\Raisonance\Ride\Lib\ARM\STM32F10x_thumb.lib(stm32f10x_usart.o)
 .text.USART_SetAddress
                0x00000000        0x0 C:\Program Files (x86)\Raisonance\Ride\Lib\ARM\STM32F10x_thumb.lib(stm32f10x_usart.o)
 .text.USART_WakeUpConfig
                0x00000000        0x0 C:\Program Files (x86)\Raisonance\Ride\Lib\ARM\STM32F10x_thumb.lib(stm32f10x_usart.o)
 .text.USART_ReceiverWakeUpCmd
                0x00000000        0x0 C:\Program Files (x86)\Raisonance\Ride\Lib\ARM\STM32F10x_thumb.lib(stm32f10x_usart.o)
 .text.USART_LINBreakDetectLengthConfig
                0x00000000        0x0 C:\Program Files (x86)\Raisonance\Ride\Lib\ARM\STM32F10x_thumb.lib(stm32f10x_usart.o)
 .text.USART_LINCmd
                0x00000000        0x0 C:\Program Files (x86)\Raisonance\Ride\Lib\ARM\STM32F10x_thumb.lib(stm32f10x_usart.o)
 .text.USART_ReceiveData
                0x00000000        0x0 C:\Program Files (x86)\Raisonance\Ride\Lib\ARM\STM32F10x_thumb.lib(stm32f10x_usart.o)
 .text.USART_SendBreak
                0x00000000        0x0 C:\Program Files (x86)\Raisonance\Ride\Lib\ARM\STM32F10x_thumb.lib(stm32f10x_usart.o)
 .text.USART_SetGuardTime
                0x00000000        0x0 C:\Program Files (x86)\Raisonance\Ride\Lib\ARM\STM32F10x_thumb.lib(stm32f10x_usart.o)
 .text.USART_SetPrescaler
                0x00000000        0x0 C:\Program Files (x86)\Raisonance\Ride\Lib\ARM\STM32F10x_thumb.lib(stm32f10x_usart.o)
 .text.USART_SmartCardCmd
                0x00000000        0x0 C:\Program Files (x86)\Raisonance\Ride\Lib\ARM\STM32F10x_thumb.lib(stm32f10x_usart.o)
 .text.USART_SmartCardNACKCmd
                0x00000000        0x0 C:\Program Files (x86)\Raisonance\Ride\Lib\ARM\STM32F10x_thumb.lib(stm32f10x_usart.o)
 .text.USART_HalfDuplexCmd
                0x00000000        0x0 C:\Program Files (x86)\Raisonance\Ride\Lib\ARM\STM32F10x_thumb.lib(stm32f10x_usart.o)
 .text.USART_IrDAConfig
                0x00000000        0x0 C:\Program Files (x86)\Raisonance\Ride\Lib\ARM\STM32F10x_thumb.lib(stm32f10x_usart.o)
 .text.USART_IrDACmd
                0x00000000        0x0 C:\Program Files (x86)\Raisonance\Ride\Lib\ARM\STM32F10x_thumb.lib(stm32f10x_usart.o)
 .text.USART_ClearFlag
                0x00000000        0x0 C:\Program Files (x86)\Raisonance\Ride\Lib\ARM\STM32F10x_thumb.lib(stm32f10x_usart.o)
 .text.USART_GetITStatus
                0x00000000        0x0 C:\Program Files (x86)\Raisonance\Ride\Lib\ARM\STM32F10x_thumb.lib(stm32f10x_usart.o)
 .text.USART_ClearITPendingBit
                0x00000000        0x0 C:\Program Files (x86)\Raisonance\Ride\Lib\ARM\STM32F10x_thumb.lib(stm32f10x_usart.o)
 .text.USART_DeInit
                0x00000000        0x0 C:\Program Files (x86)\Raisonance\Ride\Lib\ARM\STM32F10x_thumb.lib(stm32f10x_usart.o)
 .text          0x00000000        0x0 C:\Program Files (x86)\Raisonance\Ride\Lib\ARM\STM32F10x_thumb.lib(cortexm3_macro.o)
 .data          0x00000000        0x0 C:\Program Files (x86)\Raisonance\Ride\Lib\ARM\STM32F10x_thumb.lib(cortexm3_macro.o)
 .bss           0x00000000        0x0 C:\Program Files (x86)\Raisonance\Ride\Lib\ARM\STM32F10x_thumb.lib(cortexm3_macro.o)

Memory Configuration

Name             Origin             Length             Attributes
RAM              0x20000000         0x00008000         xrw
FLASH            0x08000000         0x00008000         xr
FLASHPATCH       0x00000000         0x00000000         r
ENDFLASH         0x00000000         0x00000000         xr
FLASHB1          0x00000000         0x00000000         xr
EXTMEMB0         0x00000000         0x00000000         xr
EXTMEMB1         0x00000000         0x00000000         xr
EXTMEMB2         0x00000000         0x00000000         xr
EXTMEMB3         0x00000000         0x00000000         xr
*default*        0x00000000         0xffffffff

Linker script and memory map

LOAD C:\Program Files (x86)\Raisonance\Ride\lib\ARM\crt0_STM32x.o
LOAD E:\Robot\STM32\Software\config.o
LOAD E:\Robot\STM32\Software\$(NodeName).o
LOAD E:\Robot\STM32\Software\main.o
LOAD E:\Robot\STM32\Software\utils.o
START GROUP
LOAD C:\Program Files (x86)\Raisonance\Ride\Lib\ARM\STM32x_io_putchar_thumb.a
LOAD C:\Program Files (x86)\Raisonance\Ride\Lib\ARM\std_sbrk_thumb.lib
LOAD C:\Program Files (x86)\Raisonance\Ride\Lib\ARM\smallprintf_thumb.a
LOAD C:\Program Files (x86)\Raisonance\Ride\Lib\ARM\STM32F10x_thumb.lib
LOAD c:/program files (x86)/raisonance/ride/arm-gcc/bin/../lib/gcc/arm-none-eabi/4.3.2/../../../../arm-none-eabi/lib/thumb2\libc.a
LOAD c:/program files (x86)/raisonance/ride/arm-gcc/bin/../lib/gcc/arm-none-eabi/4.3.2/../../../../arm-none-eabi/lib/thumb2\libm.a
END GROUP
                0x00000400                __Stack_Size = 0x400
                0x00000400                PROVIDE (_Stack_Size, __Stack_Size)
                0x20007c00                __Stack_Init = (_estack - __Stack_Size)
                0x20007c00                PROVIDE (_Stack_Init, __Stack_Init)
                0x00000100                _Minimum_Stack_Size = 0x100
                0x00000000                PROVIDE (Undefined_Handler, 0x0)
                0x00000000                PROVIDE (SWI_Handler, 0x0)
                0x00000000                PROVIDE (IRQ_Handler, 0x0)
                0x00000000                PROVIDE (Prefetch_Handler, 0x0)
                0x00000000                PROVIDE (Abort_Handler, 0x0)
                0x00000000                PROVIDE (FIQ_Handler, 0x0)
                0x00000000                PROVIDE (NMIException, 0x0)
                0x00000000                PROVIDE (NMI_Handler, 0x0)
                0x00000000                PROVIDE (HardFaultException, 0x0)
                0x00000000                PROVIDE (HardFault_Handler, 0x0)
                0x00000000                PROVIDE (MemManageException, 0x0)
                0x00000000                PROVIDE (MemManage_Handler, 0x0)
                0x00000000                PROVIDE (BusFaultException, 0x0)
                0x00000000                PROVIDE (BusFault_Handler, 0x0)
                0x00000000                PROVIDE (UsageFaultException, 0x0)
                0x00000000                PROVIDE (UsageFault_Handler, 0x0)
                0x00000000                PROVIDE (SVCHandler, 0x0)
                0x00000000                PROVIDE (SVC_Handler, 0x0)
                0x00000000                PROVIDE (DebugMonitor, 0x0)
                0x00000000                PROVIDE (DebugMon_Handler, 0x0)
                0x00000000                PROVIDE (PendSVC, 0x0)
                0x00000000                PROVIDE (PendSV_Handler, 0x0)
                0x00000000                PROVIDE (SysTickHandler, 0x0)
                0x00000000                PROVIDE (SysTick_Handler, 0x0)
                0x00000000                PROVIDE (WWDG_IRQHandler, 0x0)
                0x00000000                PROVIDE (PVD_IRQHandler, 0x0)
                0x00000000                PROVIDE (TAMPER_IRQHandler, 0x0)
                0x00000000                PROVIDE (RTC_IRQHandler, 0x0)
                0x00000000                PROVIDE (FLASH_IRQHandler, 0x0)
                0x00000000                PROVIDE (RCC_IRQHandler, 0x0)
                0x00000000                PROVIDE (EXTI0_IRQHandler, 0x0)
                0x00000000                PROVIDE (EXTI1_IRQHandler, 0x0)
                0x00000000                PROVIDE (EXTI2_IRQHandler, 0x0)
                0x00000000                PROVIDE (EXTI3_IRQHandler, 0x0)
                0x00000000                PROVIDE (EXTI4_IRQHandler, 0x0)
                0x00000000                PROVIDE (DMAChannel1_IRQHandler, 0x0)
                0x00000000                PROVIDE (DMAChannel2_IRQHandler, 0x0)
                0x00000000                PROVIDE (DMAChannel3_IRQHandler, 0x0)
                0x00000000                PROVIDE (DMAChannel4_IRQHandler, 0x0)
                0x00000000                PROVIDE (DMAChannel5_IRQHandler, 0x0)
                0x00000000                PROVIDE (DMAChannel6_IRQHandler, 0x0)
                0x00000000                PROVIDE (DMAChannel7_IRQHandler, 0x0)
                0x00000000                PROVIDE (DMA1_Channel1_IRQHandler, 0x0)
                0x00000000                PROVIDE (DMA1_Channel2_IRQHandler, 0x0)
                0x00000000                PROVIDE (DMA1_Channel3_IRQHandler, 0x0)
                0x00000000                PROVIDE (DMA1_Channel4_IRQHandler, 0x0)
                0x00000000                PROVIDE (DMA1_Channel5_IRQHandler, 0x0)
                0x00000000                PROVIDE (DMA1_Channel6_IRQHandler, 0x0)
                0x00000000                PROVIDE (DMA1_Channel7_IRQHandler, 0x0)
                0x00000000                PROVIDE (ADC_IRQHandler, 0x0)
                0x00000000                PROVIDE (ADC1_2_IRQHandler, 0x0)
                0x00000000                PROVIDE (USB_HP_CAN_TX_IRQHandler, 0x0)
                0x00000000                PROVIDE (USB_HP_CAN1_TX_IRQHandler, 0x0)
                0x00000000                PROVIDE (USB_LP_CAN_RX0_IRQHandler, 0x0)
                0x00000000                PROVIDE (USB_LP_CAN1_RX0_IRQHandler, 0x0)
                0x00000000                PROVIDE (CAN_RX1_IRQHandler, 0x0)
                0x00000000                PROVIDE (CAN1_RX1_IRQHandler, 0x0)
                0x00000000                PROVIDE (CAN_SCE_IRQHandler, 0x0)
                0x00000000                PROVIDE (CAN1_SCE_IRQHandler, 0x0)
                0x00000000                PROVIDE (EXTI9_5_IRQHandler, 0x0)
                0x00000000                PROVIDE (TIM1_BRK_IRQHandler, 0x0)
                0x00000000                PROVIDE (TIM1_UP_IRQHandler, 0x0)
                0x00000000                PROVIDE (TIM1_TRG_COM_IRQHandler, 0x0)
                0x00000000                PROVIDE (TIM1_CC_IRQHandler, 0x0)
                0x00000000                PROVIDE (TIM2_IRQHandler, 0x0)
                0x00000000                PROVIDE (TIM3_IRQHandler, 0x0)
                0x00000000                PROVIDE (TIM4_IRQHandler, 0x0)
                0x00000000                PROVIDE (I2C1_EV_IRQHandler, 0x0)
                0x00000000                PROVIDE (I2C1_ER_IRQHandler, 0x0)
                0x00000000                PROVIDE (I2C2_EV_IRQHandler, 0x0)
                0x00000000                PROVIDE (I2C2_ER_IRQHandler, 0x0)
                0x00000000                PROVIDE (SPI1_IRQHandler, 0x0)
                0x00000000                PROVIDE (SPI2_IRQHandler, 0x0)
                0x00000000                PROVIDE (USART1_IRQHandler, 0x0)
                0x00000000                PROVIDE (USART2_IRQHandler, 0x0)
                0x00000000                PROVIDE (USART3_IRQHandler, 0x0)
                0x00000000                PROVIDE (EXTI15_10_IRQHandler, 0x0)
                0x00000000                PROVIDE (RTCAlarm_IRQHandler, 0x0)
                0x00000000                PROVIDE (USBWakeUp_IRQHandler, 0x0)
                0x00000000                PROVIDE (TIM8_BRK_IRQHandler, 0x0)
                0x00000000                PROVIDE (TIM8_UP_IRQHandler, 0x0)
                0x00000000                PROVIDE (TIM8_TRG_COM_IRQHandler, 0x0)
                0x00000000                PROVIDE (TIM8_CC_IRQHandler, 0x0)
                0x00000000                PROVIDE (ADC3_IRQHandler, 0x0)
                0x00000000                PROVIDE (FSMC_IRQHandler, 0x0)
                0x00000000                PROVIDE (SDIO_IRQHandler, 0x0)
                0x00000000                PROVIDE (TIM5_IRQHandler, 0x0)
                0x00000000                PROVIDE (SPI3_IRQHandler, 0x0)
                0x00000000                PROVIDE (UART4_IRQHandler, 0x0)
                0x00000000                PROVIDE (UART5_IRQHandler, 0x0)
                0x00000000                PROVIDE (TIM6_IRQHandler, 0x0)
                0x00000000                PROVIDE (TIM7_IRQHandler, 0x0)
                0x00000000                PROVIDE (DMA2_Channel1_IRQHandler, 0x0)
                0x00000000                PROVIDE (DMA2_Channel2_IRQHandler, 0x0)
                0x00000000                PROVIDE (DMA2_Channel3_IRQHandler, 0x0)
                0x00000000                PROVIDE (DMA2_Channel4_5_IRQHandler, 0x0)
                0x42000000                PERIPH_BB_BASE = 0x42000000
                0x22000000                SRAM_BB_BASE = 0x22000000
                0x20000000                SRAM_BASE = 0x20000000
                0x40000000                PERIPH_BASE = 0x40000000
                0x40022000                PROVIDE (FLASH_BASE, 0x40022000)
                0x1ffff800                PROVIDE (OB_BASE, 0x1ffff800)
                0x40000000                APB1PERIPH_BASE = PERIPH_BASE
                0x40010000                APB2PERIPH_BASE = (PERIPH_BASE + 0x10000)
                0x40020000                AHBPERIPH_BASE = (PERIPH_BASE + 0x20000)
                0x40000000                PROVIDE (TIM2, (APB1PERIPH_BASE + 0x0))
                0x40000400                PROVIDE (TIM3, (APB1PERIPH_BASE + 0x400))
                0x40000800                PROVIDE (TIM4, (APB1PERIPH_BASE + 0x800))
                0x40002800                PROVIDE (RTC, (APB1PERIPH_BASE + 0x2800))
                0x40002c00                PROVIDE (WWDG, (APB1PERIPH_BASE + 0x2c00))
                0x40003000                PROVIDE (IWDG, (APB1PERIPH_BASE + 0x3000))
                0x40003800                PROVIDE (SPI2, (APB1PERIPH_BASE + 0x3800))
                0x40004400                PROVIDE (USART2, (APB1PERIPH_BASE + 0x4400))
                0x40004800                PROVIDE (USART3, (APB1PERIPH_BASE + 0x4800))
                0x40005400                PROVIDE (I2C1, (APB1PERIPH_BASE + 0x5400))
                0x40005800                PROVIDE (I2C2, (APB1PERIPH_BASE + 0x5800))
                0x40006400                PROVIDE (CAN, (APB1PERIPH_BASE + 0x6400))
                0x40006c00                PROVIDE (BKP, (APB1PERIPH_BASE + 0x6c00))
                0x40007000                PROVIDE (PWR, (APB1PERIPH_BASE + 0x7000))
                0x40010000                PROVIDE (AFIO, (APB2PERIPH_BASE + 0x0))
                0x40010400                PROVIDE (EXTI, (APB2PERIPH_BASE + 0x400))
                0x40010800                PROVIDE (GPIOA, (APB2PERIPH_BASE + 0x800))
                0x40010c00                PROVIDE (GPIOB, (APB2PERIPH_BASE + 0xc00))
                0x40011000                PROVIDE (GPIOC, (APB2PERIPH_BASE + 0x1000))
                0x40011400                PROVIDE (GPIOD, (APB2PERIPH_BASE + 0x1400))
                0x40011800                PROVIDE (GPIOE, (APB2PERIPH_BASE + 0x1800))
                0x40012400                PROVIDE (ADC1, (APB2PERIPH_BASE + 0x2400))
                0x40012800                PROVIDE (ADC2, (APB2PERIPH_BASE + 0x2800))
                0x40012c00                PROVIDE (TIM1, (APB2PERIPH_BASE + 0x2c00))
                0x40013000                PROVIDE (SPI1, (APB2PERIPH_BASE + 0x3000))
                0x40013800                PROVIDE (USART1, (APB2PERIPH_BASE + 0x3800))
                0x40020000                PROVIDE (DMA, (AHBPERIPH_BASE + 0x0))
                0x40020008                PROVIDE (DMA_Channel1, (AHBPERIPH_BASE + 0x8))
                0x4002001c                PROVIDE (DMA_Channel2, (AHBPERIPH_BASE + 0x1c))
                0x40020030                PROVIDE (DMA_Channel3, (AHBPERIPH_BASE + 0x30))
                0x40020044                PROVIDE (DMA_Channel4, (AHBPERIPH_BASE + 0x44))
                0x40020058                PROVIDE (DMA_Channel5, (AHBPERIPH_BASE + 0x58))
                0x4002006c                PROVIDE (DMA_Channel6, (AHBPERIPH_BASE + 0x6c))
                0x40020080                PROVIDE (DMA_Channel7, (AHBPERIPH_BASE + 0x80))
                0x40021000                PROVIDE (RCC, (AHBPERIPH_BASE + 0x1000))
                0xe000e000                SCS_BASE = 0xe000e000
                0xe000e010                PROVIDE (SysTick, (SCS_BASE + 0x10))
                0xe000e100                PROVIDE (NVIC, (SCS_BASE + 0x100))
                0xe000ed00                PROVIDE (SCB, (SCS_BASE + 0xd00))
                0x20008000                _estack = 0x20008000

.isr_vector     0x08000000      0x10c
                0x08000000                . = ALIGN (0x4)
 *(.isr_vector)
 .isr_vector    0x08000000      0x10c C:\Program Files (x86)\Raisonance\Ride\lib\ARM\crt0_STM32x.o
                0x08000000                g_pfnVectors
                0x0800010c                . = ALIGN (0x4)

.flashtext      0x0800010c        0x0
                0x0800010c                . = ALIGN (0x4)
 *(.flashtext)
                0x0800010c                . = ALIGN (0x4)

.text           0x0800010c      0x794
                0x0800010c                . = ALIGN (0x4)
 *(.text)
 *(.text.*)
 .text.Reset_Handler
                0x0800010c       0x88 C:\Program Files (x86)\Raisonance\Ride\lib\ARM\crt0_STM32x.o
                0x0800010c                Reset_Handler
 .text.NVIC_config
                0x08000194       0x10 E:\Robot\STM32\Software\config.o
                0x08000194                NVIC_config
 .text.RCC_config
                0x080001a4       0x68 E:\Robot\STM32\Software\config.o
                0x080001a4                RCC_config
 .text.GPIO_config
                0x0800020c       0x34 E:\Robot\STM32\Software\config.o
                0x0800020c                GPIO_config
 .text.UART_config
                0x08000240       0x90 E:\Robot\STM32\Software\config.o
                0x08000240                UART_config
 .text.main     0x080002d0       0x48 E:\Robot\STM32\Software\main.o
                0x080002d0                main
 .text.__io_init
                0x08000318       0xac C:\Program Files (x86)\Raisonance\Ride\Lib\ARM\STM32x_io_putchar_thumb.a(STM32F10X_IO_putchar.o)
                0x08000318                __io_init
 .text.__io_putchar
                0x080003c4       0x4c C:\Program Files (x86)\Raisonance\Ride\Lib\ARM\STM32x_io_putchar_thumb.a(STM32F10X_IO_putchar.o)
                0x080003c4                __io_putchar
 .text._write   0x08000410        0x4 C:\Program Files (x86)\Raisonance\Ride\Lib\ARM\std_sbrk_thumb.lib(write.o)
                0x08000410                _write
 .text.FLASH_SetLatency
                0x08000414       0x18 C:\Program Files (x86)\Raisonance\Ride\Lib\ARM\STM32F10x_thumb.lib(stm32f10x_flash.o)
                0x08000414                FLASH_SetLatency
 .text.FLASH_PrefetchBufferCmd
                0x0800042c       0x18 C:\Program Files (x86)\Raisonance\Ride\Lib\ARM\STM32F10x_thumb.lib(stm32f10x_flash.o)
                0x0800042c                FLASH_PrefetchBufferCmd
 .text.GPIO_Init
                0x08000444       0xd8 C:\Program Files (x86)\Raisonance\Ride\Lib\ARM\STM32F10x_thumb.lib(stm32f10x_gpio.o)
                0x08000444                GPIO_Init
 .text.GPIO_Write
                0x0800051c        0x4 C:\Program Files (x86)\Raisonance\Ride\Lib\ARM\STM32F10x_thumb.lib(stm32f10x_gpio.o)
                0x0800051c                GPIO_Write
 .text.NVIC_SetVectorTable
                0x08000520       0x18 C:\Program Files (x86)\Raisonance\Ride\Lib\ARM\STM32F10x_thumb.lib(stm32f10x_nvic.o)
                0x08000520                NVIC_SetVectorTable
 .text.RCC_DeInit
                0x08000538       0x44 C:\Program Files (x86)\Raisonance\Ride\Lib\ARM\STM32F10x_thumb.lib(stm32f10x_rcc.o)
                0x08000538                RCC_DeInit
 .text.RCC_HSEConfig
                0x0800057c       0x38 C:\Program Files (x86)\Raisonance\Ride\Lib\ARM\STM32F10x_thumb.lib(stm32f10x_rcc.o)
                0x0800057c                RCC_HSEConfig
 .text.RCC_WaitForHSEStartUp
                0x080005b4       0x40 C:\Program Files (x86)\Raisonance\Ride\Lib\ARM\STM32F10x_thumb.lib(stm32f10x_rcc.o)
                0x080005b4                RCC_WaitForHSEStartUp
 .text.RCC_PLLConfig
                0x080005f4       0x18 C:\Program Files (x86)\Raisonance\Ride\Lib\ARM\STM32F10x_thumb.lib(stm32f10x_rcc.o)
                0x080005f4                RCC_PLLConfig
 .text.RCC_PLLCmd
                0x0800060c        0xc C:\Program Files (x86)\Raisonance\Ride\Lib\ARM\STM32F10x_thumb.lib(stm32f10x_rcc.o)
                0x0800060c                RCC_PLLCmd
 .text.RCC_SYSCLKConfig
                0x08000618       0x14 C:\Program Files (x86)\Raisonance\Ride\Lib\ARM\STM32F10x_thumb.lib(stm32f10x_rcc.o)
                0x08000618                RCC_SYSCLKConfig
 .text.RCC_GetSYSCLKSource
                0x0800062c       0x10 C:\Program Files (x86)\Raisonance\Ride\Lib\ARM\STM32F10x_thumb.lib(stm32f10x_rcc.o)
                0x0800062c                RCC_GetSYSCLKSource
 .text.RCC_HCLKConfig
                0x0800063c       0x14 C:\Program Files (x86)\Raisonance\Ride\Lib\ARM\STM32F10x_thumb.lib(stm32f10x_rcc.o)
                0x0800063c                RCC_HCLKConfig
 .text.RCC_PCLK1Config
                0x08000650       0x14 C:\Program Files (x86)\Raisonance\Ride\Lib\ARM\STM32F10x_thumb.lib(stm32f10x_rcc.o)
                0x08000650                RCC_PCLK1Config
 .text.RCC_PCLK2Config
                0x08000664       0x18 C:\Program Files (x86)\Raisonance\Ride\Lib\ARM\STM32F10x_thumb.lib(stm32f10x_rcc.o)
                0x08000664                RCC_PCLK2Config
 .text.RCC_GetClocksFreq
                0x0800067c       0xb0 C:\Program Files (x86)\Raisonance\Ride\Lib\ARM\STM32F10x_thumb.lib(stm32f10x_rcc.o)
                0x0800067c                RCC_GetClocksFreq
 .text.RCC_APB2PeriphClockCmd
                0x0800072c       0x28 C:\Program Files (x86)\Raisonance\Ride\Lib\ARM\STM32F10x_thumb.lib(stm32f10x_rcc.o)
                0x0800072c                RCC_APB2PeriphClockCmd
 .text.RCC_APB1PeriphClockCmd
                0x08000754       0x28 C:\Program Files (x86)\Raisonance\Ride\Lib\ARM\STM32F10x_thumb.lib(stm32f10x_rcc.o)
                0x08000754                RCC_APB1PeriphClockCmd
 .text.RCC_GetFlagStatus
                0x0800077c       0x3c C:\Program Files (x86)\Raisonance\Ride\Lib\ARM\STM32F10x_thumb.lib(stm32f10x_rcc.o)
                0x0800077c                RCC_GetFlagStatus
 .text.USART_Cmd
                0x080007b8       0x1c C:\Program Files (x86)\Raisonance\Ride\Lib\ARM\STM32F10x_thumb.lib(stm32f10x_usart.o)
                0x080007b8                USART_Cmd
 .text.USART_SendData
                0x080007d4        0x8 C:\Program Files (x86)\Raisonance\Ride\Lib\ARM\STM32F10x_thumb.lib(stm32f10x_usart.o)
                0x080007d4                USART_SendData
 .text.USART_GetFlagStatus
                0x080007dc        0xc C:\Program Files (x86)\Raisonance\Ride\Lib\ARM\STM32F10x_thumb.lib(stm32f10x_usart.o)
                0x080007dc                USART_GetFlagStatus
 .text.USART_Init
                0x080007e8       0xa4 C:\Program Files (x86)\Raisonance\Ride\Lib\ARM\STM32F10x_thumb.lib(stm32f10x_usart.o)
                0x080007e8                USART_Init
 *(.rodata)
 .rodata        0x0800088c       0x14 C:\Program Files (x86)\Raisonance\Ride\Lib\ARM\STM32F10x_thumb.lib(stm32f10x_rcc.o)
 *(.rodata*)
 *(.glue_7)
 .glue_7        0x080008a0        0x0 C:\Program Files (x86)\Raisonance\Ride\lib\ARM\crt0_STM32x.o
 .glue_7        0x080008a0        0x0 E:\Robot\STM32\Software\config.o
 .glue_7        0x080008a0        0x0 E:\Robot\STM32\Software\$(NodeName).o
 .glue_7        0x080008a0        0x0 E:\Robot\STM32\Software\main.o
 .glue_7        0x080008a0        0x0 E:\Robot\STM32\Software\utils.o
 .glue_7        0x080008a0        0x0 C:\Program Files (x86)\Raisonance\Ride\Lib\ARM\STM32x_io_putchar_thumb.a(STM32F10X_IO_putchar.o)
 .glue_7        0x080008a0        0x0 C:\Program Files (x86)\Raisonance\Ride\Lib\ARM\std_sbrk_thumb.lib(write.o)
 .glue_7        0x080008a0        0x0 C:\Program Files (x86)\Raisonance\Ride\Lib\ARM\STM32F10x_thumb.lib(stm32f10x_flash.o)
 .glue_7        0x080008a0        0x0 C:\Program Files (x86)\Raisonance\Ride\Lib\ARM\STM32F10x_thumb.lib(stm32f10x_gpio.o)
 .glue_7        0x080008a0        0x0 C:\Program Files (x86)\Raisonance\Ride\Lib\ARM\STM32F10x_thumb.lib(stm32f10x_nvic.o)
 .glue_7        0x080008a0        0x0 C:\Program Files (x86)\Raisonance\Ride\Lib\ARM\STM32F10x_thumb.lib(stm32f10x_rcc.o)
 .glue_7        0x080008a0        0x0 C:\Program Files (x86)\Raisonance\Ride\Lib\ARM\STM32F10x_thumb.lib(stm32f10x_usart.o)
 .glue_7        0x080008a0        0x0 C:\Program Files (x86)\Raisonance\Ride\Lib\ARM\STM32F10x_thumb.lib(cortexm3_macro.o)
 *(.glue_7t)
 .glue_7t       0x080008a0        0x0 C:\Program Files (x86)\Raisonance\Ride\lib\ARM\crt0_STM32x.o
 .glue_7t       0x080008a0        0x0 E:\Robot\STM32\Software\config.o
 .glue_7t       0x080008a0        0x0 E:\Robot\STM32\Software\$(NodeName).o
 .glue_7t       0x080008a0        0x0 E:\Robot\STM32\Software\main.o
 .glue_7t       0x080008a0        0x0 E:\Robot\STM32\Software\utils.o
 .glue_7t       0x080008a0        0x0 C:\Program Files (x86)\Raisonance\Ride\Lib\ARM\STM32x_io_putchar_thumb.a(STM32F10X_IO_putchar.o)
 .glue_7t       0x080008a0        0x0 C:\Program Files (x86)\Raisonance\Ride\Lib\ARM\std_sbrk_thumb.lib(write.o)
 .glue_7t       0x080008a0        0x0 C:\Program Files (x86)\Raisonance\Ride\Lib\ARM\STM32F10x_thumb.lib(stm32f10x_flash.o)
 .glue_7t       0x080008a0        0x0 C:\Program Files (x86)\Raisonance\Ride\Lib\ARM\STM32F10x_thumb.lib(stm32f10x_gpio.o)
 .glue_7t       0x080008a0        0x0 C:\Program Files (x86)\Raisonance\Ride\Lib\ARM\STM32F10x_thumb.lib(stm32f10x_nvic.o)
 .glue_7t       0x080008a0        0x0 C:\Program Files (x86)\Raisonance\Ride\Lib\ARM\STM32F10x_thumb.lib(stm32f10x_rcc.o)
 .glue_7t       0x080008a0        0x0 C:\Program Files (x86)\Raisonance\Ride\Lib\ARM\STM32F10x_thumb.lib(stm32f10x_usart.o)
 .glue_7t       0x080008a0        0x0 C:\Program Files (x86)\Raisonance\Ride\Lib\ARM\STM32F10x_thumb.lib(cortexm3_macro.o)
                0x080008a0                . = ALIGN (0x4)
                0x080008a0                _etext = .
                0x080008a0                _sidata = _etext

.vfp11_veneer   0x20000000        0x0
 .vfp11_veneer  0x20000000        0x0 C:\Program Files (x86)\Raisonance\Ride\lib\ARM\crt0_STM32x.o
 .vfp11_veneer  0x20000000        0x0 E:\Robot\STM32\Software\config.o
 .vfp11_veneer  0x20000000        0x0 E:\Robot\STM32\Software\$(NodeName).o
 .vfp11_veneer  0x20000000        0x0 E:\Robot\STM32\Software\main.o
 .vfp11_veneer  0x20000000        0x0 E:\Robot\STM32\Software\utils.o
 .vfp11_veneer  0x20000000        0x0 C:\Program Files (x86)\Raisonance\Ride\Lib\ARM\STM32x_io_putchar_thumb.a(STM32F10X_IO_putchar.o)
 .vfp11_veneer  0x20000000        0x0 C:\Program Files (x86)\Raisonance\Ride\Lib\ARM\std_sbrk_thumb.lib(write.o)
 .vfp11_veneer  0x20000000        0x0 C:\Program Files (x86)\Raisonance\Ride\Lib\ARM\STM32F10x_thumb.lib(stm32f10x_flash.o)
 .vfp11_veneer  0x20000000        0x0 C:\Program Files (x86)\Raisonance\Ride\Lib\ARM\STM32F10x_thumb.lib(stm32f10x_gpio.o)
 .vfp11_veneer  0x20000000        0x0 C:\Program Files (x86)\Raisonance\Ride\Lib\ARM\STM32F10x_thumb.lib(stm32f10x_nvic.o)
 .vfp11_veneer  0x20000000        0x0 C:\Program Files (x86)\Raisonance\Ride\Lib\ARM\STM32F10x_thumb.lib(stm32f10x_rcc.o)
 .vfp11_veneer  0x20000000        0x0 C:\Program Files (x86)\Raisonance\Ride\Lib\ARM\STM32F10x_thumb.lib(stm32f10x_usart.o)
 .vfp11_veneer  0x20000000        0x0 C:\Program Files (x86)\Raisonance\Ride\Lib\ARM\STM32F10x_thumb.lib(cortexm3_macro.o)

.janus_2cc_veneer
                0x20000000        0x0
 .janus_2cc_veneer
                0x20000000        0x0 C:\Program Files (x86)\Raisonance\Ride\lib\ARM\crt0_STM32x.o
 .janus_2cc_veneer
                0x20000000        0x0 E:\Robot\STM32\Software\config.o
 .janus_2cc_veneer
                0x20000000        0x0 E:\Robot\STM32\Software\$(NodeName).o
 .janus_2cc_veneer
                0x20000000        0x0 E:\Robot\STM32\Software\main.o
 .janus_2cc_veneer
                0x20000000        0x0 E:\Robot\STM32\Software\utils.o
 .janus_2cc_veneer
                0x20000000        0x0 C:\Program Files (x86)\Raisonance\Ride\Lib\ARM\STM32x_io_putchar_thumb.a(STM32F10X_IO_putchar.o)
 .janus_2cc_veneer
                0x20000000        0x0 C:\Program Files (x86)\Raisonance\Ride\Lib\ARM\std_sbrk_thumb.lib(write.o)
 .janus_2cc_veneer
                0x20000000        0x0 C:\Program Files (x86)\Raisonance\Ride\Lib\ARM\STM32F10x_thumb.lib(stm32f10x_flash.o)
 .janus_2cc_veneer
                0x20000000        0x0 C:\Program Files (x86)\Raisonance\Ride\Lib\ARM\STM32F10x_thumb.lib(stm32f10x_gpio.o)
 .janus_2cc_veneer
                0x20000000        0x0 C:\Program Files (x86)\Raisonance\Ride\Lib\ARM\STM32F10x_thumb.lib(stm32f10x_nvic.o)
 .janus_2cc_veneer
                0x20000000        0x0 C:\Program Files (x86)\Raisonance\Ride\Lib\ARM\STM32F10x_thumb.lib(stm32f10x_rcc.o)
 .janus_2cc_veneer
                0x20000000        0x0 C:\Program Files (x86)\Raisonance\Ride\Lib\ARM\STM32F10x_thumb.lib(stm32f10x_usart.o)
 .janus_2cc_veneer
                0x20000000        0x0 C:\Program Files (x86)\Raisonance\Ride\Lib\ARM\STM32F10x_thumb.lib(cortexm3_macro.o)

.v4_bx          0x20000000        0x0
 .v4_bx         0x20000000        0x0 C:\Program Files (x86)\Raisonance\Ride\lib\ARM\crt0_STM32x.o
 .v4_bx         0x20000000        0x0 E:\Robot\STM32\Software\config.o
 .v4_bx         0x20000000        0x0 E:\Robot\STM32\Software\$(NodeName).o
 .v4_bx         0x20000000        0x0 E:\Robot\STM32\Software\main.o
 .v4_bx         0x20000000        0x0 E:\Robot\STM32\Software\utils.o
 .v4_bx         0x20000000        0x0 C:\Program Files (x86)\Raisonance\Ride\Lib\ARM\STM32x_io_putchar_thumb.a(STM32F10X_IO_putchar.o)
 .v4_bx         0x20000000        0x0 C:\Program Files (x86)\Raisonance\Ride\Lib\ARM\std_sbrk_thumb.lib(write.o)
 .v4_bx         0x20000000        0x0 C:\Program Files (x86)\Raisonance\Ride\Lib\ARM\STM32F10x_thumb.lib(stm32f10x_flash.o)
 .v4_bx         0x20000000        0x0 C:\Program Files (x86)\Raisonance\Ride\Lib\ARM\STM32F10x_thumb.lib(stm32f10x_gpio.o)
 .v4_bx         0x20000000        0x0 C:\Program Files (x86)\Raisonance\Ride\Lib\ARM\STM32F10x_thumb.lib(stm32f10x_nvic.o)
 .v4_bx         0x20000000        0x0 C:\Program Files (x86)\Raisonance\Ride\Lib\ARM\STM32F10x_thumb.lib(stm32f10x_rcc.o)
 .v4_bx         0x20000000        0x0 C:\Program Files (x86)\Raisonance\Ride\Lib\ARM\STM32F10x_thumb.lib(stm32f10x_usart.o)
 .v4_bx         0x20000000        0x0 C:\Program Files (x86)\Raisonance\Ride\Lib\ARM\STM32F10x_thumb.lib(cortexm3_macro.o)

.flashpatch     0x00000000        0x0
                0x00000000                . = ALIGN (0x4)
 *(.flashpatch)
                0x00000000                . = ALIGN (0x4)

.endflash       0x00000000        0x0
                0x00000000                . = ALIGN (0x4)
 *(.endflash)
                0x00000000                . = ALIGN (0x4)

.data           0x20000000        0x0 load address 0x080008a0
                0x20000000                . = ALIGN (0x4)
                0x20000000                _sdata = .
 *(.data)
 *(.data.*)
 *(.RAMtext)
                0x20000000                . = ALIGN (0x4)
                0x20000000                _edata = .

.bss            0x20000000        0x4
                0x20000000                . = ALIGN (0x4)
                0x20000000                _sbss = .
 *(.bss)
 .bss           0x20000000        0x1 C:\Program Files (x86)\Raisonance\Ride\Lib\ARM\STM32x_io_putchar_thumb.a(STM32F10X_IO_putchar.o)
                0x20000000                __io_init_done
 *(COMMON)
                0x20000004                . = ALIGN (0x4)
 *fill*         0x20000001        0x3 00
                0x20000004                _ebss = .
                0x20000004                PROVIDE (end, _ebss)
                0x20000004                PROVIDE (_end, _ebss)

._usrstack      0x20000004      0x100
                0x20000004                . = ALIGN (0x4)
                0x20000004                _susrstack = .
                0x20000104                . = (. + _Minimum_Stack_Size)
 *fill*         0x20000004      0x100 00
                0x20000104                . = ALIGN (0x4)
                0x20000104                _eusrstack = .

.b1text
 *(.b1text)
 *(.b1rodata)
 *(.b1rodata*)

.eb0text
 *(.eb0text)
 *(.eb0rodata)
 *(.eb0rodata*)

.eb1text
 *(.eb1text)
 *(.eb1rodata)
 *(.eb1rodata*)

.eb2text
 *(.eb2text)
 *(.eb2rodata)
 *(.eb2rodata*)

.eb3text
 *(.eb3text)
 *(.eb3rodata)
 *(.eb3rodata*)
                0x20000104                __exidx_start = .
                0x20000104                __exidx_end = .

/DISCARD/
 libc.a(*)
 libm.a(*)
 libgcc.a(*)

.stab
 *(.stab)

.stabstr
 *(.stabstr)

.stab.excl
 *(.stab.excl)

.stab.exclstr
 *(.stab.exclstr)

.stab.index
 *(.stab.index)

.stab.indexstr
 *(.stab.indexstr)

.comment        0x00000000      0x1f8
 *(.comment)
 .comment       0x00000000       0x2a C:\Program Files (x86)\Raisonance\Ride\lib\ARM\crt0_STM32x.o
 .comment       0x0000002a       0x2a E:\Robot\STM32\Software\config.o
 .comment       0x00000054       0x2a E:\Robot\STM32\Software\$(NodeName).o
 .comment       0x0000007e       0x2a E:\Robot\STM32\Software\main.o
 .comment       0x000000a8       0x2a E:\Robot\STM32\Software\utils.o
 .comment       0x000000d2       0x2a C:\Program Files (x86)\Raisonance\Ride\Lib\ARM\STM32x_io_putchar_thumb.a(STM32F10X_IO_putchar.o)
 .comment       0x000000fc       0x2a C:\Program Files (x86)\Raisonance\Ride\Lib\ARM\std_sbrk_thumb.lib(write.o)
 .comment       0x00000126       0x2a C:\Program Files (x86)\Raisonance\Ride\Lib\ARM\STM32F10x_thumb.lib(stm32f10x_flash.o)
 .comment       0x00000150       0x2a C:\Program Files (x86)\Raisonance\Ride\Lib\ARM\STM32F10x_thumb.lib(stm32f10x_gpio.o)
 .comment       0x0000017a       0x2a C:\Program Files (x86)\Raisonance\Ride\Lib\ARM\STM32F10x_thumb.lib(stm32f10x_nvic.o)
 .comment       0x000001a4       0x2a C:\Program Files (x86)\Raisonance\Ride\Lib\ARM\STM32F10x_thumb.lib(stm32f10x_rcc.o)
 .comment       0x000001ce       0x2a C:\Program Files (x86)\Raisonance\Ride\Lib\ARM\STM32F10x_thumb.lib(stm32f10x_usart.o)

.debug
 *(.debug)

.line
 *(.line)

.debug_srcinfo
 *(.debug_srcinfo)

.debug_sfnames
 *(.debug_sfnames)

.debug_aranges  0x00000000       0x98
 *(.debug_aranges)
 .debug_aranges
                0x00000000       0x38 E:\Robot\STM32\Software\config.o
 .debug_aranges
                0x00000038       0x20 E:\Robot\STM32\Software\$(NodeName).o
 .debug_aranges
                0x00000058       0x20 E:\Robot\STM32\Software\main.o
 .debug_aranges
                0x00000078       0x20 E:\Robot\STM32\Software\utils.o

.debug_pubnames
                0x00000000       0xac
 *(.debug_pubnames)
 .debug_pubnames
                0x00000000       0x51 E:\Robot\STM32\Software\config.o
 .debug_pubnames
                0x00000051       0x24 E:\Robot\STM32\Software\$(NodeName).o
 .debug_pubnames
                0x00000075       0x1b E:\Robot\STM32\Software\main.o
 .debug_pubnames
                0x00000090       0x1c E:\Robot\STM32\Software\utils.o

.debug_info     0x00000000      0x749
 *(.debug_info .gnu.linkonce.wi.*)
 .debug_info    0x00000000      0x3b5 E:\Robot\STM32\Software\config.o
 .debug_info    0x000003b5      0x11e E:\Robot\STM32\Software\$(NodeName).o
 .debug_info    0x000004d3      0x1f9 E:\Robot\STM32\Software\main.o
 .debug_info    0x000006cc       0x7d E:\Robot\STM32\Software\utils.o

.debug_abbrev   0x00000000      0x2af
 *(.debug_abbrev)
 .debug_abbrev  0x00000000      0x10f E:\Robot\STM32\Software\config.o
 .debug_abbrev  0x0000010f       0x96 E:\Robot\STM32\Software\$(NodeName).o
 .debug_abbrev  0x000001a5       0xb7 E:\Robot\STM32\Software\main.o
 .debug_abbrev  0x0000025c       0x53 E:\Robot\STM32\Software\utils.o

.debug_line     0x00000000      0x30f
 *(.debug_line)
 .debug_line    0x00000000      0x159 E:\Robot\STM32\Software\config.o
 .debug_line    0x00000159       0xb0 E:\Robot\STM32\Software\$(NodeName).o
 .debug_line    0x00000209       0xb4 E:\Robot\STM32\Software\main.o
 .debug_line    0x000002bd       0x52 E:\Robot\STM32\Software\utils.o

.debug_frame    0x00000000       0xe8
 *(.debug_frame)
 .debug_frame   0x00000000       0x74 E:\Robot\STM32\Software\config.o
 .debug_frame   0x00000074       0x28 E:\Robot\STM32\Software\$(NodeName).o
 .debug_frame   0x0000009c       0x28 E:\Robot\STM32\Software\main.o
 .debug_frame   0x000000c4       0x24 E:\Robot\STM32\Software\utils.o

.debug_str      0x00000000      0x346
 *(.debug_str)
 .debug_str     0x00000000      0x2bd E:\Robot\STM32\Software\config.o
                                0x2c9 (size before relaxing)
 .debug_str     0x000002bd       0x38 E:\Robot\STM32\Software\$(NodeName).o
                                 0xa0 (size before relaxing)
 .debug_str     0x000002f5       0x24 E:\Robot\STM32\Software\main.o
                                 0xdd (size before relaxing)
 .debug_str     0x00000319       0x2d E:\Robot\STM32\Software\utils.o
                                 0x8b (size before relaxing)

.debug_loc      0x00000000      0x14d
 *(.debug_loc)
 .debug_loc     0x00000000       0x94 E:\Robot\STM32\Software\config.o
 .debug_loc     0x00000094       0x45 E:\Robot\STM32\Software\$(NodeName).o
 .debug_loc     0x000000d9       0x1f E:\Robot\STM32\Software\main.o
 .debug_loc     0x000000f8       0x55 E:\Robot\STM32\Software\utils.o

.debug_macinfo
 *(.debug_macinfo)

.debug_weaknames
 *(.debug_weaknames)

.debug_funcnames
 *(.debug_funcnames)

.debug_typenames
 *(.debug_typenames)

.debug_varnames
 *(.debug_varnames)
START GROUP
LOAD c:/program files (x86)/raisonance/ride/arm-gcc/bin/../lib/gcc/arm-none-eabi/4.3.2/thumb2\libgcc.a
LOAD c:/program files (x86)/raisonance/ride/arm-gcc/bin/../lib/gcc/arm-none-eabi/4.3.2/../../../../arm-none-eabi/lib/thumb2\libc.a
END GROUP
OUTPUT(E:\Robot\STM32\Software\Standard_project.elf elf32-littlearm)

.ARM.attributes
                0x00000000       0x31
 .ARM.attributes
                0x00000000       0x31 C:\Program Files (x86)\Raisonance\Ride\lib\ARM\crt0_STM32x.o
 .ARM.attributes
                0x00000031       0x31 E:\Robot\STM32\Software\config.o
 .ARM.attributes
                0x00000062       0x31 E:\Robot\STM32\Software\$(NodeName).o
 .ARM.attributes
                0x00000093       0x31 E:\Robot\STM32\Software\main.o
 .ARM.attributes
                0x000000c4       0x31 E:\Robot\STM32\Software\utils.o
 .ARM.attributes
                0x000000f5       0x31 C:\Program Files (x86)\Raisonance\Ride\Lib\ARM\STM32x_io_putchar_thumb.a(STM32F10X_IO_putchar.o)
 .ARM.attributes
                0x00000126       0x2e C:\Program Files (x86)\Raisonance\Ride\Lib\ARM\std_sbrk_thumb.lib(write.o)
 .ARM.attributes
                0x00000154       0x31 C:\Program Files (x86)\Raisonance\Ride\Lib\ARM\STM32F10x_thumb.lib(stm32f10x_flash.o)
 .ARM.attributes
                0x00000185       0x31 C:\Program Files (x86)\Raisonance\Ride\Lib\ARM\STM32F10x_thumb.lib(stm32f10x_gpio.o)
 .ARM.attributes
                0x000001b6       0x31 C:\Program Files (x86)\Raisonance\Ride\Lib\ARM\STM32F10x_thumb.lib(stm32f10x_nvic.o)
 .ARM.attributes
                0x000001e7       0x31 C:\Program Files (x86)\Raisonance\Ride\Lib\ARM\STM32F10x_thumb.lib(stm32f10x_rcc.o)
 .ARM.attributes
                0x00000218       0x31 C:\Program Files (x86)\Raisonance\Ride\Lib\ARM\STM32F10x_thumb.lib(stm32f10x_usart.o)
 .ARM.attributes
                0x00000249       0x21 C:\Program Files (x86)\Raisonance\Ride\Lib\ARM\STM32F10x_thumb.lib(cortexm3_macro.o)

.debug_ranges   0x00000000       0x78
 .debug_ranges  0x00000000       0x30 E:\Robot\STM32\Software\config.o
 .debug_ranges  0x00000030       0x18 E:\Robot\STM32\Software\$(NodeName).o
 .debug_ranges  0x00000048       0x18 E:\Robot\STM32\Software\main.o
 .debug_ranges  0x00000060       0x18 E:\Robot\STM32\Software\utils.o
