Archive member included because of file (symbol)

../stm32f4xx\libstm32f4xx.a(misc.o)
                              ./QS/QS_sys.o (NVIC_PriorityGroupConfig)
../stm32f4xx\libstm32f4xx.a(stm32f4xx_adc.o)
                              ./QS/QS_adc.o (ADC_Init)
../stm32f4xx\libstm32f4xx.a(stm32f4xx_can.o)
                              ./QS/QS_can.o (CAN_DeInit)
../stm32f4xx\libstm32f4xx.a(stm32f4xx_dma.o)
                              ./QS/QS_adc.o (DMA_Init)
../stm32f4xx\libstm32f4xx.a(stm32f4xx_exti.o)
                              ./QS/QS_external_it.o (EXTI_Init)
../stm32f4xx\libstm32f4xx.a(stm32f4xx_flash.o)
                              ./QS/QS_sys.o (FLASH_SetLatency)
../stm32f4xx\libstm32f4xx.a(stm32f4xx_gpio.o)
                              ./QS/QS_ports.o (GPIO_Init)
../stm32f4xx\libstm32f4xx.a(stm32f4xx_rcc.o)
                              ./QS/QS_sys.o (RCC_DeInit)
../stm32f4xx\libstm32f4xx.a(stm32f4xx_syscfg.o)
                              ./QS/QS_external_it.o (SYSCFG_EXTILineConfig)
../stm32f4xx\libstm32f4xx.a(stm32f4xx_tim.o)
                              ./QS/QS_pwm.o (TIM_TimeBaseInit)
../stm32f4xx\libstm32f4xx.a(stm32f4xx_usart.o)
                              ./QS/impl/QS_uart_stm32f4.o (USART_Init)
../stm32f4xx\libstm32f4xx.a(system_stm32f4xx.o)
                              ./QS/startup_stm32f40xx.o (SystemInit)
c:/program files (x86)/eclipse-arm-eseo/gcc-arm-none-eabi-4_7-2013q2-20130614-win32/gnu tools arm embedded/4.7 2013q2/bin/../lib/gcc/arm-none-eabi/4.7.4/armv7e-m\libgcc.a(_arm_addsubdf3.o)
                              ./maths_home.o (__aeabi_i2d)
c:/program files (x86)/eclipse-arm-eseo/gcc-arm-none-eabi-4_7-2013q2-20130614-win32/gnu tools arm embedded/4.7 2013q2/bin/../lib/gcc/arm-none-eabi/4.7.4/armv7e-m\libgcc.a(_arm_muldivdf3.o)
                              ./maths_home.o (__aeabi_dmul)
c:/program files (x86)/eclipse-arm-eseo/gcc-arm-none-eabi-4_7-2013q2-20130614-win32/gnu tools arm embedded/4.7 2013q2/bin/../lib/gcc/arm-none-eabi/4.7.4/armv7e-m\libgcc.a(_arm_fixdfsi.o)
                              ./maths_home.o (__aeabi_d2iz)
c:/program files (x86)/eclipse-arm-eseo/gcc-arm-none-eabi-4_7-2013q2-20130614-win32/gnu tools arm embedded/4.7 2013q2/bin/../lib/gcc/arm-none-eabi/4.7.4/../../../../arm-none-eabi/lib/armv7e-m\libg.a(lib_a-errno.o)
                              ./QS/QS_sys.o (__errno)
c:/program files (x86)/eclipse-arm-eseo/gcc-arm-none-eabi-4_7-2013q2-20130614-win32/gnu tools arm embedded/4.7 2013q2/bin/../lib/gcc/arm-none-eabi/4.7.4/../../../../arm-none-eabi/lib/armv7e-m\libg.a(lib_a-impure.o)
                              ./QS/QS_sys.o (_impure_ptr)
c:/program files (x86)/eclipse-arm-eseo/gcc-arm-none-eabi-4_7-2013q2-20130614-win32/gnu tools arm embedded/4.7 2013q2/bin/../lib/gcc/arm-none-eabi/4.7.4/../../../../arm-none-eabi/lib/armv7e-m\libg.a(lib_a-printf.o)
                              ./QS/QS_outputlog.o (printf)
c:/program files (x86)/eclipse-arm-eseo/gcc-arm-none-eabi-4_7-2013q2-20130614-win32/gnu tools arm embedded/4.7 2013q2/bin/../lib/gcc/arm-none-eabi/4.7.4/../../../../arm-none-eabi/lib/armv7e-m\libg.a(lib_a-setvbuf.o)
                              ./QS/QS_sys.o (setvbuf)
c:/program files (x86)/eclipse-arm-eseo/gcc-arm-none-eabi-4_7-2013q2-20130614-win32/gnu tools arm embedded/4.7 2013q2/bin/../lib/gcc/arm-none-eabi/4.7.4/../../../../arm-none-eabi/lib/armv7e-m\libg.a(lib_a-vfprintf.o)
                              c:/program files (x86)/eclipse-arm-eseo/gcc-arm-none-eabi-4_7-2013q2-20130614-win32/gnu tools arm embedded/4.7 2013q2/bin/../lib/gcc/arm-none-eabi/4.7.4/../../../../arm-none-eabi/lib/armv7e-m\libg.a(lib_a-printf.o) (_vfprintf_r)
c:/program files (x86)/eclipse-arm-eseo/gcc-arm-none-eabi-4_7-2013q2-20130614-win32/gnu tools arm embedded/4.7 2013q2/bin/../lib/gcc/arm-none-eabi/4.7.4/../../../../arm-none-eabi/lib/armv7e-m\libg.a(lib_a-vprintf.o)
                              ./QS/QS_outputlog.o (vprintf)
c:/program files (x86)/eclipse-arm-eseo/gcc-arm-none-eabi-4_7-2013q2-20130614-win32/gnu tools arm embedded/4.7 2013q2/bin/../lib/gcc/arm-none-eabi/4.7.4/../../../../arm-none-eabi/lib/armv7e-m\libg.a(lib_a-wsetup.o)
                              c:/program files (x86)/eclipse-arm-eseo/gcc-arm-none-eabi-4_7-2013q2-20130614-win32/gnu tools arm embedded/4.7 2013q2/bin/../lib/gcc/arm-none-eabi/4.7.4/../../../../arm-none-eabi/lib/armv7e-m\libg.a(lib_a-vfprintf.o) (__swsetup_r)
c:/program files (x86)/eclipse-arm-eseo/gcc-arm-none-eabi-4_7-2013q2-20130614-win32/gnu tools arm embedded/4.7 2013q2/bin/../lib/gcc/arm-none-eabi/4.7.4/../../../../arm-none-eabi/lib/armv7e-m\libg.a(lib_a-dtoa.o)
                              c:/program files (x86)/eclipse-arm-eseo/gcc-arm-none-eabi-4_7-2013q2-20130614-win32/gnu tools arm embedded/4.7 2013q2/bin/../lib/gcc/arm-none-eabi/4.7.4/../../../../arm-none-eabi/lib/armv7e-m\libg.a(lib_a-vfprintf.o) (_dtoa_r)
[...]
Memory Configuration

Name             Origin             Length             Attributes
RAM              0x20000000         0x00020000         xrw
CCMRAM           0x10000000         0x00010000         xrw
FLASH            0x08000000         0x00100000         xr
FLASHB1          0x00000000         0x00000000         xr
EXTMEMB0         0x00000000         0x00000000         xr
EXTMEMB1         0x00000000         0x00000000         xr
EXTMEMB2         0x00000000         0x00000000         xr
EXTMEMB3         0x00000000         0x00000000         xr
MEMORY_ARRAY     0x20002000         0x00000020         xrw
*default*        0x00000000         0xffffffff

Linker script and memory map

LOAD ./Tiny/TActManager.o
LOAD ./Tiny/TBall_inflater.o
LOAD ./Tiny/TCandle_color_sensor.o
LOAD ./Tiny/THammer.o
LOAD ./Tiny/TPlier.o
LOAD ./QS/impl/QS_uart_stm32f4.o
LOAD ./QS/QS_CapteurCouleurCW.o
LOAD ./QS/QS_DCMotor2.o
LOAD ./QS/QS_Step_motor.o
LOAD ./QS/QS_adc.o
LOAD ./QS/QS_ax12.o
LOAD ./QS/QS_buffer_fifo.o
LOAD ./QS/QS_buttons.o
LOAD ./QS/QS_can.o
LOAD ./QS/QS_can_over_uart.o
LOAD ./QS/QS_can_over_xbee.o
LOAD ./QS/QS_configCheck.o
LOAD ./QS/QS_external_it.o
LOAD ./QS/QS_global_vars.o
LOAD ./QS/QS_i2c.o
LOAD ./QS/QS_outputlog.o
LOAD ./QS/QS_ports.o
LOAD ./QS/QS_pwm.o
LOAD ./QS/QS_qei.o
LOAD ./QS/QS_rf.o
LOAD ./QS/QS_servo.o
LOAD ./QS/QS_spi.o
LOAD ./QS/QS_sys.o
LOAD ./QS/QS_timer.o
LOAD ./QS/QS_trap_handler.o
LOAD ./QS/QS_uart.o
LOAD ./QS/QS_watchdog.o
LOAD ./QS/QS_who_am_i.o
LOAD ./QS/startup_stm32f40xx.o
LOAD ./Krusty/KActManager.o
LOAD ./Krusty/KBall_launcher.o
LOAD ./Krusty/KBall_sorter.o
LOAD ./Krusty/KFruit.o
LOAD ./Krusty/KLift.o
LOAD ./Krusty/KPlate.o
LOAD ./Krusty/template.o
LOAD ./Can_msg_processing.o
LOAD ./act_queue_utils.o
LOAD ./clock.o
LOAD ./main.o
LOAD ./maths_home.o
LOAD ./queue.o
LOAD ../stm32f4xx\libstm32f4xx.a
START GROUP
LOAD c:/program files (x86)/eclipse-arm-eseo/gcc-arm-none-eabi-4_7-2013q2-20130614-win32/gnu tools arm embedded/4.7 2013q2/bin/../lib/gcc/arm-none-eabi/4.7.4/armv7e-m\libgcc.a
LOAD c:/program files (x86)/eclipse-arm-eseo/gcc-arm-none-eabi-4_7-2013q2-20130614-win32/gnu tools arm embedded/4.7 2013q2/bin/../lib/gcc/arm-none-eabi/4.7.4/../../../../arm-none-eabi/lib/armv7e-m\libg.a
LOAD c:/program files (x86)/eclipse-arm-eseo/gcc-arm-none-eabi-4_7-2013q2-20130614-win32/gnu tools arm embedded/4.7 2013q2/bin/../lib/gcc/arm-none-eabi/4.7.4/../../../../arm-none-eabi/lib/armv7e-m\libc.a
END GROUP
                0x00000400                __Stack_Size = 0x400
                0x00000400                PROVIDE (_Stack_Size, __Stack_Size)
                0x2001fc00                __Stack_Init = (_estack - __Stack_Size)
                0x2001fc00                PROVIDE (_Stack_Init, __Stack_Init)
                0x00000100                _Minimum_Stack_Size = 0x100
                0x20020000                _estack = 0x20020000

.isr_vector     0x08000000      0x188
                0x08000000                . = ALIGN (0x4)
 *(.isr_vector)
 .isr_vector    0x08000000      0x188 ./QS/startup_stm32f40xx.o
                0x08000000                g_pfnVectors
                0x08000188                . = ALIGN (0x4)

.flashtext      0x08000188        0x0
                0x08000188                . = ALIGN (0x4)
 *(.flashtext)
                0x08000188                . = ALIGN (0x4)

.text           0x08000188    0x18948
                0x08000188                . = ALIGN (0x4)
 *(.text)
 .text          0x08000188        0x0 ./Tiny/TActManager.o
 .text          0x08000188        0x0 ./Tiny/TBall_inflater.o
 .text          0x08000188        0x0 ./Tiny/TCandle_color_sensor.o
 .text          0x08000188        0x0 ./Tiny/THammer.o
 .text          0x08000188        0x0 ./Tiny/TPlier.o
 .text          0x08000188      0x69c ./QS/impl/QS_uart_stm32f4.o
                0x080001fc                UART_IMPL_init
                0x08000238                UART_IMPL_init_ex
                0x080003dc                UART_IMPL_write
                0x08000410                UART_IMPL_read
                0x08000440                UART_IMPL_isRxEmpty
                0x0800047c                UART_IMPL_isTxFull
                0x080004b8                UART_IMPL_isIdle
                0x080004ec                UART_IMPL_hasOverflow
                0x08000520                UART_IMPL_hasFrameError
                0x08000578                UART_IMPL_resetErrors
                0x080005bc                UART_IMPL_setRxItPaused
                0x0800061c                UART_IMPL_setTxItPaused
                0x08000640                UART_IMPL_setRxItEnabled
                0x08000678                UART_IMPL_setTxItEnabled
                0x080006b0                UART_IMPL_ackRxIt
                0x080006c4                UART_IMPL_ackTxIt
                0x080006d8                UART_IMPL_isRxItTriggered
                0x08000700                UART_IMPL_isTxItTriggered
                0x08000728                UART1_RX_Interrupt
                0x08000734                UART1_TX_Interrupt
                0x08000740                UART2_RX_Interrupt
                0x0800074c                UART2_TX_Interrupt
                0x08000758                UART3_RX_Interrupt
                0x08000764                UART3_TX_Interrupt
                0x080007e8                USART3_IRQHandler
 .text          0x08000824        0x0 ./QS/QS_CapteurCouleurCW.o
 .text          0x08000824      0x780 ./QS/QS_DCMotor2.o
                0x08000824                DCM_init
                0x08000860                DCM_get_state
                0x08000898                DCM_config
                0x08000a20                DCM_goToPos
                0x08000a6c                DCM_setPosValue
                0x08000ad0                DCM_getPosValue
                0x08000b14                DCM_setCoefs
                0x08000b74                DCM_getCoefs
                0x08000bd4                DCM_stop
                0x08000c28                DCM_stop_all
                0x08000c54                DCM_restart
                0x08000cb0                DCM_restart_all
                0x08000cdc                _T1Interrupt
 .text          0x08000fa4        0x0 ./QS/QS_Step_motor.o
 .text          0x08000fa4      0x1cc ./QS/QS_adc.o
                0x08000fa4                ADC_init
                0x08001148                ADC_getValue
 .text          0x08001170     0x275c ./QS/QS_ax12.o
                0x0800264c                USART2_IRQHandler
                0x080026fc                _T2Interrupt
                0x0800279c                AX12_init
                0x08002878                AX12_is_ready
                0x08002898                AX12_get_last_error
                0x080028d0                AX12_reset_last_error
                0x080028ec                AX12_is_buffer_full
                0x080028fc                AX12_start_command_block
                0x08002914                AX12_end_command_block
                0x0800292c                AX12_config_is_locked
                0x0800295c                AX12_config_get_model_number
                0x08002984                AX12_config_get_firmware_version
                0x080029ac                AX12_config_get_return_delay_time
                0x080029d8                AX12_config_get_minimal_angle
                0x08002a14                AX12_config_get_maximal_angle
                0x08002a50                AX12_config_get_temperature_limit
                0x08002a78                AX12_config_get_lowest_voltage
                0x08002aa0                AX12_config_get_highest_voltage
                0x08002ac8                AX12_config_get_maximum_torque
                0x08002b28                AX12_config_get_status_return_mode
                0x08002b50                AX12_config_get_error_before_led
                0x08002b78                AX12_config_get_error_before_shutdown
                0x08002ba0                AX12_config_lock
                0x08002bc8                AX12_config_set_return_delay_time
                0x08002bfc                AX12_config_set_minimal_angle
                0x08002c50                AX12_config_set_maximal_angle
                0x08002cb0                AX12_config_set_temperature_limit
                0x08002cdc                AX12_config_set_lowest_voltage
                0x08002d08                AX12_config_set_highest_voltage
                0x08002d34                AX12_config_set_maximum_torque_percentage
                0x08002d7c                AX12_config_set_status_return_mode
                0x08002da8                AX12_config_set_error_before_led
                0x08002dd4                AX12_config_set_error_before_shutdown
                0x08002e00                AX12_is_wheel_mode_enabled
                0x08002e34                AX12_is_torque_enabled
                0x08002e64                AX12_is_led_enabled
                0x08002e94                AX12_get_torque_response
                0x08002fbc                AX12_get_position
                0x08002ff8                AX12_get_move_to_position_speed
                0x080030a0                AX12_get_speed_percentage
                0x0800314c                AX12_get_torque_limit
                0x08003188                AX12_get_punch_torque_percentage
                0x080031c4                AX12_get_load_percentage
                0x08003238                AX12_get_voltage
                0x08003260                AX12_get_temperature
                0x08003288                AX12_is_instruction_prepared
                0x080032b8                AX12_is_moving
                0x080032e8                AX12_set_wheel_mode_enabled
                0x080034b4                AX12_set_torque_enabled
                0x080034e8                AX12_set_led_enabled
                0x0800351c                AX12_set_torque_response
                0x08003690                AX12_set_position
                0x080036e4                AX12_set_move_to_position_speed
                0x08003770                AX12_set_speed_percentage
                0x08003824                AX12_set_torque_limit
                0x08003878                AX12_set_punch_torque_percentage
 .text          0x080038cc        0x0 ./QS/QS_buffer_fifo.o
 .text          0x080038cc      0x290 ./QS/QS_buttons.o
                0x080038cc                BUTTONS_init
                0x08003918                BUTTONS_define_actions
                0x0800396c                BUTTONS_update
                0x08003b08                BUTTONS_process_it
 .text          0x08003b5c      0x8f4 ./QS/QS_can.o
                0x08003bd0                CAN_reinit
                0x08003d84                CAN_init
                0x08003dcc                CAN_data_ready
                0x08003de4                CAN_set_send_callback
                0x08003e04                CAN_send
                0x08003ea0                CAN_send_sid
                0x08003f84                CAN_get_next_msg
                0x0800407c                CAN_set_direct_treatment_function
                0x0800409c                CAN_onMsgReceived
                0x08004158                CAN1_RX0_IRQHandler
                0x08004174                CAN1_RX1_IRQHandler
                0x08004190                CAN1_SCE_IRQHandler
 .text          0x08004450      0x2c4 ./QS/QS_can_over_uart.o
                0x08004450                uartToCANmsg
                0x08004654                CANmsgToU1tx
                0x080046e8                u1rxToCANmsg
 .text          0x08004714        0x0 ./QS/QS_can_over_xbee.o
 .text          0x08004714        0x0 ./QS/QS_configCheck.o
 .text          0x08004714      0x29c ./QS/QS_external_it.o
                0x08004788                EXTERNALIT_init
                0x080047cc                EXTERNALIT_configure
                0x0800485c                EXTERNALIT_set_edge
                0x080048c0                EXTERNALIT_set_priority
                0x0800491c                EXTERNALIT_disable
                0x08004954                EXTERNALIT_set_it_enabled
 .text          0x080049b0        0x0 ./QS/QS_global_vars.o
 .text          0x080049b0        0x0 ./QS/QS_i2c.o
 .text          0x080049b0       0x90 ./QS/QS_outputlog.o
                0x080049b0                OUTPUTLOG_printf
                0x080049f0                OUTPUTLOG_set_level
                0x08004a28                OUTPUTLOG_get_level
 .text          0x08004a40      0x63c ./QS/QS_ports.o
                0x08004a40                PORTS_init
                0x08004bc4                PORTS_adc_init
                0x08004c9c                PORTS_pwm_init
                0x08004d28                PORTS_uarts_init
                0x08004e4c                PORTS_qei_init
                0x08004f24                PORTS_spi_init
                0x08004fd0                PORTS_i2c_init
                0x08005000                PORTS_can_init
 .text          0x0800507c      0x1dc ./QS/QS_pwm.o
                0x0800507c                PWM_init
                0x080051b8                PWM_run
                0x08005238                PWM_stop
 .text          0x08005258      0x11c ./QS/QS_qei.o
                0x08005258                QEI_init
                0x080052f4                QEI1_get_count
                0x08005318                QEI1_set_count
                0x0800533c                QEI2_get_count
                0x08005354                QEI2_set_count
 .text          0x08005374        0x0 ./QS/QS_rf.o
 .text          0x08005374        0x0 ./QS/QS_servo.o
 .text          0x08005374        0x0 ./QS/QS_spi.o
 .text          0x08005374      0x4cc ./QS/QS_sys.o
                0x08005374                SYS_init
                0x0800548c                _exit
                0x080054ac                _close
                0x080054c4                _execve
                0x080054ec                _fork
                0x08005504                _fstat
                0x08005528                _getpid
                0x08005538                _isatty
                0x0800556c                _kill
                0x08005590                _link
                0x080055b4                _lseek
                0x080055d0                _sbrk
                0x0800566c                _read
                0x080056f8                _stat
                0x0800571c                _times
                0x08005734                _unlink
                0x08005758                _wait
                0x0800577c                _write
 .text          0x08005840      0x7a8 ./QS/QS_timer.o
                0x080058e4                _T3Interrupt
                0x08005914                TIMER_init
                0x08005aec                TIMER_run
                0x08005ba0                TIMER_run_us
                0x08005c4c                TIMER_stop
                0x08005c68                TIMER_disableInt
                0x08005ce0                TIMER_enableInt
                0x08005d58                TIMER1_run
                0x08005d7c                TIMER1_run_us
                0x08005da0                TIMER1_stop
                0x08005db4                TIMER1_disableInt
                0x08005dc8                TIMER1_enableInt
                0x08005ddc                TIMER2_run
                0x08005e00                TIMER2_run_us
                0x08005e24                TIMER2_stop
                0x08005e38                TIMER2_disableInt
                0x08005e4c                TIMER2_enableInt
                0x08005e60                TIMER3_run
                0x08005e84                TIMER3_run_us
                0x08005ea8                TIMER3_stop
                0x08005ebc                TIMER3_disableInt
                0x08005ed0                TIMER3_enableInt
                0x08005ee4                TIMER4_run
                0x08005f08                TIMER4_run_us
                0x08005f2c                TIMER4_stop
                0x08005f40                TIMER4_disableInt
                0x08005f54                TIMER4_enableInt
                0x08005f68                TIM1_TRG_COM_TIM11_IRQHandler
                0x08005f88                TIM8_BRK_TIM12_IRQHandler
                0x08005fa8                TIM8_UP_TIM13_IRQHandler
                0x08005fc8                TIM8_TRG_COM_TIM14_IRQHandler
 .text          0x08005fe8      0x454 ./QS/QS_trap_handler.o
                0x08005fe8                dump_trap_info
                0x080063c8                HardFault_Handler
                0x080063c8                Fault_Handler
                0x080063c8                MemManage_Handler
                0x080063c8                UsageFault_Handler
                0x080063c8                BusFault_Handler
                0x080063dc                NMI_Handler
                0x080063e8                SVC_Handler
                0x08006400                DebugMon_Handler
                0x08006418                PendSV_Handler
                0x08006430                SysTick_Handler
 .text          0x0800643c      0x3a4 ./QS/QS_uart.o
                0x080064b0                UART_init
                0x08006568                UART_set_baudrate
                0x080065e8                UART1_data_ready
                0x08006600                UART1_get_next_msg
                0x080066a0                UART1_putc
                0x080066dc                USART1_IRQHandler
 .text          0x080067e0        0x0 ./QS/QS_watchdog.o
 .text          0x080067e0       0x74 ./QS/QS_who_am_i.o
                0x080067e0                QS_WHO_AM_I_find
                0x0800683c                QS_WHO_AM_I_get
 .text          0x08006854       0x14 ./QS/startup_stm32f40xx.o
 .text          0x08006868      0x248 ./Krusty/KActManager.o
                0x08006868                ACTMGR_init
                0x08006878                ACTMGR_reset_act
                0x080068bc                ACTMGR_process_msg
                0x080068e4                ACTMGR_stop
 .text          0x08006ab0       0xfc ./Krusty/KBall_launcher.o
                0x08006ab0                BALLLAUNCHER_init
                0x08006af0                BALLLAUNCHER_stop
                0x08006b00                BALLLAUNCHER_set_speed
                0x08006b6c                BALLLAUNCHER_CAN_process_msg
 .text          0x08006bac      0x7c8 ./Krusty/KBall_sorter.o
                0x08006bac                BALLSORTER_init
                0x08006c84                BALLSORTER_stop
                0x08006c90                BALLSORTER_CAN_process_msg
                0x08006ed4                BALLSORTER_run_command
 .text          0x08007374      0x628 ./Krusty/KFruit.o
                0x08007374                FRUIT_init
                0x08007444                FRUIT_stop
                0x08007450                FRUIT_CAN_process_msg
                0x08007730                FRUIT_run_command
 .text          0x0800799c      0x9a8 ./Krusty/KLift.o
                0x0800799c                LIFT_init
                0x08007c20                LIFT_stop
                0x08007c38                LIFT_CAN_process_msg
                0x08007d58                LIFT_run_command
 .text          0x08008344      0x774 ./Krusty/KPlate.o
                0x08008344                PLATE_init
                0x080084a0                PLATE_stop
                0x080084b0                PLATE_CAN_process_msg
                0x080086d4                PLATE_run_command
 .text          0x08008ab8        0x0 ./Krusty/template.o
 .text          0x08008ab8       0xbc ./Can_msg_processing.o
                0x08008ab8                CAN_process_msg
 .text          0x08008b74      0x8bc ./act_queue_utils.o
                0x08008b74                ACTQ_push_operation_from_msg
                0x08008c40                ACTQ_sendResult
                0x08008cac                ACTQ_sendResultWithParam
                0x08008d18                ACTQ_sendResultWitExplicitLine
                0x08008d84                ACTQ_check_status_ax12
                0x08008f54                ACTQ_check_status_dcmotor
                0x0800900c                ACTQ_finish_SendResult
                0x08009050                ACTQ_finish_SendResultIfFail
                0x080090c0                ACTQ_finish_SendResultIfSuccess
                0x08009128                ACTQ_finish_SendNothing
 .text          0x08009430       0xac ./clock.o
                0x08009430                CLOCK_init
                0x08009468                _T4Interrupt
                0x080094c4                CLOCK_get_time
 .text          0x080094dc      0x4b0 ./main.o
                0x080094dc                main
 .text          0x0800998c       0xd8 ./maths_home.o
                0x0800998c                cos4096
                0x080099d4                sin4096
                0x08009a1c                atan4096
 .text          0x08009a64      0x8b0 ./queue.o
                0x08009a64                QUEUE_init
                0x08009b38                QUEUE_get_arg
                0x08009b88                QUEUE_get_act
                0x08009bd8                QUEUE_get_initial_time
                0x08009c08                QUEUE_create
                0x08009cd8                QUEUE_run
                0x08009d80                QUEUE_add
                0x08009e30                QUEUE_behead
                0x08009eac                QUEUE_next
                0x08009f04                QUEUE_set_error
                0x08009f64                QUEUE_has_error
                0x08009fb8                QUEUE_flush
                0x0800a024                QUEUE_flush_all
                0x0800a050                QUEUE_take_sem
                0x0800a104                QUEUE_give_sem
                0x0800a17c                QUEUE_sem_create
                0x0800a1fc                QUEUE_sem_delete
                0x0800a240                QUEUE_wait_synchro
 .text          0x0800a314        0x0 ../stm32f4xx\libstm32f4xx.a(misc.o)
 .text          0x0800a314        0x0 ../stm32f4xx\libstm32f4xx.a(stm32f4xx_adc.o)
 .text          0x0800a314        0x0 ../stm32f4xx\libstm32f4xx.a(stm32f4xx_can.o)
 .text          0x0800a314        0x0 ../stm32f4xx\libstm32f4xx.a(stm32f4xx_dma.o)
 .text          0x0800a314        0x0 ../stm32f4xx\libstm32f4xx.a(stm32f4xx_exti.o)
 .text          0x0800a314        0x0 ../stm32f4xx\libstm32f4xx.a(stm32f4xx_flash.o)
 .text          0x0800a314        0x0 ../stm32f4xx\libstm32f4xx.a(stm32f4xx_gpio.o)
 .text          0x0800a314        0x0 ../stm32f4xx\libstm32f4xx.a(stm32f4xx_rcc.o)
 .text          0x0800a314        0x0 ../stm32f4xx\libstm32f4xx.a(stm32f4xx_syscfg.o)
 .text          0x0800a314        0x0 ../stm32f4xx\libstm32f4xx.a(stm32f4xx_tim.o)
 .text          0x0800a314        0x0 ../stm32f4xx\libstm32f4xx.a(stm32f4xx_usart.o)
 .text          0x0800a314        0x0 ../stm32f4xx\libstm32f4xx.a(system_stm32f4xx.o)
 .text          0x0800a314      0x370 c:/program files (x86)/eclipse-arm-eseo/gcc-arm-none-eabi-4_7-2013q2-20130614-win32/gnu tools arm embedded/4.7 2013q2/bin/../lib/gcc/arm-none-eabi/4.7.4/armv7e-m\libgcc.a(_arm_addsubdf3.o)
                0x0800a314                __aeabi_drsub
                0x0800a31c                __aeabi_dsub
                0x0800a31c                __subdf3
                0x0800a320                __aeabi_dadd
                0x0800a320                __adddf3
                0x0800a598                __floatunsidf
                0x0800a598                __aeabi_ui2d
                0x0800a5b8                __floatsidf
                0x0800a5b8                __aeabi_i2d
                0x0800a5dc                __aeabi_f2d
                0x0800a5dc                __extendsfdf2
                0x0800a618                __floatundidf
                0x0800a618                __aeabi_ul2d
                0x0800a628                __floatdidf
                0x0800a628                __aeabi_l2d
 .text          0x0800a684      0x424 c:/program files (x86)/eclipse-arm-eseo/gcc-arm-none-eabi-4_7-2013q2-20130614-win32/gnu tools arm embedded/4.7 2013q2/bin/../lib/gcc/arm-none-eabi/4.7.4/armv7e-m\libgcc.a(_arm_muldivdf3.o)
                0x0800a684                __aeabi_dmul
                0x0800a684                __muldf3
                0x0800a8d8                __divdf3
                0x0800a8d8                __aeabi_ddiv
 .text          0x0800aaa8       0x50 c:/program files (x86)/eclipse-arm-eseo/gcc-arm-none-eabi-4_7-2013q2-20130614-win32/gnu tools arm embedded/4.7 2013q2/bin/../lib/gcc/arm-none-eabi/4.7.4/armv7e-m\libgcc.a(_arm_fixdfsi.o)
                0x0800aaa8                __aeabi_d2iz
                0x0800aaa8                __fixdfsi
 .text          0x0800aaf8        0x0 c:/program files (x86)/eclipse-arm-eseo/gcc-arm-none-eabi-4_7-2013q2-20130614-win32/gnu tools arm embedded/4.7 2013q2/bin/../lib/gcc/arm-none-eabi/4.7.4/../../../../arm-none-eabi/lib/armv7e-m\libg.a(lib_a-errno.o)
 .text          0x0800aaf8        0x0 c:/program files (x86)/eclipse-arm-eseo/gcc-arm-none-eabi-4_7-2013q2-20130614-win32/gnu tools arm embedded/4.7 2013q2/bin/../lib/gcc/arm-none-eabi/4.7.4/../../../../arm-none-eabi/lib/armv7e-m\libg.a(lib_a-impure.o)
 .text          0x0800aaf8        0x0 c:/program files (x86)/eclipse-arm-eseo/gcc-arm-none-eabi-4_7-2013q2-20130614-win32/gnu tools arm embedded/4.7 2013q2/bin/../lib/gcc/arm-none-eabi/4.7.4/../../../../arm-none-eabi/lib/armv7e-m\libg.a(lib_a-printf.o)
 .text          0x0800aaf8        0x0 c:/program files (x86)/eclipse-arm-eseo/gcc-arm-none-eabi-4_7-2013q2-20130614-win32/gnu tools arm embedded/4.7 2013q2/bin/../lib/gcc/arm-none-eabi/4.7.4/../../../../arm-none-eabi/lib/armv7e-m\libg.a(lib_a-setvbuf.o)
 .text          0x0800aaf8        0x0 c:/program files (x86)/eclipse-arm-eseo/gcc-arm-none-eabi-4_7-2013q2-20130614-win32/gnu tools arm embedded/4.7 2013q2/bin/../lib/gcc/arm-none-eabi/4.7.4/../../../../arm-none-eabi/lib/armv7e-m\libg.a(lib_a-vfprintf.o)
 .text          0x0800aaf8        0x0 c:/program files (x86)/eclipse-arm-eseo/gcc-arm-none-eabi-4_7-2013q2-20130614-win32/gnu tools arm embedded/4.7 2013q2/bin/../lib/gcc/arm-none-eabi/4.7.4/../../../../arm-none-eabi/lib/armv7e-m\libg.a(lib_a-vprintf.o)
 .text          0x0800aaf8        0x0 c:/program files (x86)/eclipse-arm-eseo/gcc-arm-none-eabi-4_7-2013q2-20130614-win32/gnu tools arm embedded/4.7 2013q2/bin/../lib/gcc/arm-none-eabi/4.7.4/../../../../arm-none-eabi/lib/armv7e-m\libg.a(lib_a-wsetup.o)
 .text          0x0800aaf8        0x0 c:/program files (x86)/eclipse-arm-eseo/gcc-arm-none-eabi-4_7-2013q2-20130614-win32/gnu tools arm embedded/4.7 2013q2/bin/../lib/gcc/arm-none-eabi/4.7.4/../../../../arm-none-eabi/lib/armv7e-m\libg.a(lib_a-dtoa.o)
 .text          0x0800aaf8        0x0 c:/program files (x86)/eclipse-arm-eseo/gcc-arm-none-eabi-4_7-2013q2-20130614-win32/gnu tools arm embedded/4.7 2013q2/bin/../lib/gcc/arm-none-eabi/4.7.4/../../../../arm-none-eabi/lib/armv7e-m\libg.a(lib_a-fflush.o)
 .text          0x0800aaf8        0x0 c:/program files (x86)/eclipse-arm-eseo/gcc-arm-none-eabi-4_7-2013q2-20130614-win32/gnu tools arm embedded/4.7 2013q2/bin/../lib/gcc/arm-none-eabi/4.7.4/../../../../arm-none-eabi/lib/armv7e-m\libg.a(lib_a-findfp.o)
 .text          0x0800aaf8        0x0 c:/program files (x86)/eclipse-arm-eseo/gcc-arm-none-eabi-4_7-2013q2-20130614-win32/gnu tools arm embedded/4.7 2013q2/bin/../lib/gcc/arm-none-eabi/4.7.4/../../../../arm-none-eabi/lib/armv7e-m\libg.a(lib_a-freer.o)
 .text          0x0800aaf8        0x0 c:/program files (x86)/eclipse-arm-eseo/gcc-arm-none-eabi-4_7-2013q2-20130614-win32/gnu tools arm embedded/4.7 2013q2/bin/../lib/gcc/arm-none-eabi/4.7.4/../../../../arm-none-eabi/lib/armv7e-m\libg.a(lib_a-fwalk.o)
 .text          0x0800aaf8        0x0 c:/program files (x86)/eclipse-arm-eseo/gcc-arm-none-eabi-4_7-2013q2-20130614-win32/gnu tools arm embedded/4.7 2013q2/bin/../lib/gcc/arm-none-eabi/4.7.4/../../../../arm-none-eabi/lib/armv7e-m\libg.a(lib_a-locale.o)
 .text          0x0800aaf8        0x0 c:/program files (x86)/eclipse-arm-eseo/gcc-arm-none-eabi-4_7-2013q2-20130614-win32/gnu tools arm embedded/4.7 2013q2/bin/../lib/gcc/arm-none-eabi/4.7.4/../../../../arm-none-eabi/lib/armv7e-m\libg.a(lib_a-makebuf.o)
 .text          0x0800aaf8        0x0 c:/program files (x86)/eclipse-arm-eseo/gcc-arm-none-eabi-4_7-2013q2-20130614-win32/gnu tools arm embedded/4.7 2013q2/bin/../lib/gcc/arm-none-eabi/4.7.4/../../../../arm-none-eabi/lib/armv7e-m\libg.a(lib_a-malloc.o)
 .text          0x0800aaf8        0x0 c:/program files (x86)/eclipse-arm-eseo/gcc-arm-none-eabi-4_7-2013q2-20130614-win32/gnu tools arm embedded/4.7 2013q2/bin/../lib/gcc/arm-none-eabi/4.7.4/../../../../arm-none-eabi/lib/armv7e-m\libg.a(lib_a-mallocr.o)
 .text          0x0800aaf8        0x0 c:/program files (x86)/eclipse-arm-eseo/gcc-arm-none-eabi-4_7-2013q2-20130614-win32/gnu tools arm embedded/4.7 2013q2/bin/../lib/gcc/arm-none-eabi/4.7.4/../../../../arm-none-eabi/lib/armv7e-m\libg.a(lib_a-memchr.o)
 .text          0x0800aaf8        0x0 c:/program files (x86)/eclipse-arm-eseo/gcc-arm-none-eabi-4_7-2013q2-20130614-win32/gnu tools arm embedded/4.7 2013q2/bin/../lib/gcc/arm-none-eabi/4.7.4/../../../../arm-none-eabi/lib/armv7e-m\libg.a(lib_a-memcpy.o)
 .text          0x0800aaf8        0x0 c:/program files (x86)/eclipse-arm-eseo/gcc-arm-none-eabi-4_7-2013q2-20130614-win32/gnu tools arm embedded/4.7 2013q2/bin/../lib/gcc/arm-none-eabi/4.7.4/../../../../arm-none-eabi/lib/armv7e-m\libg.a(lib_a-memset.o)
 .text          0x0800aaf8        0x0 c:/program files (x86)/eclipse-arm-eseo/gcc-arm-none-eabi-4_7-2013q2-20130614-win32/gnu tools arm embedded/4.7 2013q2/bin/../lib/gcc/arm-none-eabi/4.7.4/../../../../arm-none-eabi/lib/armv7e-m\libg.a(lib_a-mlock.o)
 .text          0x0800aaf8        0x0 c:/program files (x86)/eclipse-arm-eseo/gcc-arm-none-eabi-4_7-2013q2-20130614-win32/gnu tools arm embedded/4.7 2013q2/bin/../lib/gcc/arm-none-eabi/4.7.4/../../../../arm-none-eabi/lib/armv7e-m\libg.a(lib_a-mprec.o)
 .text          0x0800aaf8        0x0 c:/program files (x86)/eclipse-arm-eseo/gcc-arm-none-eabi-4_7-2013q2-20130614-win32/gnu tools arm embedded/4.7 2013q2/bin/../lib/gcc/arm-none-eabi/4.7.4/../../../../arm-none-eabi/lib/armv7e-m\libg.a(lib_a-s_fpclassify.o)
 .text          0x0800aaf8        0x0 c:/program files (x86)/eclipse-arm-eseo/gcc-arm-none-eabi-4_7-2013q2-20130614-win32/gnu tools arm embedded/4.7 2013q2/bin/../lib/gcc/arm-none-eabi/4.7.4/../../../../arm-none-eabi/lib/armv7e-m\libg.a(lib_a-sbrkr.o)
 .text          0x0800aaf8        0x0 c:/program files (x86)/eclipse-arm-eseo/gcc-arm-none-eabi-4_7-2013q2-20130614-win32/gnu tools arm embedded/4.7 2013q2/bin/../lib/gcc/arm-none-eabi/4.7.4/../../../../arm-none-eabi/lib/armv7e-m\libg.a(lib_a-stdio.o)
 .text          0x0800aaf8        0x0 c:/program files (x86)/eclipse-arm-eseo/gcc-arm-none-eabi-4_7-2013q2-20130614-win32/gnu tools arm embedded/4.7 2013q2/bin/../lib/gcc/arm-none-eabi/4.7.4/../../../../arm-none-eabi/lib/armv7e-m\libg.a(lib_a-strcmp.o)
 .text          0x0800aaf8        0x0 c:/program files (x86)/eclipse-arm-eseo/gcc-arm-none-eabi-4_7-2013q2-20130614-win32/gnu tools arm embedded/4.7 2013q2/bin/../lib/gcc/arm-none-eabi/4.7.4/../../../../arm-none-eabi/lib/armv7e-m\libg.a(lib_a-strlen.o)
 .text          0x0800aaf8        0x0 c:/program files (x86)/eclipse-arm-eseo/gcc-arm-none-eabi-4_7-2013q2-20130614-win32/gnu tools arm embedded/4.7 2013q2/bin/../lib/gcc/arm-none-eabi/4.7.4/../../../../arm-none-eabi/lib/armv7e-m\libg.a(lib_a-vfiprintf.o)
 .text          0x0800aaf8        0x0 c:/program files (x86)/eclipse-arm-eseo/gcc-arm-none-eabi-4_7-2013q2-20130614-win32/gnu tools arm embedded/4.7 2013q2/bin/../lib/gcc/arm-none-eabi/4.7.4/../../../../arm-none-eabi/lib/armv7e-m\libg.a(lib_a-writer.o)
 .text          0x0800aaf8        0x0 c:/program files (x86)/eclipse-arm-eseo/gcc-arm-none-eabi-4_7-2013q2-20130614-win32/gnu tools arm embedded/4.7 2013q2/bin/../lib/gcc/arm-none-eabi/4.7.4/../../../../arm-none-eabi/lib/armv7e-m\libg.a(lib_a-callocr.o)
 .text          0x0800aaf8        0x0 c:/program files (x86)/eclipse-arm-eseo/gcc-arm-none-eabi-4_7-2013q2-20130614-win32/gnu tools arm embedded/4.7 2013q2/bin/../lib/gcc/arm-none-eabi/4.7.4/../../../../arm-none-eabi/lib/armv7e-m\libg.a(lib_a-closer.o)
 .text          0x0800aaf8        0x0 c:/program files (x86)/eclipse-arm-eseo/gcc-arm-none-eabi-4_7-2013q2-20130614-win32/gnu tools arm embedded/4.7 2013q2/bin/../lib/gcc/arm-none-eabi/4.7.4/../../../../arm-none-eabi/lib/armv7e-m\libg.a(lib_a-fclose.o)
 .text          0x0800aaf8        0x0 c:/program files (x86)/eclipse-arm-eseo/gcc-arm-none-eabi-4_7-2013q2-20130614-win32/gnu tools arm embedded/4.7 2013q2/bin/../lib/gcc/arm-none-eabi/4.7.4/../../../../arm-none-eabi/lib/armv7e-m\libg.a(lib_a-fputwc.o)
 .text          0x0800aaf8        0x0 c:/program files (x86)/eclipse-arm-eseo/gcc-arm-none-eabi-4_7-2013q2-20130614-win32/gnu tools arm embedded/4.7 2013q2/bin/../lib/gcc/arm-none-eabi/4.7.4/../../../../arm-none-eabi/lib/armv7e-m\libg.a(lib_a-fstatr.o)
 .text          0x0800aaf8        0x0 c:/program files (x86)/eclipse-arm-eseo/gcc-arm-none-eabi-4_7-2013q2-20130614-win32/gnu tools arm embedded/4.7 2013q2/bin/../lib/gcc/arm-none-eabi/4.7.4/../../../../arm-none-eabi/lib/armv7e-m\libg.a(lib_a-fvwrite.o)
 .text          0x0800aaf8        0x0 c:/program files (x86)/eclipse-arm-eseo/gcc-arm-none-eabi-4_7-2013q2-20130614-win32/gnu tools arm embedded/4.7 2013q2/bin/../lib/gcc/arm-none-eabi/4.7.4/../../../../arm-none-eabi/lib/armv7e-m\libg.a(lib_a-isattyr.o)
 .text          0x0800aaf8        0x0 c:/program files (x86)/eclipse-arm-eseo/gcc-arm-none-eabi-4_7-2013q2-20130614-win32/gnu tools arm embedded/4.7 2013q2/bin/../lib/gcc/arm-none-eabi/4.7.4/../../../../arm-none-eabi/lib/armv7e-m\libg.a(lib_a-lseekr.o)
 .text          0x0800aaf8        0x0 c:/program files (x86)/eclipse-arm-eseo/gcc-arm-none-eabi-4_7-2013q2-20130614-win32/gnu tools arm embedded/4.7 2013q2/bin/../lib/gcc/arm-none-eabi/4.7.4/../../../../arm-none-eabi/lib/armv7e-m\libg.a(lib_a-memmove.o)
 .text          0x0800aaf8        0x0 c:/program files (x86)/eclipse-arm-eseo/gcc-arm-none-eabi-4_7-2013q2-20130614-win32/gnu tools arm embedded/4.7 2013q2/bin/../lib/gcc/arm-none-eabi/4.7.4/../../../../arm-none-eabi/lib/armv7e-m\libg.a(lib_a-readr.o)
 .text          0x0800aaf8        0x0 c:/program files (x86)/eclipse-arm-eseo/gcc-arm-none-eabi-4_7-2013q2-20130614-win32/gnu tools arm embedded/4.7 2013q2/bin/../lib/gcc/arm-none-eabi/4.7.4/../../../../arm-none-eabi/lib/armv7e-m\libg.a(lib_a-reallocr.o)
 .text          0x0800aaf8        0x0 c:/program files (x86)/eclipse-arm-eseo/gcc-arm-none-eabi-4_7-2013q2-20130614-win32/gnu tools arm embedded/4.7 2013q2/bin/../lib/gcc/arm-none-eabi/4.7.4/../../../../arm-none-eabi/lib/armv7e-m\libg.a(lib_a-reent.o)
 .text          0x0800aaf8        0x0 c:/program files (x86)/eclipse-arm-eseo/gcc-arm-none-eabi-4_7-2013q2-20130614-win32/gnu tools arm embedded/4.7 2013q2/bin/../lib/gcc/arm-none-eabi/4.7.4/../../../../arm-none-eabi/lib/armv7e-m\libg.a(lib_a-wbuf.o)
 .text          0x0800aaf8        0x0 c:/program files (x86)/eclipse-arm-eseo/gcc-arm-none-eabi-4_7-2013q2-20130614-win32/gnu tools arm embedded/4.7 2013q2/bin/../lib/gcc/arm-none-eabi/4.7.4/../../../../arm-none-eabi/lib/armv7e-m\libg.a(lib_a-wcrtomb.o)
 .text          0x0800aaf8        0x0 c:/program files (x86)/eclipse-arm-eseo/gcc-arm-none-eabi-4_7-2013q2-20130614-win32/gnu tools arm embedded/4.7 2013q2/bin/../lib/gcc/arm-none-eabi/4.7.4/../../../../arm-none-eabi/lib/armv7e-m\libg.a(lib_a-wctomb_r.o)
 .text          0x0800aaf8      0x110 c:/program files (x86)/eclipse-arm-eseo/gcc-arm-none-eabi-4_7-2013q2-20130614-win32/gnu tools arm embedded/4.7 2013q2/bin/../lib/gcc/arm-none-eabi/4.7.4/armv7e-m\libgcc.a(_arm_cmpdf2.o)
                0x0800aaf8                __gtdf2
                0x0800aaf8                __gedf2
                0x0800ab00                __ltdf2
                0x0800ab00                __ledf2
                0x0800ab08                __nedf2
                0x0800ab08                __eqdf2
                0x0800ab08                __cmpdf2
                0x0800ab84                __aeabi_cdrcmple
                0x0800ab94                __aeabi_cdcmpeq
                0x0800ab94                __aeabi_cdcmple
                0x0800aba4                __aeabi_dcmpeq
                0x0800abb8                __aeabi_dcmplt
                0x0800abcc                __aeabi_dcmple
                0x0800abe0                __aeabi_dcmpge
                0x0800abf4                __aeabi_dcmpgt
 .text          0x0800ac08       0x2c c:/program files (x86)/eclipse-arm-eseo/gcc-arm-none-eabi-4_7-2013q2-20130614-win32/gnu tools arm embedded/4.7 2013q2/bin/../lib/gcc/arm-none-eabi/4.7.4/armv7e-m\libgcc.a(_aeabi_uldivmod.o)
                0x0800ac08                __aeabi_uldivmod
 .text          0x0800ac34       0x58 c:/program files (x86)/eclipse-arm-eseo/gcc-arm-none-eabi-4_7-2013q2-20130614-win32/gnu tools arm embedded/4.7 2013q2/bin/../lib/gcc/arm-none-eabi/4.7.4/armv7e-m\libgcc.a(bpabi.o)
                0x0800ac34                __gnu_ldivmod_helper
                0x0800ac60                __gnu_uldivmod_helper
 .text          0x0800ac8c        0x4 c:/program files (x86)/eclipse-arm-eseo/gcc-arm-none-eabi-4_7-2013q2-20130614-win32/gnu tools arm embedded/4.7 2013q2/bin/../lib/gcc/arm-none-eabi/4.7.4/armv7e-m\libgcc.a(_dvmd_tls.o)
                0x0800ac8c                __aeabi_idiv0
                0x0800ac8c                __aeabi_ldiv0
 .text          0x0800ac90      0x2bc c:/program files (x86)/eclipse-arm-eseo/gcc-arm-none-eabi-4_7-2013q2-20130614-win32/gnu tools arm embedded/4.7 2013q2/bin/../lib/gcc/arm-none-eabi/4.7.4/armv7e-m\libgcc.a(_divdi3.o)
                0x0800ac90                __divdi3
 .text          0x0800af4c      0x288 c:/program files (x86)/eclipse-arm-eseo/gcc-arm-none-eabi-4_7-2013q2-20130614-win32/gnu tools arm embedded/4.7 2013q2/bin/../lib/gcc/arm-none-eabi/4.7.4/armv7e-m\libgcc.a(_udivdi3.o)
                0x0800af4c                __udivdi3
 .text          0x0800b1d4        0x0 c:/program files (x86)/eclipse-arm-eseo/gcc-arm-none-eabi-4_7-2013q2-20130614-win32/gnu tools arm embedded/4.7 2013q2/bin/../lib/gcc/arm-none-eabi/4.7.4/../../../../arm-none-eabi/lib/armv7e-m\libm.a(lib_a-s_atan.o)
 .text          0x0800b1d4        0x0 c:/program files (x86)/eclipse-arm-eseo/gcc-arm-none-eabi-4_7-2013q2-20130614-win32/gnu tools arm embedded/4.7 2013q2/bin/../lib/gcc/arm-none-eabi/4.7.4/../../../../arm-none-eabi/lib/armv7e-m\libm.a(lib_a-s_cos.o)
 .text          0x0800b1d4        0x0 c:/program files (x86)/eclipse-arm-eseo/gcc-arm-none-eabi-4_7-2013q2-20130614-win32/gnu tools arm embedded/4.7 2013q2/bin/../lib/gcc/arm-none-eabi/4.7.4/../../../../arm-none-eabi/lib/armv7e-m\libm.a(lib_a-s_fabs.o)
 .text          0x0800b1d4        0x0 c:/program files (x86)/eclipse-arm-eseo/gcc-arm-none-eabi-4_7-2013q2-20130614-win32/gnu tools arm embedded/4.7 2013q2/bin/../lib/gcc/arm-none-eabi/4.7.4/../../../../arm-none-eabi/lib/armv7e-m\libm.a(lib_a-s_sin.o)
 .text          0x0800b1d4        0x0 c:/program files (x86)/eclipse-arm-eseo/gcc-arm-none-eabi-4_7-2013q2-20130614-win32/gnu tools arm embedded/4.7 2013q2/bin/../lib/gcc/arm-none-eabi/4.7.4/../../../../arm-none-eabi/lib/armv7e-m\libm.a(lib_a-e_rem_pio2.o)
 .text          0x0800b1d4        0x0 c:/program files (x86)/eclipse-arm-eseo/gcc-arm-none-eabi-4_7-2013q2-20130614-win32/gnu tools arm embedded/4.7 2013q2/bin/../lib/gcc/arm-none-eabi/4.7.4/../../../../arm-none-eabi/lib/armv7e-m\libm.a(lib_a-k_cos.o)
 .text          0x0800b1d4        0x0 c:/program files (x86)/eclipse-arm-eseo/gcc-arm-none-eabi-4_7-2013q2-20130614-win32/gnu tools arm embedded/4.7 2013q2/bin/../lib/gcc/arm-none-eabi/4.7.4/../../../../arm-none-eabi/lib/armv7e-m\libm.a(lib_a-k_rem_pio2.o)
 .text          0x0800b1d4        0x0 c:/program files (x86)/eclipse-arm-eseo/gcc-arm-none-eabi-4_7-2013q2-20130614-win32/gnu tools arm embedded/4.7 2013q2/bin/../lib/gcc/arm-none-eabi/4.7.4/../../../../arm-none-eabi/lib/armv7e-m\libm.a(lib_a-k_sin.o)
 .text          0x0800b1d4        0x0 c:/program files (x86)/eclipse-arm-eseo/gcc-arm-none-eabi-4_7-2013q2-20130614-win32/gnu tools arm embedded/4.7 2013q2/bin/../lib/gcc/arm-none-eabi/4.7.4/../../../../arm-none-eabi/lib/armv7e-m\libm.a(lib_a-s_floor.o)
 .text          0x0800b1d4        0x0 c:/program files (x86)/eclipse-arm-eseo/gcc-arm-none-eabi-4_7-2013q2-20130614-win32/gnu tools arm embedded/4.7 2013q2/bin/../lib/gcc/arm-none-eabi/4.7.4/../../../../arm-none-eabi/lib/armv7e-m\libm.a(lib_a-s_scalbn.o)
 .text          0x0800b1d4        0x0 c:/program files (x86)/eclipse-arm-eseo/gcc-arm-none-eabi-4_7-2013q2-20130614-win32/gnu tools arm embedded/4.7 2013q2/bin/../lib/gcc/arm-none-eabi/4.7.4/../../../../arm-none-eabi/lib/armv7e-m\libm.a(lib_a-s_copysign.o)
 *(.text.*)
 .text.Reset_Handler
                0x0800b1d4       0x4c ./QS/startup_stm32f40xx.o
                0x0800b1d4                Reset_Handler
 .text.Default_Handler
                0x0800b220        0x4 ./QS/startup_stm32f40xx.o
                0x0800b220                RTC_Alarm_IRQHandler
                0x0800b220                HASH_RNG_IRQHandler
                0x0800b220                EXTI2_IRQHandler
                0x0800b220                TIM8_CC_IRQHandler
                0x0800b220                TIM1_CC_IRQHandler
                0x0800b220                DMA2_Stream5_IRQHandler
                0x0800b220                DMA1_Stream5_IRQHandler
                0x0800b220                PVD_IRQHandler
                0x0800b220                SDIO_IRQHandler
                0x0800b220                TAMP_STAMP_IRQHandler
                0x0800b220                CAN2_RX1_IRQHandler
                0x0800b220                EXTI3_IRQHandler
                0x0800b220                TIM1_UP_TIM10_IRQHandler
                0x0800b220                I2C3_ER_IRQHandler
                0x0800b220                EXTI0_IRQHandler
                0x0800b220                I2C2_EV_IRQHandler
                0x0800b220                DMA1_Stream2_IRQHandler
                0x0800b220                FPU_IRQHandler
                0x0800b220                OTG_HS_WKUP_IRQHandler
                0x0800b220                CAN2_SCE_IRQHandler
                0x0800b220                DMA2_Stream2_IRQHandler
                0x0800b220                SPI1_IRQHandler
                0x0800b220                TIM6_DAC_IRQHandler
                0x0800b220                TIM1_BRK_TIM9_IRQHandler
                0x0800b220                DCMI_IRQHandler
                0x0800b220                CAN2_RX0_IRQHandler
                0x0800b220                DMA2_Stream3_IRQHandler
                0x0800b220                USART6_IRQHandler
                0x0800b220                CRYP_IRQHandler
                0x0800b220                UART5_IRQHandler
                0x0800b220                DMA2_Stream0_IRQHandler
                0x0800b220                TIM4_IRQHandler
                0x0800b220                I2C1_EV_IRQHandler
                0x0800b220                DMA1_Stream6_IRQHandler
                0x0800b220                DMA1_Stream1_IRQHandler
                0x0800b220                UART4_IRQHandler
                0x0800b220                TIM3_IRQHandler
                0x0800b220                RCC_IRQHandler
                0x0800b220                Default_Handler
                0x0800b220                EXTI15_10_IRQHandler
                0x0800b220                ADC_IRQHandler
                0x0800b220                DMA1_Stream7_IRQHandler
                0x0800b220                TIM7_IRQHandler
                0x0800b220                CAN2_TX_IRQHandler
                0x0800b220                TIM5_IRQHandler
                0x0800b220                DMA2_Stream7_IRQHandler
                0x0800b220                I2C3_EV_IRQHandler
                0x0800b220                EXTI9_5_IRQHandler
                0x0800b220                RTC_WKUP_IRQHandler
                0x0800b220                ETH_WKUP_IRQHandler
                0x0800b220                SPI2_IRQHandler
                0x0800b220                OTG_HS_EP1_IN_IRQHandler
                0x0800b220                DMA1_Stream0_IRQHandler
                0x0800b220                CAN1_TX_IRQHandler
                0x0800b220                EXTI4_IRQHandler
                0x0800b220                FSMC_IRQHandler
                0x0800b220                ETH_IRQHandler
                0x0800b220                OTG_HS_EP1_OUT_IRQHandler
                0x0800b220                WWDG_IRQHandler
                0x0800b220                TIM2_IRQHandler
                0x0800b220                OTG_FS_WKUP_IRQHandler
                0x0800b220                OTG_HS_IRQHandler
                0x0800b220                EXTI1_IRQHandler
                0x0800b220                I2C2_ER_IRQHandler
                0x0800b220                DMA2_Stream1_IRQHandler
                0x0800b220                FLASH_IRQHandler
                0x0800b220                DMA2_Stream4_IRQHandler
                0x0800b220                OTG_FS_IRQHandler
                0x0800b220                SPI3_IRQHandler
                0x0800b220                DMA1_Stream4_IRQHandler
                0x0800b220                I2C1_ER_IRQHandler
                0x0800b220                DMA2_Stream6_IRQHandler
                0x0800b220                DMA1_Stream3_IRQHandler
 .text.NVIC_PriorityGroupConfig
                0x0800b224       0x14 ../stm32f4xx\libstm32f4xx.a(misc.o)
                0x0800b224                NVIC_PriorityGroupConfig
 .text.NVIC_Init
                0x0800b238       0x6c ../stm32f4xx\libstm32f4xx.a(misc.o)
                0x0800b238                NVIC_Init
 .text.NVIC_SetVectorTable
                0x0800b2a4       0x14 ../stm32f4xx\libstm32f4xx.a(misc.o)
                0x0800b2a4                NVIC_SetVectorTable
 .text.NVIC_SystemLPConfig
                0x0800b2b8       0x18 ../stm32f4xx\libstm32f4xx.a(misc.o)
                0x0800b2b8                NVIC_SystemLPConfig
 .text.SysTick_CLKSourceConfig
                0x0800b2d0       0x18 ../stm32f4xx\libstm32f4xx.a(misc.o)
                0x0800b2d0                SysTick_CLKSourceConfig
 .text.ADC_DeInit
                0x0800b2e8       0x1a ../stm32f4xx\libstm32f4xx.a(stm32f4xx_adc.o)
                0x0800b2e8                ADC_DeInit
 *fill*         0x0800b302        0x2 00
 .text.ADC_Init
                0x0800b304       0x4c ../stm32f4xx\libstm32f4xx.a(stm32f4xx_adc.o)
                0x0800b304                ADC_Init
 .text.ADC_StructInit
                0x0800b350       0x14 ../stm32f4xx\libstm32f4xx.a(stm32f4xx_adc.o)
                0x0800b350                ADC_StructInit
 .text.ADC_CommonInit
                0x0800b364       0x28 ../stm32f4xx\libstm32f4xx.a(stm32f4xx_adc.o)
                0x0800b364                ADC_CommonInit
 .text.ADC_CommonStructInit
                0x0800b38c        0xc ../stm32f4xx\libstm32f4xx.a(stm32f4xx_adc.o)
                0x0800b38c                ADC_CommonStructInit
 .text.ADC_Cmd  0x0800b398       0x12 ../stm32f4xx\libstm32f4xx.a(stm32f4xx_adc.o)
                0x0800b398                ADC_Cmd
 .text.ADC_AnalogWatchdogCmd
                0x0800b3aa       0x10 ../stm32f4xx\libstm32f4xx.a(stm32f4xx_adc.o)
                0x0800b3aa                ADC_AnalogWatchdogCmd
 .text.ADC_AnalogWatchdogThresholdsConfig
                0x0800b3ba        0x6 ../stm32f4xx\libstm32f4xx.a(stm32f4xx_adc.o)
                0x0800b3ba                ADC_AnalogWatchdogThresholdsConfig
 .text.ADC_AnalogWatchdogSingleChannelConfig
                0x0800b3c0        0xc ../stm32f4xx\libstm32f4xx.a(stm32f4xx_adc.o)
                0x0800b3c0                ADC_AnalogWatchdogSingleChannelConfig
 .text.ADC_TempSensorVrefintCmd
                0x0800b3cc       0x18 ../stm32f4xx\libstm32f4xx.a(stm32f4xx_adc.o)
                0x0800b3cc                ADC_TempSensorVrefintCmd
 .text.ADC_VBATCmd
                0x0800b3e4       0x18 ../stm32f4xx\libstm32f4xx.a(stm32f4xx_adc.o)
                0x0800b3e4                ADC_VBATCmd
 .text.ADC_RegularChannelConfig
                0x0800b3fc       0x9c ../stm32f4xx\libstm32f4xx.a(stm32f4xx_adc.o)
                0x0800b3fc                ADC_RegularChannelConfig
 .text.ADC_SoftwareStartConv
                0x0800b498        0xa ../stm32f4xx\libstm32f4xx.a(stm32f4xx_adc.o)
                0x0800b498                ADC_SoftwareStartConv
 .text.ADC_GetSoftwareStartConvStatus
                0x0800b4a2        0x8 ../stm32f4xx\libstm32f4xx.a(stm32f4xx_adc.o)
                0x0800b4a2                ADC_GetSoftwareStartConvStatus
 .text.ADC_EOCOnEachRegularChannelCmd
                0x0800b4aa       0x12 ../stm32f4xx\libstm32f4xx.a(stm32f4xx_adc.o)
                0x0800b4aa                ADC_EOCOnEachRegularChannelCmd
 .text.ADC_ContinuousModeCmd
                0x0800b4bc       0x12 ../stm32f4xx\libstm32f4xx.a(stm32f4xx_adc.o)
                0x0800b4bc                ADC_ContinuousModeCmd
 .text.ADC_DiscModeChannelCountConfig
                0x0800b4ce       0x10 ../stm32f4xx\libstm32f4xx.a(stm32f4xx_adc.o)
                0x0800b4ce                ADC_DiscModeChannelCountConfig
 .text.ADC_DiscModeCmd
                0x0800b4de       0x12 ../stm32f4xx\libstm32f4xx.a(stm32f4xx_adc.o)
                0x0800b4de                ADC_DiscModeCmd
 .text.ADC_GetConversionValue
                0x0800b4f0        0x6 ../stm32f4xx\libstm32f4xx.a(stm32f4xx_adc.o)
                0x0800b4f0                ADC_GetConversionValue
 *fill*         0x0800b4f6        0x2 00
 .text.ADC_GetMultiModeConversionValue
                0x0800b4f8        0xc ../stm32f4xx\libstm32f4xx.a(stm32f4xx_adc.o)
                0x0800b4f8                ADC_GetMultiModeConversionValue
 .text.ADC_DMACmd
                0x0800b504       0x12 ../stm32f4xx\libstm32f4xx.a(stm32f4xx_adc.o)
                0x0800b504                ADC_DMACmd
 .text.ADC_DMARequestAfterLastTransferCmd
                0x0800b516       0x12 ../stm32f4xx\libstm32f4xx.a(stm32f4xx_adc.o)
                0x0800b516                ADC_DMARequestAfterLastTransferCmd
 .text.ADC_MultiModeDMARequestAfterLastTransferCmd
                0x0800b528       0x18 ../stm32f4xx\libstm32f4xx.a(stm32f4xx_adc.o)
                0x0800b528                ADC_MultiModeDMARequestAfterLastTransferCmd
 .text.ADC_InjectedChannelConfig
                0x0800b540       0x62 ../stm32f4xx\libstm32f4xx.a(stm32f4xx_adc.o)
                0x0800b540                ADC_InjectedChannelConfig
 .text.ADC_InjectedSequencerLengthConfig
                0x0800b5a2       0x10 ../stm32f4xx\libstm32f4xx.a(stm32f4xx_adc.o)
                0x0800b5a2                ADC_InjectedSequencerLengthConfig
 .text.ADC_SetInjectedOffset
                0x0800b5b2       0x16 ../stm32f4xx\libstm32f4xx.a(stm32f4xx_adc.o)
                0x0800b5b2                ADC_SetInjectedOffset
 .text.ADC_ExternalTrigInjectedConvConfig
                0x0800b5c8        0xc ../stm32f4xx\libstm32f4xx.a(stm32f4xx_adc.o)
                0x0800b5c8                ADC_ExternalTrigInjectedConvConfig
 .text.ADC_ExternalTrigInjectedConvEdgeConfig
                0x0800b5d4        0xc ../stm32f4xx\libstm32f4xx.a(stm32f4xx_adc.o)
                0x0800b5d4                ADC_ExternalTrigInjectedConvEdgeConfig
 .text.ADC_SoftwareStartInjectedConv
                0x0800b5e0        0xa ../stm32f4xx\libstm32f4xx.a(stm32f4xx_adc.o)
                0x0800b5e0                ADC_SoftwareStartInjectedConv
 .text.ADC_GetSoftwareStartInjectedConvCmdStatus
                0x0800b5ea        0x8 ../stm32f4xx\libstm32f4xx.a(stm32f4xx_adc.o)
                0x0800b5ea                ADC_GetSoftwareStartInjectedConvCmdStatus
 .text.ADC_AutoInjectedConvCmd
                0x0800b5f2       0x12 ../stm32f4xx\libstm32f4xx.a(stm32f4xx_adc.o)
                0x0800b5f2                ADC_AutoInjectedConvCmd
 .text.ADC_InjectedDiscModeCmd
                0x0800b604       0x12 ../stm32f4xx\libstm32f4xx.a(stm32f4xx_adc.o)
                0x0800b604                ADC_InjectedDiscModeCmd
 .text.ADC_GetInjectedConversionValue
                0x0800b616       0x1a ../stm32f4xx\libstm32f4xx.a(stm32f4xx_adc.o)
                0x0800b616                ADC_GetInjectedConversionValue
 .text.ADC_ITConfig
                0x0800b630       0x18 ../stm32f4xx\libstm32f4xx.a(stm32f4xx_adc.o)
                0x0800b630                ADC_ITConfig
 .text.ADC_GetFlagStatus
                0x0800b648        0xc ../stm32f4xx\libstm32f4xx.a(stm32f4xx_adc.o)
                0x0800b648                ADC_GetFlagStatus
 .text.ADC_ClearFlag
                0x0800b654        0x6 ../stm32f4xx\libstm32f4xx.a(stm32f4xx_adc.o)
                0x0800b654                ADC_ClearFlag
 .text.ADC_GetITStatus
                0x0800b65a       0x1c ../stm32f4xx\libstm32f4xx.a(stm32f4xx_adc.o)
                0x0800b65a                ADC_GetITStatus
 .text.ADC_ClearITPendingBit
                0x0800b676        0x8 ../stm32f4xx\libstm32f4xx.a(stm32f4xx_adc.o)
                0x0800b676                ADC_ClearITPendingBit
 *fill*         0x0800b67e        0x2 00
 .text.CAN_DeInit
                0x0800b680       0x34 ../stm32f4xx\libstm32f4xx.a(stm32f4xx_can.o)
                0x0800b680                CAN_DeInit
 .text.CAN_Init
                0x0800b6b4       0xd6 ../stm32f4xx\libstm32f4xx.a(stm32f4xx_can.o)
                0x0800b6b4                CAN_Init
 *fill*         0x0800b78a        0x2 00
 .text.CAN_FilterInit
                0x0800b78c       0xec ../stm32f4xx\libstm32f4xx.a(stm32f4xx_can.o)
                0x0800b78c                CAN_FilterInit
 .text.CAN_StructInit
                0x0800b878       0x20 ../stm32f4xx\libstm32f4xx.a(stm32f4xx_can.o)
                0x0800b878                CAN_StructInit
 .text.CAN_SlaveStartBank
                0x0800b898       0x3c ../stm32f4xx\libstm32f4xx.a(stm32f4xx_can.o)
                0x0800b898                CAN_SlaveStartBank
 .text.CAN_DBGFreeze
                0x0800b8d4       0x12 ../stm32f4xx\libstm32f4xx.a(stm32f4xx_can.o)
                0x0800b8d4                CAN_DBGFreeze
 .text.CAN_TTComModeCmd
                0x0800b8e6       0x58 ../stm32f4xx\libstm32f4xx.a(stm32f4xx_can.o)
                0x0800b8e6                CAN_TTComModeCmd
 .text.CAN_Transmit
                0x0800b93e       0xb4 ../stm32f4xx\libstm32f4xx.a(stm32f4xx_can.o)
                0x0800b93e                CAN_Transmit
 *fill*         0x0800b9f2        0x2 00
 .text.CAN_TransmitStatus
                0x0800b9f4       0x4c ../stm32f4xx\libstm32f4xx.a(stm32f4xx_can.o)
                0x0800b9f4                CAN_TransmitStatus
 .text.CAN_CancelTransmit
                0x0800ba40       0x24 ../stm32f4xx\libstm32f4xx.a(stm32f4xx_can.o)
                0x0800ba40                CAN_CancelTransmit
 .text.CAN_Receive
                0x0800ba64       0x8c ../stm32f4xx\libstm32f4xx.a(stm32f4xx_can.o)
                0x0800ba64                CAN_Receive
 .text.CAN_FIFORelease
                0x0800baf0       0x16 ../stm32f4xx\libstm32f4xx.a(stm32f4xx_can.o)
                0x0800baf0                CAN_FIFORelease
 .text.CAN_MessagePending
                0x0800bb06       0x16 ../stm32f4xx\libstm32f4xx.a(stm32f4xx_can.o)
                0x0800bb06                CAN_MessagePending
 .text.CAN_OperatingModeRequest
                0x0800bb1c       0x88 ../stm32f4xx\libstm32f4xx.a(stm32f4xx_can.o)
                0x0800bb1c                CAN_OperatingModeRequest
 .text.CAN_Sleep
                0x0800bba4       0x1c ../stm32f4xx\libstm32f4xx.a(stm32f4xx_can.o)
                0x0800bba4                CAN_Sleep
 .text.CAN_WakeUp
                0x0800bbc0       0x22 ../stm32f4xx\libstm32f4xx.a(stm32f4xx_can.o)
                0x0800bbc0                CAN_WakeUp
 .text.CAN_GetLastErrorCode
                0x0800bbe2        0x8 ../stm32f4xx\libstm32f4xx.a(stm32f4xx_can.o)
                0x0800bbe2                CAN_GetLastErrorCode
 .text.CAN_GetReceiveErrorCounter
                0x0800bbea        0x6 ../stm32f4xx\libstm32f4xx.a(stm32f4xx_can.o)
                0x0800bbea                CAN_GetReceiveErrorCounter
 .text.CAN_GetLSBTransmitErrorCounter
                0x0800bbf0        0x8 ../stm32f4xx\libstm32f4xx.a(stm32f4xx_can.o)
                0x0800bbf0                CAN_GetLSBTransmitErrorCounter
 .text.CAN_ITConfig
                0x0800bbf8       0x10 ../stm32f4xx\libstm32f4xx.a(stm32f4xx_can.o)
                0x0800bbf8                CAN_ITConfig
 .text.CAN_GetFlagStatus
                0x0800bc08       0x34 ../stm32f4xx\libstm32f4xx.a(stm32f4xx_can.o)
                0x0800bc08                CAN_GetFlagStatus
 .text.CAN_ClearFlag
                0x0800bc3c       0x34 ../stm32f4xx\libstm32f4xx.a(stm32f4xx_can.o)
                0x0800bc3c                CAN_ClearFlag
 .text.CAN_GetITStatus
                0x0800bc70       0xca ../stm32f4xx\libstm32f4xx.a(stm32f4xx_can.o)
                0x0800bc70                CAN_GetITStatus
 *fill*         0x0800bd3a        0x2 00
 .text.CAN_ClearITPendingBit
                0x0800bd3c       0x78 ../stm32f4xx\libstm32f4xx.a(stm32f4xx_can.o)
                0x0800bd3c                CAN_ClearITPendingBit
 .text.DMA_DeInit
                0x0800bdb4      0x10c ../stm32f4xx\libstm32f4xx.a(stm32f4xx_dma.o)
                0x0800bdb4                DMA_DeInit
 .text.DMA_Init
                0x0800bec0       0x54 ../stm32f4xx\libstm32f4xx.a(stm32f4xx_dma.o)
                0x0800bec0                DMA_Init
 .text.DMA_StructInit
                0x0800bf14       0x22 ../stm32f4xx\libstm32f4xx.a(stm32f4xx_dma.o)
                0x0800bf14                DMA_StructInit
 .text.DMA_Cmd  0x0800bf36       0x12 ../stm32f4xx\libstm32f4xx.a(stm32f4xx_dma.o)
                0x0800bf36                DMA_Cmd
 .text.DMA_PeriphIncOffsetSizeConfig
                0x0800bf48       0x12 ../stm32f4xx\libstm32f4xx.a(stm32f4xx_dma.o)
                0x0800bf48                DMA_PeriphIncOffsetSizeConfig
 .text.DMA_FlowControllerConfig
                0x0800bf5a       0x12 ../stm32f4xx\libstm32f4xx.a(stm32f4xx_dma.o)
                0x0800bf5a                DMA_FlowControllerConfig
 .text.DMA_SetCurrDataCounter
                0x0800bf6c        0x4 ../stm32f4xx\libstm32f4xx.a(stm32f4xx_dma.o)
                0x0800bf6c                DMA_SetCurrDataCounter
 .text.DMA_GetCurrDataCounter
                0x0800bf70        0x6 ../stm32f4xx\libstm32f4xx.a(stm32f4xx_dma.o)
                0x0800bf70                DMA_GetCurrDataCounter
 .text.DMA_DoubleBufferModeConfig
                0x0800bf76       0x14 ../stm32f4xx\libstm32f4xx.a(stm32f4xx_dma.o)
                0x0800bf76                DMA_DoubleBufferModeConfig
 .text.DMA_DoubleBufferModeCmd
                0x0800bf8a       0x12 ../stm32f4xx\libstm32f4xx.a(stm32f4xx_dma.o)
                0x0800bf8a                DMA_DoubleBufferModeCmd
 .text.DMA_MemoryTargetConfig
                0x0800bf9c        0xa ../stm32f4xx\libstm32f4xx.a(stm32f4xx_dma.o)
                0x0800bf9c                DMA_MemoryTargetConfig
 .text.DMA_GetCurrentMemoryTarget
                0x0800bfa6        0x8 ../stm32f4xx\libstm32f4xx.a(stm32f4xx_dma.o)
                0x0800bfa6                DMA_GetCurrentMemoryTarget
 .text.DMA_GetCmdStatus
                0x0800bfae        0x8 ../stm32f4xx\libstm32f4xx.a(stm32f4xx_dma.o)
                0x0800bfae                DMA_GetCmdStatus
 .text.DMA_GetFIFOStatus
                0x0800bfb6        0x8 ../stm32f4xx\libstm32f4xx.a(stm32f4xx_dma.o)
                0x0800bfb6                DMA_GetFIFOStatus
 *fill*         0x0800bfbe        0x2 00
 .text.DMA_GetFlagStatus
                0x0800bfc0       0x38 ../stm32f4xx\libstm32f4xx.a(stm32f4xx_dma.o)
                0x0800bfc0                DMA_GetFlagStatus
 .text.DMA_ClearFlag
                0x0800bff8       0x30 ../stm32f4xx\libstm32f4xx.a(stm32f4xx_dma.o)
                0x0800bff8                DMA_ClearFlag
 .text.DMA_ITConfig
                0x0800c028       0x3e ../stm32f4xx\libstm32f4xx.a(stm32f4xx_dma.o)
                0x0800c028                DMA_ITConfig
 *fill*         0x0800c066        0x2 00
 .text.DMA_GetITStatus
                0x0800c068       0x54 ../stm32f4xx\libstm32f4xx.a(stm32f4xx_dma.o)
                0x0800c068                DMA_GetITStatus
 .text.DMA_ClearITPendingBit
                0x0800c0bc       0x30 ../stm32f4xx\libstm32f4xx.a(stm32f4xx_dma.o)
                0x0800c0bc                DMA_ClearITPendingBit
 .text.EXTI_DeInit
                0x0800c0ec       0x1c ../stm32f4xx\libstm32f4xx.a(stm32f4xx_exti.o)
                0x0800c0ec                EXTI_DeInit
 .text.EXTI_Init
                0x0800c108       0x78 ../stm32f4xx\libstm32f4xx.a(stm32f4xx_exti.o)
                0x0800c108                EXTI_Init
 .text.EXTI_StructInit
                0x0800c180        0xe ../stm32f4xx\libstm32f4xx.a(stm32f4xx_exti.o)
                0x0800c180                EXTI_StructInit
 *fill*         0x0800c18e        0x2 00
 .text.EXTI_GenerateSWInterrupt
                0x0800c190       0x10 ../stm32f4xx\libstm32f4xx.a(stm32f4xx_exti.o)
                0x0800c190                EXTI_GenerateSWInterrupt
 .text.EXTI_GetFlagStatus
                0x0800c1a0       0x14 ../stm32f4xx\libstm32f4xx.a(stm32f4xx_exti.o)
                0x0800c1a0                EXTI_GetFlagStatus
 .text.EXTI_ClearFlag
                0x0800c1b4        0xc ../stm32f4xx\libstm32f4xx.a(stm32f4xx_exti.o)
                0x0800c1b4                EXTI_ClearFlag
 .text.EXTI_GetITStatus
                0x0800c1c0       0x20 ../stm32f4xx\libstm32f4xx.a(stm32f4xx_exti.o)
                0x0800c1c0                EXTI_GetITStatus
 .text.EXTI_ClearITPendingBit
                0x0800c1e0        0xc ../stm32f4xx\libstm32f4xx.a(stm32f4xx_exti.o)
                0x0800c1e0                EXTI_ClearITPendingBit
 .text.FLASH_SetLatency
                0x0800c1ec        0xc ../stm32f4xx\libstm32f4xx.a(stm32f4xx_flash.o)
                0x0800c1ec                FLASH_SetLatency
 .text.FLASH_PrefetchBufferCmd
                0x0800c1f8       0x18 ../stm32f4xx\libstm32f4xx.a(stm32f4xx_flash.o)
                0x0800c1f8                FLASH_PrefetchBufferCmd
 .text.FLASH_InstructionCacheCmd
                0x0800c210       0x18 ../stm32f4xx\libstm32f4xx.a(stm32f4xx_flash.o)
                0x0800c210                FLASH_InstructionCacheCmd
 .text.FLASH_DataCacheCmd
                0x0800c228       0x18 ../stm32f4xx\libstm32f4xx.a(stm32f4xx_flash.o)
                0x0800c228                FLASH_DataCacheCmd
 .text.FLASH_InstructionCacheReset
                0x0800c240       0x10 ../stm32f4xx\libstm32f4xx.a(stm32f4xx_flash.o)
                0x0800c240                FLASH_InstructionCacheReset
 .text.FLASH_DataCacheReset
                0x0800c250       0x10 ../stm32f4xx\libstm32f4xx.a(stm32f4xx_flash.o)
                0x0800c250                FLASH_DataCacheReset
 .text.FLASH_Unlock
                0x0800c260       0x1c ../stm32f4xx\libstm32f4xx.a(stm32f4xx_flash.o)
                0x0800c260                FLASH_Unlock
 .text.FLASH_Lock
                0x0800c27c       0x10 ../stm32f4xx\libstm32f4xx.a(stm32f4xx_flash.o)
                0x0800c27c                FLASH_Lock
 .text.FLASH_OB_Unlock
                0x0800c28c       0x1c ../stm32f4xx\libstm32f4xx.a(stm32f4xx_flash.o)
                0x0800c28c                FLASH_OB_Unlock
 .text.FLASH_OB_Lock
                0x0800c2a8       0x10 ../stm32f4xx\libstm32f4xx.a(stm32f4xx_flash.o)
                0x0800c2a8                FLASH_OB_Lock
 .text.FLASH_OB_BORConfig
                0x0800c2b8       0x18 ../stm32f4xx\libstm32f4xx.a(stm32f4xx_flash.o)
                0x0800c2b8                FLASH_OB_BORConfig
 .text.FLASH_OB_GetUser
                0x0800c2d0       0x10 ../stm32f4xx\libstm32f4xx.a(stm32f4xx_flash.o)
                0x0800c2d0                FLASH_OB_GetUser
 .text.FLASH_OB_GetWRP
                0x0800c2e0        0xc ../stm32f4xx\libstm32f4xx.a(stm32f4xx_flash.o)
                0x0800c2e0                FLASH_OB_GetWRP
 .text.FLASH_OB_GetWRP1
                0x0800c2ec        0xc ../stm32f4xx\libstm32f4xx.a(stm32f4xx_flash.o)
                0x0800c2ec                FLASH_OB_GetWRP1
 .text.FLASH_OB_GetRDP
                0x0800c2f8       0x10 ../stm32f4xx\libstm32f4xx.a(stm32f4xx_flash.o)
                0x0800c2f8                FLASH_OB_GetRDP
 .text.FLASH_OB_GetBOR
                0x0800c308       0x10 ../stm32f4xx\libstm32f4xx.a(stm32f4xx_flash.o)
                0x0800c308                FLASH_OB_GetBOR
 .text.FLASH_ITConfig
                0x0800c318       0x18 ../stm32f4xx\libstm32f4xx.a(stm32f4xx_flash.o)
                0x0800c318                FLASH_ITConfig
 .text.FLASH_GetFlagStatus
                0x0800c330       0x14 ../stm32f4xx\libstm32f4xx.a(stm32f4xx_flash.o)
                0x0800c330                FLASH_GetFlagStatus
 .text.FLASH_ClearFlag
                0x0800c344        0xc ../stm32f4xx\libstm32f4xx.a(stm32f4xx_flash.o)
                0x0800c344                FLASH_ClearFlag
 .text.FLASH_GetStatus
                0x0800c350       0x34 ../stm32f4xx\libstm32f4xx.a(stm32f4xx_flash.o)
                0x0800c350                FLASH_GetStatus
 .text.FLASH_WaitForLastOperation
                0x0800c384       0x1e ../stm32f4xx\libstm32f4xx.a(stm32f4xx_flash.o)
                0x0800c384                FLASH_WaitForLastOperation
 *fill*         0x0800c3a2        0x2 00
 .text.FLASH_OB_Launch
                0x0800c3a4       0x14 ../stm32f4xx\libstm32f4xx.a(stm32f4xx_flash.o)
                0x0800c3a4                FLASH_OB_Launch
 .text.FLASH_OB_UserConfig
                0x0800c3b8       0x28 ../stm32f4xx\libstm32f4xx.a(stm32f4xx_flash.o)
                0x0800c3b8                FLASH_OB_UserConfig
 .text.FLASH_OB_RDPConfig
                0x0800c3e0       0x18 ../stm32f4xx\libstm32f4xx.a(stm32f4xx_flash.o)
                0x0800c3e0                FLASH_OB_RDPConfig
 .text.FLASH_OB_WRP1Config
                0x0800c3f8       0x28 ../stm32f4xx\libstm32f4xx.a(stm32f4xx_flash.o)
                0x0800c3f8                FLASH_OB_WRP1Config
 .text.FLASH_OB_WRPConfig
                0x0800c420       0x28 ../stm32f4xx\libstm32f4xx.a(stm32f4xx_flash.o)
                0x0800c420                FLASH_OB_WRPConfig
 .text.FLASH_ProgramByte
                0x0800c448       0x38 ../stm32f4xx\libstm32f4xx.a(stm32f4xx_flash.o)
                0x0800c448                FLASH_ProgramByte
 .text.FLASH_ProgramHalfWord
                0x0800c480       0x3c ../stm32f4xx\libstm32f4xx.a(stm32f4xx_flash.o)
                0x0800c480                FLASH_ProgramHalfWord
 .text.FLASH_ProgramWord
                0x0800c4bc       0x3c ../stm32f4xx\libstm32f4xx.a(stm32f4xx_flash.o)
                0x0800c4bc                FLASH_ProgramWord
 .text.FLASH_ProgramDoubleWord
                0x0800c4f8       0x40 ../stm32f4xx\libstm32f4xx.a(stm32f4xx_flash.o)
                0x0800c4f8                FLASH_ProgramDoubleWord
 .text.FLASH_EraseAllSectors
                0x0800c538       0x5c ../stm32f4xx\libstm32f4xx.a(stm32f4xx_flash.o)
                0x0800c538                FLASH_EraseAllSectors
 .text.FLASH_EraseSector
                0x0800c594       0x6c ../stm32f4xx\libstm32f4xx.a(stm32f4xx_flash.o)
                0x0800c594                FLASH_EraseSector
 .text.GPIO_DeInit
                0x0800c600       0xd8 ../stm32f4xx\libstm32f4xx.a(stm32f4xx_gpio.o)
                0x0800c600                GPIO_DeInit
 .text.GPIO_Init
                0x0800c6d8       0x86 ../stm32f4xx\libstm32f4xx.a(stm32f4xx_gpio.o)
                0x0800c6d8                GPIO_Init
 .text.GPIO_StructInit
                0x0800c75e       0x12 ../stm32f4xx\libstm32f4xx.a(stm32f4xx_gpio.o)
                0x0800c75e                GPIO_StructInit
 .text.GPIO_PinLockConfig
                0x0800c770       0x26 ../stm32f4xx\libstm32f4xx.a(stm32f4xx_gpio.o)
                0x0800c770                GPIO_PinLockConfig
 .text.GPIO_ReadInputDataBit
                0x0800c796        0xc ../stm32f4xx\libstm32f4xx.a(stm32f4xx_gpio.o)
                0x0800c796                GPIO_ReadInputDataBit
 .text.GPIO_ReadInputData
                0x0800c7a2        0x6 ../stm32f4xx\libstm32f4xx.a(stm32f4xx_gpio.o)
                0x0800c7a2                GPIO_ReadInputData
 .text.GPIO_ReadOutputDataBit
                0x0800c7a8        0xc ../stm32f4xx\libstm32f4xx.a(stm32f4xx_gpio.o)
                0x0800c7a8                GPIO_ReadOutputDataBit
 .text.GPIO_ReadOutputData
                0x0800c7b4        0x6 ../stm32f4xx\libstm32f4xx.a(stm32f4xx_gpio.o)
                0x0800c7b4                GPIO_ReadOutputData
 .text.GPIO_SetBits
                0x0800c7ba        0x4 ../stm32f4xx\libstm32f4xx.a(stm32f4xx_gpio.o)
                0x0800c7ba                GPIO_SetBits
 .text.GPIO_ResetBits
                0x0800c7be        0x4 ../stm32f4xx\libstm32f4xx.a(stm32f4xx_gpio.o)
                0x0800c7be                GPIO_ResetBits
 .text.GPIO_WriteBit
                0x0800c7c2        0xa ../stm32f4xx\libstm32f4xx.a(stm32f4xx_gpio.o)
                0x0800c7c2                GPIO_WriteBit
 .text.GPIO_Write
                0x0800c7cc        0x4 ../stm32f4xx\libstm32f4xx.a(stm32f4xx_gpio.o)
                0x0800c7cc                GPIO_Write
 .text.GPIO_ToggleBits
                0x0800c7d0        0x8 ../stm32f4xx\libstm32f4xx.a(stm32f4xx_gpio.o)
                0x0800c7d0                GPIO_ToggleBits
 .text.GPIO_PinAFConfig
                0x0800c7d8       0x2e ../stm32f4xx\libstm32f4xx.a(stm32f4xx_gpio.o)
                0x0800c7d8                GPIO_PinAFConfig
 *fill*         0x0800c806        0x2 00
 .text.RCC_DeInit
                0x0800c808       0x3c ../stm32f4xx\libstm32f4xx.a(stm32f4xx_rcc.o)
                0x0800c808                RCC_DeInit
 .text.RCC_HSEConfig
                0x0800c844       0x10 ../stm32f4xx\libstm32f4xx.a(stm32f4xx_rcc.o)
                0x0800c844                RCC_HSEConfig
 .text.RCC_AdjustHSICalibrationValue
                0x0800c854       0x14 ../stm32f4xx\libstm32f4xx.a(stm32f4xx_rcc.o)
                0x0800c854                RCC_AdjustHSICalibrationValue
 .text.RCC_HSICmd
                0x0800c868        0xc ../stm32f4xx\libstm32f4xx.a(stm32f4xx_rcc.o)
                0x0800c868                RCC_HSICmd
 .text.RCC_LSEConfig
                0x0800c874       0x20 ../stm32f4xx\libstm32f4xx.a(stm32f4xx_rcc.o)
                0x0800c874                RCC_LSEConfig
 .text.RCC_LSICmd
                0x0800c894        0xc ../stm32f4xx\libstm32f4xx.a(stm32f4xx_rcc.o)
                0x0800c894                RCC_LSICmd
 .text.RCC_PLLConfig
                0x0800c8a0       0x20 ../stm32f4xx\libstm32f4xx.a(stm32f4xx_rcc.o)
                0x0800c8a0                RCC_PLLConfig
 .text.RCC_PLLCmd
                0x0800c8c0        0xc ../stm32f4xx\libstm32f4xx.a(stm32f4xx_rcc.o)
                0x0800c8c0                RCC_PLLCmd
 .text.RCC_PLLI2SConfig
                0x0800c8cc       0x14 ../stm32f4xx\libstm32f4xx.a(stm32f4xx_rcc.o)
                0x0800c8cc                RCC_PLLI2SConfig
 .text.RCC_PLLI2SCmd
                0x0800c8e0        0xc ../stm32f4xx\libstm32f4xx.a(stm32f4xx_rcc.o)
                0x0800c8e0                RCC_PLLI2SCmd
 .text.RCC_ClockSecuritySystemCmd
                0x0800c8ec        0xc ../stm32f4xx\libstm32f4xx.a(stm32f4xx_rcc.o)
                0x0800c8ec                RCC_ClockSecuritySystemCmd
 .text.RCC_MCO1Config
                0x0800c8f8       0x14 ../stm32f4xx\libstm32f4xx.a(stm32f4xx_rcc.o)
                0x0800c8f8                RCC_MCO1Config
 .text.RCC_MCO2Config
                0x0800c90c       0x14 ../stm32f4xx\libstm32f4xx.a(stm32f4xx_rcc.o)
                0x0800c90c                RCC_MCO2Config
 .text.RCC_SYSCLKConfig
                0x0800c920       0x14 ../stm32f4xx\libstm32f4xx.a(stm32f4xx_rcc.o)
                0x0800c920                RCC_SYSCLKConfig
 .text.RCC_GetSYSCLKSource
                0x0800c934       0x10 ../stm32f4xx\libstm32f4xx.a(stm32f4xx_rcc.o)
                0x0800c934                RCC_GetSYSCLKSource
 .text.RCC_HCLKConfig
                0x0800c944       0x14 ../stm32f4xx\libstm32f4xx.a(stm32f4xx_rcc.o)
                0x0800c944                RCC_HCLKConfig
 .text.RCC_PCLK1Config
                0x0800c958       0x14 ../stm32f4xx\libstm32f4xx.a(stm32f4xx_rcc.o)
                0x0800c958                RCC_PCLK1Config
 .text.RCC_PCLK2Config
                0x0800c96c       0x14 ../stm32f4xx\libstm32f4xx.a(stm32f4xx_rcc.o)
                0x0800c96c                RCC_PCLK2Config
 .text.RCC_GetClocksFreq
                0x0800c980       0x90 ../stm32f4xx\libstm32f4xx.a(stm32f4xx_rcc.o)
                0x0800c980                RCC_GetClocksFreq
 .text.RCC_SetHSEFreq
                0x0800ca10        0xc ../stm32f4xx\libstm32f4xx.a(stm32f4xx_rcc.o)
                0x0800ca10                RCC_SetHSEFreq
 .text.RCC_RTCCLKConfig
                0x0800ca1c       0x30 ../stm32f4xx\libstm32f4xx.a(stm32f4xx_rcc.o)
                0x0800ca1c                RCC_RTCCLKConfig
 .text.RCC_RTCCLKCmd
                0x0800ca4c        0xc ../stm32f4xx\libstm32f4xx.a(stm32f4xx_rcc.o)
                0x0800ca4c                RCC_RTCCLKCmd
 .text.RCC_BackupResetCmd
                0x0800ca58        0xc ../stm32f4xx\libstm32f4xx.a(stm32f4xx_rcc.o)
                0x0800ca58                RCC_BackupResetCmd
 .text.RCC_I2SCLKConfig
                0x0800ca64        0xc ../stm32f4xx\libstm32f4xx.a(stm32f4xx_rcc.o)
                0x0800ca64                RCC_I2SCLKConfig
 .text.RCC_TIMCLKPresConfig
                0x0800ca70        0xc ../stm32f4xx\libstm32f4xx.a(stm32f4xx_rcc.o)
                0x0800ca70                RCC_TIMCLKPresConfig
 .text.RCC_AHB1PeriphClockCmd
                0x0800ca7c       0x18 ../stm32f4xx\libstm32f4xx.a(stm32f4xx_rcc.o)
                0x0800ca7c                RCC_AHB1PeriphClockCmd
 .text.RCC_AHB2PeriphClockCmd
                0x0800ca94       0x18 ../stm32f4xx\libstm32f4xx.a(stm32f4xx_rcc.o)
                0x0800ca94                RCC_AHB2PeriphClockCmd
 .text.RCC_AHB3PeriphClockCmd
                0x0800caac       0x18 ../stm32f4xx\libstm32f4xx.a(stm32f4xx_rcc.o)
                0x0800caac                RCC_AHB3PeriphClockCmd
 .text.RCC_APB1PeriphClockCmd
                0x0800cac4       0x18 ../stm32f4xx\libstm32f4xx.a(stm32f4xx_rcc.o)
                0x0800cac4                RCC_APB1PeriphClockCmd
 .text.RCC_APB2PeriphClockCmd
                0x0800cadc       0x18 ../stm32f4xx\libstm32f4xx.a(stm32f4xx_rcc.o)
                0x0800cadc                RCC_APB2PeriphClockCmd
 .text.RCC_AHB1PeriphResetCmd
                0x0800caf4       0x18 ../stm32f4xx\libstm32f4xx.a(stm32f4xx_rcc.o)
                0x0800caf4                RCC_AHB1PeriphResetCmd
 .text.RCC_AHB2PeriphResetCmd
                0x0800cb0c       0x18 ../stm32f4xx\libstm32f4xx.a(stm32f4xx_rcc.o)
                0x0800cb0c                RCC_AHB2PeriphResetCmd
 .text.RCC_AHB3PeriphResetCmd
                0x0800cb24       0x18 ../stm32f4xx\libstm32f4xx.a(stm32f4xx_rcc.o)
                0x0800cb24                RCC_AHB3PeriphResetCmd
 .text.RCC_APB1PeriphResetCmd
                0x0800cb3c       0x18 ../stm32f4xx\libstm32f4xx.a(stm32f4xx_rcc.o)
                0x0800cb3c                RCC_APB1PeriphResetCmd
 .text.RCC_APB2PeriphResetCmd
                0x0800cb54       0x18 ../stm32f4xx\libstm32f4xx.a(stm32f4xx_rcc.o)
                0x0800cb54                RCC_APB2PeriphResetCmd
 .text.RCC_AHB1PeriphClockLPModeCmd
                0x0800cb6c       0x18 ../stm32f4xx\libstm32f4xx.a(stm32f4xx_rcc.o)
                0x0800cb6c                RCC_AHB1PeriphClockLPModeCmd
 .text.RCC_AHB2PeriphClockLPModeCmd
                0x0800cb84       0x18 ../stm32f4xx\libstm32f4xx.a(stm32f4xx_rcc.o)
                0x0800cb84                RCC_AHB2PeriphClockLPModeCmd
 .text.RCC_AHB3PeriphClockLPModeCmd
                0x0800cb9c       0x18 ../stm32f4xx\libstm32f4xx.a(stm32f4xx_rcc.o)
                0x0800cb9c                RCC_AHB3PeriphClockLPModeCmd
 .text.RCC_APB1PeriphClockLPModeCmd
                0x0800cbb4       0x18 ../stm32f4xx\libstm32f4xx.a(stm32f4xx_rcc.o)
                0x0800cbb4                RCC_APB1PeriphClockLPModeCmd
 .text.RCC_APB2PeriphClockLPModeCmd
                0x0800cbcc       0x18 ../stm32f4xx\libstm32f4xx.a(stm32f4xx_rcc.o)
                0x0800cbcc                RCC_APB2PeriphClockLPModeCmd
 .text.RCC_ITConfig
                0x0800cbe4       0x18 ../stm32f4xx\libstm32f4xx.a(stm32f4xx_rcc.o)
                0x0800cbe4                RCC_ITConfig
 .text.RCC_GetFlagStatus
                0x0800cbfc       0x28 ../stm32f4xx\libstm32f4xx.a(stm32f4xx_rcc.o)
                0x0800cbfc                RCC_GetFlagStatus
 .text.RCC_WaitForHSEStartUp
                0x0800cc24       0x2c ../stm32f4xx\libstm32f4xx.a(stm32f4xx_rcc.o)
                0x0800cc24                RCC_WaitForHSEStartUp
 .text.RCC_ClearFlag
                0x0800cc50       0x10 ../stm32f4xx\libstm32f4xx.a(stm32f4xx_rcc.o)
                0x0800cc50                RCC_ClearFlag
 .text.RCC_GetITStatus
                0x0800cc60       0x14 ../stm32f4xx\libstm32f4xx.a(stm32f4xx_rcc.o)
                0x0800cc60                RCC_GetITStatus
 .text.RCC_ClearITPendingBit
                0x0800cc74        0xc ../stm32f4xx\libstm32f4xx.a(stm32f4xx_rcc.o)
                0x0800cc74                RCC_ClearITPendingBit
 .text.SYSCFG_DeInit
                0x0800cc80       0x1a ../stm32f4xx\libstm32f4xx.a(stm32f4xx_syscfg.o)
                0x0800cc80                SYSCFG_DeInit
 *fill*         0x0800cc9a        0x2 00
 .text.SYSCFG_MemoryRemapConfig
                0x0800cc9c        0xc ../stm32f4xx\libstm32f4xx.a(stm32f4xx_syscfg.o)
                0x0800cc9c                SYSCFG_MemoryRemapConfig
 .text.SYSCFG_EXTILineConfig
                0x0800cca8       0x34 ../stm32f4xx\libstm32f4xx.a(stm32f4xx_syscfg.o)
                0x0800cca8                SYSCFG_EXTILineConfig
 .text.SYSCFG_ETH_MediaInterfaceConfig
                0x0800ccdc        0xc ../stm32f4xx\libstm32f4xx.a(stm32f4xx_syscfg.o)
                0x0800ccdc                SYSCFG_ETH_MediaInterfaceConfig
 .text.SYSCFG_CompensationCellCmd
                0x0800cce8        0xc ../stm32f4xx\libstm32f4xx.a(stm32f4xx_syscfg.o)
                0x0800cce8                SYSCFG_CompensationCellCmd
 .text.SYSCFG_GetCompensationCellStatus
                0x0800ccf4       0x10 ../stm32f4xx\libstm32f4xx.a(stm32f4xx_syscfg.o)
                0x0800ccf4                SYSCFG_GetCompensationCellStatus
 .text.TI1_Config
                0x0800cd04       0x32 ../stm32f4xx\libstm32f4xx.a(stm32f4xx_tim.o)
 .text.TI2_Config
                0x0800cd36       0x3a ../stm32f4xx\libstm32f4xx.a(stm32f4xx_tim.o)
 .text.TIM_DeInit
                0x0800cd70      0x154 ../stm32f4xx\libstm32f4xx.a(stm32f4xx_tim.o)
                0x0800cd70                TIM_DeInit
 .text.TIM_TimeBaseInit
                0x0800cec4       0x7c ../stm32f4xx\libstm32f4xx.a(stm32f4xx_tim.o)
                0x0800cec4                TIM_TimeBaseInit
 .text.TIM_TimeBaseStructInit
                0x0800cf40       0x12 ../stm32f4xx\libstm32f4xx.a(stm32f4xx_tim.o)
                0x0800cf40                TIM_TimeBaseStructInit
 .text.TIM_PrescalerConfig
                0x0800cf52        0x6 ../stm32f4xx\libstm32f4xx.a(stm32f4xx_tim.o)
                0x0800cf52                TIM_PrescalerConfig
 .text.TIM_CounterModeConfig
                0x0800cf58       0x10 ../stm32f4xx\libstm32f4xx.a(stm32f4xx_tim.o)
                0x0800cf58                TIM_CounterModeConfig
 .text.TIM_SetCounter
                0x0800cf68        0x4 ../stm32f4xx\libstm32f4xx.a(stm32f4xx_tim.o)
                0x0800cf68                TIM_SetCounter
 .text.TIM_SetAutoreload
                0x0800cf6c        0x4 ../stm32f4xx\libstm32f4xx.a(stm32f4xx_tim.o)
                0x0800cf6c                TIM_SetAutoreload
 .text.TIM_GetCounter
                0x0800cf70        0x4 ../stm32f4xx\libstm32f4xx.a(stm32f4xx_tim.o)
                0x0800cf70                TIM_GetCounter
 .text.TIM_GetPrescaler
                0x0800cf74        0x6 ../stm32f4xx\libstm32f4xx.a(stm32f4xx_tim.o)
                0x0800cf74                TIM_GetPrescaler
 .text.TIM_UpdateDisableConfig
                0x0800cf7a       0x18 ../stm32f4xx\libstm32f4xx.a(stm32f4xx_tim.o)
                0x0800cf7a                TIM_UpdateDisableConfig
 .text.TIM_UpdateRequestConfig
                0x0800cf92       0x18 ../stm32f4xx\libstm32f4xx.a(stm32f4xx_tim.o)
                0x0800cf92                TIM_UpdateRequestConfig
 .text.TIM_ARRPreloadConfig
                0x0800cfaa       0x18 ../stm32f4xx\libstm32f4xx.a(stm32f4xx_tim.o)
                0x0800cfaa                TIM_ARRPreloadConfig
 .text.TIM_SelectOnePulseMode
                0x0800cfc2       0x16 ../stm32f4xx\libstm32f4xx.a(stm32f4xx_tim.o)
                0x0800cfc2                TIM_SelectOnePulseMode
 .text.TIM_SetClockDivision
                0x0800cfd8       0x16 ../stm32f4xx\libstm32f4xx.a(stm32f4xx_tim.o)
                0x0800cfd8                TIM_SetClockDivision
 .text.TIM_Cmd  0x0800cfee       0x18 ../stm32f4xx\libstm32f4xx.a(stm32f4xx_tim.o)
                0x0800cfee                TIM_Cmd
 *fill*         0x0800d006        0x2 00
 .text.TIM_OC1Init
                0x0800d008       0x70 ../stm32f4xx\libstm32f4xx.a(stm32f4xx_tim.o)
                0x0800d008                TIM_OC1Init
 .text.TIM_OC2Init
                0x0800d078       0x88 ../stm32f4xx\libstm32f4xx.a(stm32f4xx_tim.o)
                0x0800d078                TIM_OC2Init
 .text.TIM_OC3Init
                0x0800d100       0x84 ../stm32f4xx\libstm32f4xx.a(stm32f4xx_tim.o)
                0x0800d100                TIM_OC3Init
 .text.TIM_OC4Init
                0x0800d184       0x68 ../stm32f4xx\libstm32f4xx.a(stm32f4xx_tim.o)
                0x0800d184                TIM_OC4Init
 .text.TIM_OCStructInit
                0x0800d1ec       0x14 ../stm32f4xx\libstm32f4xx.a(stm32f4xx_tim.o)
                0x0800d1ec                TIM_OCStructInit
 .text.TIM_SelectOCxM
                0x0800d200       0x48 ../stm32f4xx\libstm32f4xx.a(stm32f4xx_tim.o)
                0x0800d200                TIM_SelectOCxM
 .text.TIM_SetCompare1
                0x0800d248        0x4 ../stm32f4xx\libstm32f4xx.a(stm32f4xx_tim.o)
                0x0800d248                TIM_SetCompare1
 .text.TIM_SetCompare2
                0x0800d24c        0x4 ../stm32f4xx\libstm32f4xx.a(stm32f4xx_tim.o)
                0x0800d24c                TIM_SetCompare2
 .text.TIM_SetCompare3
                0x0800d250        0x4 ../stm32f4xx\libstm32f4xx.a(stm32f4xx_tim.o)
                0x0800d250                TIM_SetCompare3
 .text.TIM_SetCompare4
                0x0800d254        0x4 ../stm32f4xx\libstm32f4xx.a(stm32f4xx_tim.o)
                0x0800d254                TIM_SetCompare4
 .text.TIM_ForcedOC1Config
                0x0800d258       0x10 ../stm32f4xx\libstm32f4xx.a(stm32f4xx_tim.o)
                0x0800d258                TIM_ForcedOC1Config
 .text.TIM_ForcedOC2Config
                0x0800d268       0x14 ../stm32f4xx\libstm32f4xx.a(stm32f4xx_tim.o)
                0x0800d268                TIM_ForcedOC2Config
 .text.TIM_ForcedOC3Config
                0x0800d27c       0x10 ../stm32f4xx\libstm32f4xx.a(stm32f4xx_tim.o)
                0x0800d27c                TIM_ForcedOC3Config
 .text.TIM_ForcedOC4Config
                0x0800d28c       0x14 ../stm32f4xx\libstm32f4xx.a(stm32f4xx_tim.o)
                0x0800d28c                TIM_ForcedOC4Config
 .text.TIM_OC1PreloadConfig
                0x0800d2a0       0x10 ../stm32f4xx\libstm32f4xx.a(stm32f4xx_tim.o)
                0x0800d2a0                TIM_OC1PreloadConfig
 .text.TIM_OC2PreloadConfig
                0x0800d2b0       0x14 ../stm32f4xx\libstm32f4xx.a(stm32f4xx_tim.o)
                0x0800d2b0                TIM_OC2PreloadConfig
 .text.TIM_OC3PreloadConfig
                0x0800d2c4       0x10 ../stm32f4xx\libstm32f4xx.a(stm32f4xx_tim.o)
                0x0800d2c4                TIM_OC3PreloadConfig
 .text.TIM_OC4PreloadConfig
                0x0800d2d4       0x14 ../stm32f4xx\libstm32f4xx.a(stm32f4xx_tim.o)
                0x0800d2d4                TIM_OC4PreloadConfig
 .text.TIM_OC1FastConfig
                0x0800d2e8       0x10 ../stm32f4xx\libstm32f4xx.a(stm32f4xx_tim.o)
                0x0800d2e8                TIM_OC1FastConfig
 .text.TIM_OC2FastConfig
                0x0800d2f8       0x14 ../stm32f4xx\libstm32f4xx.a(stm32f4xx_tim.o)
                0x0800d2f8                TIM_OC2FastConfig
 .text.TIM_OC3FastConfig
                0x0800d30c       0x10 ../stm32f4xx\libstm32f4xx.a(stm32f4xx_tim.o)
                0x0800d30c                TIM_OC3FastConfig
 .text.TIM_OC4FastConfig
                0x0800d31c       0x14 ../stm32f4xx\libstm32f4xx.a(stm32f4xx_tim.o)
                0x0800d31c                TIM_OC4FastConfig
 .text.TIM_ClearOC1Ref
                0x0800d330       0x10 ../stm32f4xx\libstm32f4xx.a(stm32f4xx_tim.o)
                0x0800d330                TIM_ClearOC1Ref
 .text.TIM_ClearOC2Ref
                0x0800d340       0x10 ../stm32f4xx\libstm32f4xx.a(stm32f4xx_tim.o)
                0x0800d340                TIM_ClearOC2Ref
 .text.TIM_ClearOC3Ref
                0x0800d350       0x10 ../stm32f4xx\libstm32f4xx.a(stm32f4xx_tim.o)
                0x0800d350                TIM_ClearOC3Ref
 .text.TIM_ClearOC4Ref
                0x0800d360       0x10 ../stm32f4xx\libstm32f4xx.a(stm32f4xx_tim.o)
                0x0800d360                TIM_ClearOC4Ref
 .text.TIM_OC1PolarityConfig
                0x0800d370       0x10 ../stm32f4xx\libstm32f4xx.a(stm32f4xx_tim.o)
                0x0800d370                TIM_OC1PolarityConfig
 .text.TIM_OC1NPolarityConfig
                0x0800d380       0x10 ../stm32f4xx\libstm32f4xx.a(stm32f4xx_tim.o)
                0x0800d380                TIM_OC1NPolarityConfig
 .text.TIM_OC2PolarityConfig
                0x0800d390       0x14 ../stm32f4xx\libstm32f4xx.a(stm32f4xx_tim.o)
                0x0800d390                TIM_OC2PolarityConfig
 .text.TIM_OC2NPolarityConfig
                0x0800d3a4       0x14 ../stm32f4xx\libstm32f4xx.a(stm32f4xx_tim.o)
                0x0800d3a4                TIM_OC2NPolarityConfig
 .text.TIM_OC3PolarityConfig
                0x0800d3b8       0x14 ../stm32f4xx\libstm32f4xx.a(stm32f4xx_tim.o)
                0x0800d3b8                TIM_OC3PolarityConfig
 .text.TIM_OC3NPolarityConfig
                0x0800d3cc       0x14 ../stm32f4xx\libstm32f4xx.a(stm32f4xx_tim.o)
                0x0800d3cc                TIM_OC3NPolarityConfig
 .text.TIM_OC4PolarityConfig
                0x0800d3e0       0x14 ../stm32f4xx\libstm32f4xx.a(stm32f4xx_tim.o)
                0x0800d3e0                TIM_OC4PolarityConfig
 .text.TIM_CCxCmd
                0x0800d3f4       0x22 ../stm32f4xx\libstm32f4xx.a(stm32f4xx_tim.o)
                0x0800d3f4                TIM_CCxCmd
 .text.TIM_CCxNCmd
                0x0800d416       0x22 ../stm32f4xx\libstm32f4xx.a(stm32f4xx_tim.o)
                0x0800d416                TIM_CCxNCmd
 .text.TIM_ICStructInit
                0x0800d438       0x10 ../stm32f4xx\libstm32f4xx.a(stm32f4xx_tim.o)
                0x0800d438                TIM_ICStructInit
 .text.TIM_GetCapture1
                0x0800d448        0x4 ../stm32f4xx\libstm32f4xx.a(stm32f4xx_tim.o)
                0x0800d448                TIM_GetCapture1
 .text.TIM_GetCapture2
                0x0800d44c        0x4 ../stm32f4xx\libstm32f4xx.a(stm32f4xx_tim.o)
                0x0800d44c                TIM_GetCapture2
 .text.TIM_GetCapture3
                0x0800d450        0x4 ../stm32f4xx\libstm32f4xx.a(stm32f4xx_tim.o)
                0x0800d450                TIM_GetCapture3
 .text.TIM_GetCapture4
                0x0800d454        0x4 ../stm32f4xx\libstm32f4xx.a(stm32f4xx_tim.o)
                0x0800d454                TIM_GetCapture4
 .text.TIM_SetIC1Prescaler
                0x0800d458       0x16 ../stm32f4xx\libstm32f4xx.a(stm32f4xx_tim.o)
                0x0800d458                TIM_SetIC1Prescaler
 .text.TIM_SetIC2Prescaler
                0x0800d46e       0x1a ../stm32f4xx\libstm32f4xx.a(stm32f4xx_tim.o)
                0x0800d46e                TIM_SetIC2Prescaler
 .text.TIM_PWMIConfig
                0x0800d488       0x6e ../stm32f4xx\libstm32f4xx.a(stm32f4xx_tim.o)
                0x0800d488                TIM_PWMIConfig
 .text.TIM_SetIC3Prescaler
                0x0800d4f6       0x16 ../stm32f4xx\libstm32f4xx.a(stm32f4xx_tim.o)
                0x0800d4f6                TIM_SetIC3Prescaler
 .text.TIM_SetIC4Prescaler
                0x0800d50c       0x1a ../stm32f4xx\libstm32f4xx.a(stm32f4xx_tim.o)
                0x0800d50c                TIM_SetIC4Prescaler
 .text.TIM_ICInit
                0x0800d526       0xbe ../stm32f4xx\libstm32f4xx.a(stm32f4xx_tim.o)
                0x0800d526                TIM_ICInit
 .text.TIM_BDTRConfig
                0x0800d5e4       0x22 ../stm32f4xx\libstm32f4xx.a(stm32f4xx_tim.o)
                0x0800d5e4                TIM_BDTRConfig
 .text.TIM_BDTRStructInit
                0x0800d606       0x12 ../stm32f4xx\libstm32f4xx.a(stm32f4xx_tim.o)
                0x0800d606                TIM_BDTRStructInit
 .text.TIM_CtrlPWMOutputs
                0x0800d618       0x1c ../stm32f4xx\libstm32f4xx.a(stm32f4xx_tim.o)
                0x0800d618                TIM_CtrlPWMOutputs
 .text.TIM_SelectCOM
                0x0800d634       0x18 ../stm32f4xx\libstm32f4xx.a(stm32f4xx_tim.o)
                0x0800d634                TIM_SelectCOM
 .text.TIM_CCPreloadControl
                0x0800d64c       0x18 ../stm32f4xx\libstm32f4xx.a(stm32f4xx_tim.o)
                0x0800d64c                TIM_CCPreloadControl
 .text.TIM_ITConfig
                0x0800d664       0x12 ../stm32f4xx\libstm32f4xx.a(stm32f4xx_tim.o)
                0x0800d664                TIM_ITConfig
 .text.TIM_GenerateEvent
                0x0800d676        0x4 ../stm32f4xx\libstm32f4xx.a(stm32f4xx_tim.o)
                0x0800d676                TIM_GenerateEvent
 .text.TIM_GetFlagStatus
                0x0800d67a        0xc ../stm32f4xx\libstm32f4xx.a(stm32f4xx_tim.o)
                0x0800d67a                TIM_GetFlagStatus
 .text.TIM_ClearFlag
                0x0800d686        0x8 ../stm32f4xx\libstm32f4xx.a(stm32f4xx_tim.o)
                0x0800d686                TIM_ClearFlag
 .text.TIM_GetITStatus
                0x0800d68e       0x16 ../stm32f4xx\libstm32f4xx.a(stm32f4xx_tim.o)
                0x0800d68e                TIM_GetITStatus
 .text.TIM_ClearITPendingBit
                0x0800d6a4        0x8 ../stm32f4xx\libstm32f4xx.a(stm32f4xx_tim.o)
                0x0800d6a4                TIM_ClearITPendingBit
 .text.TIM_DMAConfig
                0x0800d6ac        0x8 ../stm32f4xx\libstm32f4xx.a(stm32f4xx_tim.o)
                0x0800d6ac                TIM_DMAConfig
 .text.TIM_DMACmd
                0x0800d6b4       0x12 ../stm32f4xx\libstm32f4xx.a(stm32f4xx_tim.o)
                0x0800d6b4                TIM_DMACmd
 .text.TIM_SelectCCDMA
                0x0800d6c6       0x18 ../stm32f4xx\libstm32f4xx.a(stm32f4xx_tim.o)
                0x0800d6c6                TIM_SelectCCDMA
 .text.TIM_InternalClockConfig
                0x0800d6de        0xe ../stm32f4xx\libstm32f4xx.a(stm32f4xx_tim.o)
                0x0800d6de                TIM_InternalClockConfig
 .text.TIM_ITRxExternalClockConfig
                0x0800d6ec       0x1a ../stm32f4xx\libstm32f4xx.a(stm32f4xx_tim.o)
                0x0800d6ec                TIM_ITRxExternalClockConfig
 .text.TIM_TIxExternalClockConfig
                0x0800d706       0x34 ../stm32f4xx\libstm32f4xx.a(stm32f4xx_tim.o)
                0x0800d706                TIM_TIxExternalClockConfig
 .text.TIM_SelectInputTrigger
                0x0800d73a       0x10 ../stm32f4xx\libstm32f4xx.a(stm32f4xx_tim.o)
                0x0800d73a                TIM_SelectInputTrigger
 .text.TIM_SelectOutputTrigger
                0x0800d74a       0x16 ../stm32f4xx\libstm32f4xx.a(stm32f4xx_tim.o)
                0x0800d74a                TIM_SelectOutputTrigger
 .text.TIM_SelectSlaveMode
                0x0800d760       0x16 ../stm32f4xx\libstm32f4xx.a(stm32f4xx_tim.o)
                0x0800d760                TIM_SelectSlaveMode
 .text.TIM_SelectMasterSlaveMode
                0x0800d776       0x16 ../stm32f4xx\libstm32f4xx.a(stm32f4xx_tim.o)
                0x0800d776                TIM_SelectMasterSlaveMode
 .text.TIM_ETRConfig