Archive member included because of file (symbol)

M:\___ROBOT\__SVN_new\4_Balises\Software_Emetteur_US\QS\libp30F6010A-coff.a(OpenMCPWM.o)
                              QS_pwm.o (OpenMCPWM)
M:\___ROBOT\__SVN_new\4_Balises\Software_Emetteur_US\QS\libp30F6010A-coff.a(SetDCMCPWM.o)
                              QS_pwm.o (SetDCMCPWM)
M:\___ROBOT\__SVN_new\4_Balises\Software_Emetteur_US\QS\libp30F6010A-coff.a(ConfigIntTimer1.o)
                              QS_timer.o (ConfigIntTimer1)
M:\___ROBOT\__SVN_new\4_Balises\Software_Emetteur_US\QS\libp30F6010A-coff.a(ConfigIntTimer2.o)
                              QS_timer.o (ConfigIntTimer2)
M:\___ROBOT\__SVN_new\4_Balises\Software_Emetteur_US\QS\libp30F6010A-coff.a(ConfigIntTimer3.o)
                              QS_timer.o (ConfigIntTimer3)
M:\___ROBOT\__SVN_new\4_Balises\Software_Emetteur_US\QS\libp30F6010A-coff.a(ConfigIntTimer45.o)
                              QS_timer.o (ConfigIntTimer45)
M:\___ROBOT\__SVN_new\4_Balises\Software_Emetteur_US\QS\libp30F6010A-coff.a(WriteTimer1.o)
                              QS_timer.o (WriteTimer1)
M:\___ROBOT\__SVN_new\4_Balises\Software_Emetteur_US\QS\libp30F6010A-coff.a(CloseTimer1.o)
                              QS_timer.o (CloseTimer1)
M:\___ROBOT\__SVN_new\4_Balises\Software_Emetteur_US\QS\libp30F6010A-coff.a(OpenTimer1.o)
                              QS_timer.o (OpenTimer1)
M:\___ROBOT\__SVN_new\4_Balises\Software_Emetteur_US\QS\libp30F6010A-coff.a(WriteTimer2.o)
                              QS_timer.o (WriteTimer2)
M:\___ROBOT\__SVN_new\4_Balises\Software_Emetteur_US\QS\libp30F6010A-coff.a(CloseTimer2.o)
                              QS_timer.o (CloseTimer2)
M:\___ROBOT\__SVN_new\4_Balises\Software_Emetteur_US\QS\libp30F6010A-coff.a(OpenTimer2.o)
                              QS_timer.o (OpenTimer2)
M:\___ROBOT\__SVN_new\4_Balises\Software_Emetteur_US\QS\libp30F6010A-coff.a(WriteTimer3.o)
                              QS_timer.o (WriteTimer3)
M:\___ROBOT\__SVN_new\4_Balises\Software_Emetteur_US\QS\libp30F6010A-coff.a(CloseTimer3.o)
                              QS_timer.o (CloseTimer3)
M:\___ROBOT\__SVN_new\4_Balises\Software_Emetteur_US\QS\libp30F6010A-coff.a(OpenTimer3.o)
                              QS_timer.o (OpenTimer3)
M:\___ROBOT\__SVN_new\4_Balises\Software_Emetteur_US\QS\libp30F6010A-coff.a(WriteTimer45.o)
                              QS_timer.o (WriteTimer45)
M:\___ROBOT\__SVN_new\4_Balises\Software_Emetteur_US\QS\libp30F6010A-coff.a(CloseTimer45.o)
                              QS_timer.o (CloseTimer45)
M:\___ROBOT\__SVN_new\4_Balises\Software_Emetteur_US\QS\libp30F6010A-coff.a(OpenTimer4.o)
                              QS_timer.o (OpenTimer4)
M:\___ROBOT\__SVN_new\4_Balises\Software_Emetteur_US\QS\libp30F6010A-coff.a(OpenUART1.o)
                              QS_uart.o (OpenUART1)
M:\___ROBOT\__SVN_new\4_Balises\Software_Emetteur_US\QS\libp30F6010A-coff.a(ConfigIntUART1.o)
                              QS_uart.o (ConfigIntUART1)
M:\___ROBOT\__SVN_new\4_Balises\Software_Emetteur_US\QS\libp30F6010A-coff.a(ReadUART1.o)
                              QS_uart.o (ReadUART1)
M:\___ROBOT\__SVN_new\4_Balises\Software_Emetteur_US\QS\libp30F6010A-coff.a(DataRdyUART1.o)
                              QS_uart.o (DataRdyUART1)
M:\___ROBOT\__SVN_new\4_Balises\Software_Emetteur_US\QS\libp30F6010A-coff.a(BusyUART1.o)
                              QS_uart.o (BusyUART1)
M:\___ROBOT\__SVN_new\4_Balises\Software_Emetteur_US\QS\libp30F6010A-coff.a(WriteUART1.o)
                              QS_uart.o (WriteUART1)
M:\___ROBOT\__SVN_new\4_Balises\Software_Emetteur_US\QS\libp30F6010A-coff.a(OpenQEI.o)
                              QS_qei.o (OpenQEI)
M:\___ROBOT\__SVN_new\4_Balises\Software_Emetteur_US\QS\libp30F6010A-coff.a(ReadQEI.o)
                              QS_qei.o (ReadQEI)
M:\___ROBOT\__SVN_new\4_Balises\Software_Emetteur_US\QS\libp30F6010A-coff.a(OpenUART2.o)
                              QS_uart_dspic30f.o (OpenUART2)
M:\___ROBOT\__SVN_new\4_Balises\Software_Emetteur_US\QS\libp30F6010A-coff.a(ConfigIntUART2.o)
                              QS_uart_dspic30f.o (ConfigIntUART2)
M:\___ROBOT\__SVN_new\4_Balises\Software_Emetteur_US\QS\libp30F6010A-coff.a(WriteUART2.o)
                              QS_uart_dspic30f.o (WriteUART2)
M:\___ROBOT\__SVN_new\4_Balises\Software_Emetteur_US\QS\libp30F6010A-coff.a(ReadUART2.o)
                              QS_uart_dspic30f.o (ReadUART2)
c:/program files (x86)/microchip/mplab c30/bin/bin/../../lib\libpic30-coff.a(crt1.o)
                              (_resetALT)
c:/program files (x86)/microchip/mplab c30/bin/bin/../../lib\libpic30-coff.a(crt0.o)
                              (_resetPRI)
c:/program files (x86)/microchip/mplab c30/bin/bin/../../lib\libm-coff.a(floatsisf.o)
                              QS_timer.o (__floatsisf)
c:/program files (x86)/microchip/mplab c30/bin/bin/../../lib\libm-coff.a(mulsf3.o)
[...]
Memory Configuration

Name             Origin             Length             Attributes
data             0x000800           0x001fa0           a !xr
program          0x000100           0x017f00           xr
reset            0x000000           0x000004  
ivt              0x000004           0x00007c  
aivt             0x000084           0x00007c  
__FOSC           0xf80000           0x000002  
__FWDT           0xf80002           0x000002  
__FBORPOR        0xf80004           0x000002  
__FBS            0xf80006           0x000002  
__FSS            0xf80008           0x000002  
__FGS            0xf8000a           0x000002  
__FICD           0xf8000c           0x000002  
__FUID0          0x8005c0           0x000002  
__FUID1          0x8005c2           0x000002  
__FUID2          0x8005c4           0x000002  
__FUID3          0x8005c6           0x000002  
eedata           0x7ff000           0x001000  
*default*        0x000000           0xffffffff  

Linker script and memory map

LOAD main.o
LOAD QS_configBits.o
LOAD QS_ports.o
LOAD QS_pwm.o
LOAD QS_timer.o
LOAD QS_uart.o
LOAD EmissionIR.o
LOAD QS_extern_it.o
LOAD QS_global_vars.o
LOAD motor.o
LOAD QS_qei.o
LOAD QS_rf.o
LOAD QS_outputlog.o
LOAD QS_uart_dspic30f.o
LOAD QS_buffer_fifo.o
LOAD SynchroRF.o
LOAD M:\___ROBOT\__SVN_new\4_Balises\Software_Emetteur_US\QS\libp30F6010A-coff.a
LOAD c:/program files (x86)/microchip/mplab c30/bin/bin/../../lib/dsPIC30F\libp30F6010A-coff.a
                    0xf80000                  __FOSC = 0xf80000
                    0xf80002                  __FWDT = 0xf80002
                    0xf80004                  __FBORPOR = 0xf80004
                    0xf80006                  __FBS = 0xf80006
                    0xf80008                  __FSS = 0xf80008
                    0xf8000a                  __FGS = 0xf8000a
                    0xf8000c                  __FICD = 0xf8000c
                    0x8005c0                  __FUID0 = 0x8005c0
                    0x8005c2                  __FUID1 = 0x8005c2
                    0x8005c4                  __FUID2 = 0x8005c4
                    0x8005c6                  __FUID3 = 0x8005c6
                    0x0000                  __RESET_BASE = 0x0
                    0x0004                  __IVT_BASE = 0x4
                    0x0084                  __AIVT_BASE = 0x84
                    0x0100                  __CODE_BASE = 0x100
                    0x0000                  __SFR_BASE = 0x0
                    0x0800                  __DATA_BASE = 0x800
                    0x1800                  __YDATA_BASE = 0x1800

.reset            0x000000          0x4
                  0x000000          0x2 SHORT 0x100 <code 337> (__reset)
                  0x000001          0x2 SHORT 0x4
                  0x000002          0x2 SHORT 0x0 ((<code 337> (__reset) >> 0x10) & 0x7f)
                  0x000003          0x2 SHORT 0x0

.text             0x000100       0x234a
 *(.init)
 .init            0x000100         0x88 c:/program files (x86)/microchip/mplab c30/bin/bin/../../lib\libpic30-coff.a(crt0.o)
                  0x000100                  _resetPRI
                  0x000100                  _reset
                  0x00011e                  _psv_init
                  0x00012e                  _data_init
 *(.user_init)
 *(.handle)
 .handle          0x000188         0x18 jump_table
 *(.libc)
 .libc            0x0001a0         0x2a c:/program files (x86)/microchip/mplab c30/bin/bin/../../lib\libc-coff.a(printf.io)
                  0x0001a0                  printf.io:_prout
                  0x0001ba                  _iprintf
 .libc            0x0001ca         0x22 c:/program files (x86)/microchip/mplab c30/bin/bin/../../lib\libc-coff.a(vprintf.o)
                  0x0001ca                  vprintf.o:_prout
                  0x0001e4                  vprintf
 .libc            0x0001ec         0xaa c:/program files (x86)/microchip/mplab c30/bin/bin/../../lib\libc-coff.a(fwrite.o)
                  0x0001ec                  fwrite
 .libc            0x000296        0x172 c:/program files (x86)/microchip/mplab c30/bin/bin/../../lib\libc-coff.a(xprintf.o)
                  0x000296                  _Printf
                  0x000296                  __iPrintf
 .libc            0x000408         0x86 c:/program files (x86)/microchip/mplab c30/bin/bin/../../lib\libc-coff.a(xfwprep.o)
                  0x000408                  _Fwprep
 .libc            0x00048e         0x14 c:/program files (x86)/microchip/mplab c30/bin/bin/../../lib\libc-coff.a(memchr.o)
                  0x00048e                  memchr
 .libc            0x0004a2          0xe c:/program files (x86)/microchip/mplab c30/bin/bin/../../lib\libc-coff.a(memcpy.o)
                  0x0004a2                  memcpy
 .libc            0x0004b0         0x7a c:/program files (x86)/microchip/mplab c30/bin/bin/../../lib\libc-coff.a(fflush.o)
                  0x0004b0                  _DNKfflush
 .libc            0x00052a          0xa c:/program files (x86)/microchip/mplab c30/bin/bin/../../lib\libc-coff.a(xvacopy.o)
                  0x00052a                  _Vacopy
 .libc            0x000534         0x12 c:/program files (x86)/microchip/mplab c30/bin/bin/../../lib\libc-coff.a(strchr.o)
                  0x000534                  strchr
 .libc            0x000546        0x194 c:/program files (x86)/microchip/mplab c30/bin/bin/../../lib\libc-coff.a(xputtxt.o)
                  0x000546                  _Puttxt
 .libc            0x0006da        0x2fa c:/program files (x86)/microchip/mplab c30/bin/bin/../../lib\libc-coff.a(xputfld.o)
                  0x0006da                  __iPutfld
                  0x0006da                  _Putfld
 .libc            0x0009d4         0xa4 c:/program files (x86)/microchip/mplab c30/bin/bin/../../lib\libc-coff.a(malloc.o)
                  0x0009d4                  malloc
 .libc            0x000a78         0xb0 c:/program files (x86)/microchip/mplab c30/bin/bin/../../lib\libc-coff.a(fclose.o)
                  0x000a78                  _Closreg
                  0x000a8c                  fclose
                  0x000b10                  fclose.o:_closeall
 .libc            0x000b28        0x170 c:/program files (x86)/microchip/mplab c30/bin/bin/../../lib\libc-coff.a(xlitob.o)
                  0x000b28                  _Litob
 .libc            0x000c98          0xe c:/program files (x86)/microchip/mplab c30/bin/bin/../../lib\libc-coff.a(strlen.o)
                  0x000c98                  strlen
 .libc            0x000ca6        0x452 c:/program files (x86)/microchip/mplab c30/bin/bin/../../lib\libc-coff.a(xldtob.o)
                  0x000ca6                  _Ldtob
 .libc            0x0010f8          0xe c:/program files (x86)/microchip/mplab c30/bin/bin/../../lib\libc-coff.a(xgetmem.o)
                  0x0010f8                  _Getmem
 .libc            0x001106         0x68 c:/program files (x86)/microchip/mplab c30/bin/bin/../../lib\libc-coff.a(free.o)
                  0x001106                  free
 .libc            0x00116e         0x1a c:/program files (x86)/microchip/mplab c30/bin/bin/../../lib\libc-coff.a(xatexit.o)
                  0x00116e                  _Atexit
 .libc            0x001188         0x58 c:/program files (x86)/microchip/mplab c30/bin/bin/../../lib\libc-coff.a(xldunsca.o)
                  0x001188                  _LDunscale
 .libc            0x0011e0         0xf2 c:/program files (x86)/microchip/mplab c30/bin/bin/../../lib\libc-coff.a(xldscale.o)
                  0x0011e0                  _LDscale
 .libc            0x0012d2         0x3a c:/program files (x86)/microchip/mplab c30/bin/bin/../../lib\libc-coff.a(ldiv.o)
                  0x0012d2                  ldiv
 .libc            0x00130c        0x268 c:/program files (x86)/microchip/mplab c30/bin/bin/../../lib\libc-coff.a(xgenld.o)
                  0x00130c                  _Genld
 .libc            0x001574         0x98 c:/program files (x86)/microchip/mplab c30/bin/bin/../../lib\libc-coff.a(xdnorm.o)
                  0x001574                  _Dnorm
 .libc            0x00160c         0x16 c:/program files (x86)/microchip/mplab c30/bin/bin/../../lib\libc-coff.a(div.o)
                  0x00160c                  div
 .libc            0x001622         0x68 c:/program files (x86)/microchip/mplab c30/bin/bin/../../lib\libpic30-coff.a(write.o)
                  0x001622                  write
 .libc            0x00168a         0x12 c:/program files (x86)/microchip/mplab c30/bin/bin/../../lib\libpic30-coff.a(close.o)
                  0x00168a                  close
 .libc            0x00169c         0x12 c:/program files (x86)/microchip/mplab c30/bin/bin/../../lib\libpic30-coff.a(remove.o)
                  0x00169c                  remove
 .libc            0x0016ae         0x2c c:/program files (x86)/microchip/mplab c30/bin/bin/../../lib\libpic30-coff.a(sbrk.o)
                  0x0016ae                  sbrk
 .libc            0x0016da         0x1e c:/program files (x86)/microchip/mplab c30/bin/bin/../../lib\libpic30-coff.a(brk.o)
                  0x0016da                  brk
 *(.libm)
 .libm            0x0016f8         0x56 c:/program files (x86)/microchip/mplab c30/bin/bin/../../lib\libm-coff.a(floatsisf.o)
                  0x0016f8                  __floatsisf
 .libm            0x00174e         0x68 c:/program files (x86)/microchip/mplab c30/bin/bin/../../lib\libm-coff.a(mulsf3.o)
                  0x00174e                  __mulsf3
 .libm            0x0017b6         0x36 c:/program files (x86)/microchip/mplab c30/bin/bin/../../lib\libm-coff.a(fixunssfsi.o)
                  0x0017b6                  __fixunssfsi
 .libm            0x0017ec         0xbc c:/program files (x86)/microchip/mplab c30/bin/bin/../../lib\libm-coff.a(addsf3.o)
                  0x0017ec                  __subsf3
                  0x0017ee                  __addsf3
 .libm            0x0018a8         0x84 c:/program files (x86)/microchip/mplab c30/bin/bin/../../lib\libm-coff.a(divsf3.o)
                  0x0018a8                  __divsf3
 .libm            0x00192c          0x6 c:/program files (x86)/microchip/mplab c30/bin/bin/../../lib\libm-coff.a(umodsi3.o)
                  0x00192c                  __umodsi3
 .libm            0x001932         0x4c c:/program files (x86)/microchip/mplab c30/bin/bin/../../lib\libm-coff.a(fpack.o)
                  0x001932                  _fpack
 .libm            0x00197e         0x10 c:/program files (x86)/microchip/mplab c30/bin/bin/../../lib\libm-coff.a(funpack2.o)
                  0x00197e                  _funpack2
 .libm            0x00198e         0x20 c:/program files (x86)/microchip/mplab c30/bin/bin/../../lib\libm-coff.a(futil.o)
                  0x00198e                  _fPropagateNaN
                  0x0019a0                  _fbopExit
                  0x0019a8                  _fbopReturnNaN
 .libm            0x0019ae         0x2a c:/program files (x86)/microchip/mplab c30/bin/bin/../../lib\libm-coff.a(funpack.o)
                  0x0019ae                  _funpack
 .libm            0x0019d8         0x20 c:/program files (x86)/microchip/mplab c30/bin/bin/../../lib\libm-coff.a(udivsi3.o)
                  0x0019d8                  __udivsi3
 .libm            0x0019f8         0x3e c:/program files (x86)/microchip/mplab c30/bin/bin/../../lib\libm-coff.a(extendsfdf.o)
                  0x0019f8                  __extendsfdf2
 .libm            0x001a36        0x216 c:/program files (x86)/microchip/mplab c30/bin/bin/../../lib\libm-coff.a(divmoddi3.o)
                  0x001a5c                  __udivmoddi3
                  0x001b2a                  __udivdi3
                  0x001b38                  __umoddi3
                  0x001b40                  __divdi3
                  0x001b7a                  __moddi3
 .libm            0x001c4c         0x5c c:/program files (x86)/microchip/mplab c30/bin/bin/../../lib\libm-coff.a(muldi3.o)
                  0x001c4c                  __muldi3
 .libm            0x001ca8          0xa c:/program files (x86)/microchip/mplab c30/bin/bin/../../lib\libm-coff.a(deqltle.o)
                  0x001ca8                  __eqdf2
                  0x001ca8                  __ltdf2
                  0x001ca8                  __ledf2
 .libm            0x001cb2         0x58 c:/program files (x86)/microchip/mplab c30/bin/bin/../../lib\libm-coff.a(fixdfsi.o)
                  0x001cb2                  __fixdfsi
 .libm            0x001d0a          0x6 c:/program files (x86)/microchip/mplab c30/bin/bin/../../lib\libm-coff.a(floatsidf.o)
                  0x001d0a                  __floatsidf
 .libm            0x001d10          0x4 c:/program files (x86)/microchip/mplab c30/bin/bin/../../lib\libm-coff.a(subdf3.o)
                  0x001d10                  __subdf3
 .libm            0x001d14          0xa c:/program files (x86)/microchip/mplab c30/bin/bin/../../lib\libm-coff.a(dgtge.o)
                  0x001d14                  __gtdf2
                  0x001d14                  __gedf2
 .libm            0x001d1e         0x1e c:/program files (x86)/microchip/mplab c30/bin/bin/../../lib\libm-coff.a(divsi3.o)
                  0x001d1e                  __divsi3
 .libm            0x001d3c         0xea c:/program files (x86)/microchip/mplab c30/bin/bin/../../lib\libm-coff.a(muldf3.o)
                  0x001d3c                  __muldf3
 .libm            0x001e26         0xb4 c:/program files (x86)/microchip/mplab c30/bin/bin/../../lib\libm-coff.a(divdf3.o)
                  0x001e26                  __divdf3
 .libm            0x001eda          0xc c:/program files (x86)/microchip/mplab c30/bin/bin/../../lib\libm-coff.a(mulsi3.o)
                  0x001eda                  __mulsi3
 .libm            0x001ee6         0x44 c:/program files (x86)/microchip/mplab c30/bin/bin/../../lib\libm-coff.a(umuldi3.o)
                  0x001ee6                  __umuldi3
 .libm            0x001f2a         0x52 c:/program files (x86)/microchip/mplab c30/bin/bin/../../lib\libm-coff.a(dcompare.o)
                  0x001f2a                  _dcompare
 .libm            0x001f7c         0x4e c:/program files (x86)/microchip/mplab c30/bin/bin/../../lib\libm-coff.a(dunpack.o)
                  0x001f7c                  _dunpack
 .libm            0x001fca         0x32 c:/program files (x86)/microchip/mplab c30/bin/bin/../../lib\libm-coff.a(dunpack2.o)
                  0x001fca                  _dunpack2
                  0x001fec                  _dreturnNaN
                  0x001ff2                  _dunpack2exit
 .libm            0x001ffc         0x6e c:/program files (x86)/microchip/mplab c30/bin/bin/../../lib\libm-coff.a(floatdidf.o)
                  0x001ffc                  __floatdidf
 .libm            0x00206a         0xfa c:/program files (x86)/microchip/mplab c30/bin/bin/../../lib\libm-coff.a(adddf3.o)
                  0x00206a                  __adddf3
 .libm            0x002164         0x58 c:/program files (x86)/microchip/mplab c30/bin/bin/../../lib\libm-coff.a(dpack.o)
                  0x002164                  _dpack
 .libm            0x0021bc         0x24 c:/program files (x86)/microchip/mplab c30/bin/bin/../../lib\libm-coff.a(dtype.o)
                  0x0021bc                  _dtype
 .libm            0x0021e0         0x1c c:/program files (x86)/microchip/mplab c30/bin/bin/../../lib\libm-coff.a(dpropagateNaN.o)
                  0x0021e0                  _dPropagateNaN
 *(.libdsp)
 *(.lib*)
 .libperi         0x0021fc          0xc M:\___ROBOT\__SVN_new\4_Balises\Software_Emetteur_US\QS\libp30F6010A-coff.a(OpenMCPWM.o)
                  0x0021fc                  OpenMCPWM
 .libperi         0x002208         0x18 M:\___ROBOT\__SVN_new\4_Balises\Software_Emetteur_US\QS\libp30F6010A-coff.a(SetDCMCPWM.o)
                  0x002208                  SetDCMCPWM
 .libperi         0x002220         0x2a M:\___ROBOT\__SVN_new\4_Balises\Software_Emetteur_US\QS\libp30F6010A-coff.a(ConfigIntTimer1.o)
                  0x002220                  ConfigIntTimer1
 .libperi         0x00224a         0x28 M:\___ROBOT\__SVN_new\4_Balises\Software_Emetteur_US\QS\libp30F6010A-coff.a(ConfigIntTimer2.o)
                  0x00224a                  ConfigIntTimer2
 .libperi         0x002272         0x2a M:\___ROBOT\__SVN_new\4_Balises\Software_Emetteur_US\QS\libp30F6010A-coff.a(ConfigIntTimer3.o)
                  0x002272                  ConfigIntTimer3
 .libperi         0x00229c         0x28 M:\___ROBOT\__SVN_new\4_Balises\Software_Emetteur_US\QS\libp30F6010A-coff.a(ConfigIntTimer45.o)
                  0x00229c                  ConfigIntTimer45
 .libperi         0x0022c4          0x4 M:\___ROBOT\__SVN_new\4_Balises\Software_Emetteur_US\QS\libp30F6010A-coff.a(WriteTimer1.o)
                  0x0022c4                  WriteTimer1
 .libperi         0x0022c8          0x8 M:\___ROBOT\__SVN_new\4_Balises\Software_Emetteur_US\QS\libp30F6010A-coff.a(CloseTimer1.o)
                  0x0022c8                  CloseTimer1
 .libperi         0x0022d0          0x8 M:\___ROBOT\__SVN_new\4_Balises\Software_Emetteur_US\QS\libp30F6010A-coff.a(OpenTimer1.o)
                  0x0022d0                  OpenTimer1
 .libperi         0x0022d8          0x4 M:\___ROBOT\__SVN_new\4_Balises\Software_Emetteur_US\QS\libp30F6010A-coff.a(WriteTimer2.o)
                  0x0022d8                  WriteTimer2
 .libperi         0x0022dc          0x8 M:\___ROBOT\__SVN_new\4_Balises\Software_Emetteur_US\QS\libp30F6010A-coff.a(CloseTimer2.o)
                  0x0022dc                  CloseTimer2
 .libperi         0x0022e4          0xa M:\___ROBOT\__SVN_new\4_Balises\Software_Emetteur_US\QS\libp30F6010A-coff.a(OpenTimer2.o)
                  0x0022e4                  OpenTimer2
 .libperi         0x0022ee          0x4 M:\___ROBOT\__SVN_new\4_Balises\Software_Emetteur_US\QS\libp30F6010A-coff.a(WriteTimer3.o)
                  0x0022ee                  WriteTimer3
 .libperi         0x0022f2          0x8 M:\___ROBOT\__SVN_new\4_Balises\Software_Emetteur_US\QS\libp30F6010A-coff.a(CloseTimer3.o)
                  0x0022f2                  CloseTimer3
 .libperi         0x0022fa          0x8 M:\___ROBOT\__SVN_new\4_Balises\Software_Emetteur_US\QS\libp30F6010A-coff.a(OpenTimer3.o)
                  0x0022fa                  OpenTimer3
 .libperi         0x002302          0x6 M:\___ROBOT\__SVN_new\4_Balises\Software_Emetteur_US\QS\libp30F6010A-coff.a(WriteTimer45.o)
                  0x002302                  WriteTimer45
 .libperi         0x002308          0xe M:\___ROBOT\__SVN_new\4_Balises\Software_Emetteur_US\QS\libp30F6010A-coff.a(CloseTimer45.o)
                  0x002308                  CloseTimer45
 .libperi         0x002316          0xa M:\___ROBOT\__SVN_new\4_Balises\Software_Emetteur_US\QS\libp30F6010A-coff.a(OpenTimer4.o)
                  0x002316                  OpenTimer4
 .libperi         0x002320          0x8 M:\___ROBOT\__SVN_new\4_Balises\Software_Emetteur_US\QS\libp30F6010A-coff.a(OpenUART1.o)
                  0x002320                  OpenUART1
 .libperi         0x002328         0x56 M:\___ROBOT\__SVN_new\4_Balises\Software_Emetteur_US\QS\libp30F6010A-coff.a(ConfigIntUART1.o)
                  0x002328                  ConfigIntUART1
 .libperi         0x00237e         0x12 M:\___ROBOT\__SVN_new\4_Balises\Software_Emetteur_US\QS\libp30F6010A-coff.a(ReadUART1.o)
                  0x00237e                  ReadUART1
 .libperi         0x002390          0x6 M:\___ROBOT\__SVN_new\4_Balises\Software_Emetteur_US\QS\libp30F6010A-coff.a(DataRdyUART1.o)
                  0x002390                  DataRdyUART1
 .libperi         0x002396          0x8 M:\___ROBOT\__SVN_new\4_Balises\Software_Emetteur_US\QS\libp30F6010A-coff.a(BusyUART1.o)
                  0x002396                  BusyUART1
 .libperi         0x00239e         0x10 M:\___ROBOT\__SVN_new\4_Balises\Software_Emetteur_US\QS\libp30F6010A-coff.a(WriteUART1.o)
                  0x00239e                  WriteUART1
 .libperi         0x0023ae         0x1e M:\___ROBOT\__SVN_new\4_Balises\Software_Emetteur_US\QS\libp30F6010A-coff.a(OpenQEI.o)
                  0x0023ae                  OpenQEI
 .libperi         0x0023cc          0x4 M:\___ROBOT\__SVN_new\4_Balises\Software_Emetteur_US\QS\libp30F6010A-coff.a(ReadQEI.o)
                  0x0023cc                  ReadQEI
 .libperi         0x0023d0          0x8 M:\___ROBOT\__SVN_new\4_Balises\Software_Emetteur_US\QS\libp30F6010A-coff.a(OpenUART2.o)
                  0x0023d0                  OpenUART2
 .libperi         0x0023d8         0x50 M:\___ROBOT\__SVN_new\4_Balises\Software_Emetteur_US\QS\libp30F6010A-coff.a(ConfigIntUART2.o)
                  0x0023d8                  ConfigIntUART2
 .libperi         0x002428         0x10 M:\___ROBOT\__SVN_new\4_Balises\Software_Emetteur_US\QS\libp30F6010A-coff.a(WriteUART2.o)
                  0x002428                  WriteUART2
 .libperi         0x002438         0x12 M:\___ROBOT\__SVN_new\4_Balises\Software_Emetteur_US\QS\libp30F6010A-coff.a(ReadUART2.o)
                  0x002438                  ReadUART2

usercode
 *(usercode)

__FOSC            0xf80000          0x2
 *(__FOSC.sec)
 __FOSC.sec       0xf80000          0x2 QS_configBits.o

__FWDT            0xf80002          0x2
 *(__FWDT.sec)
 __FWDT.sec       0xf80002          0x2 QS_configBits.o

__FBORPOR         0xf80004          0x2
 *(__FBORPOR.sec)
 __FBORPOR.sec    0xf80004          0x2 QS_configBits.o

__FBS
 *(__FBS.sec)

__FSS
 *(__FSS.sec)

__FGS             0xf8000a          0x2
 *(__FGS.sec)
 __FGS.sec        0xf8000a          0x2 FGS
                  0xf8000a                  _FGS.sec

__FICD
 *(__FICD.sec)

__FUID0
 *(__FUID0.sec)

__FUID1
 *(__FUID1.sec)

__FUID2
 *(__FUID2.sec)

__FUID3
 *(__FUID3.sec)

user_eedata
 *(user_eedata)

userdata
 *(userdata)

.comment          0x000000         0x5e
 *(.comment)
 .comment         0x000000         0x5e c:/program files (x86)/microchip/mplab c30/bin/bin/../../lib\libc-coff.a(xfiles.o)

.debug_info
 *(.debug_info)
 *(.gnu.linkonce.wi.*)

.debug_abbrev
 *(.debug_abbrev)

.debug_line
 *(.debug_line)

.debug_frame
 *(.debug_frame)

.debug_str
 *(.debug_str)

.debug_loc
 *(.debug_loc)

.debug_macinfo
 *(.debug_macinfo)

.debug_pubnames
 *(.debug_pubnames)

.debug_ranges
 *(.debug_ranges)

.debug_aranges
 *(.debug_aranges)

.ivt              0x000004         0x7c
                  0x000004          0x4 LONG 0x3fcc DEFINED (__ReservedTrap0)?<code 337> (__ReservedTrap0):<code 337> (__DefaultInterrupt)
                  0x000006          0x4 LONG 0x3fcc DEFINED (__OscillatorFail)?<code 337> (__OscillatorFail):<code 337> (__DefaultInterrupt)
                  0x000008          0x4 LONG 0x3fcc DEFINED (__AddressError)?<code 337> (__AddressError):<code 337> (__DefaultInterrupt)
                  0x00000a          0x4 LONG 0x3fcc DEFINED (__StackError)?<code 337> (__StackError):<code 337> (__DefaultInterrupt)
                  0x00000c          0x4 LONG 0x3fcc DEFINED (__MathError)?<code 337> (__MathError):<code 337> (__DefaultInterrupt)
                  0x00000e          0x4 LONG 0x3fcc DEFINED (__ReservedTrap5)?<code 337> (__ReservedTrap5):<code 337> (__DefaultInterrupt)
                  0x000010          0x4 LONG 0x3fcc DEFINED (__ReservedTrap6)?<code 337> (__ReservedTrap6):<code 337> (__DefaultInterrupt)
                  0x000012          0x4 LONG 0x3fcc DEFINED (__ReservedTrap7)?<code 337> (__ReservedTrap7):<code 337> (__DefaultInterrupt)
                  0x000014          0x4 LONG 0x3fcc DEFINED (__INT0Interrupt)?<code 337> (__INT0Interrupt):<code 337> (__DefaultInterrupt)
                  0x000016          0x4 LONG 0x3fcc DEFINED (__IC1Interrupt)?<code 337> (__IC1Interrupt):<code 337> (__DefaultInterrupt)
                  0x000018          0x4 LONG 0x3fcc DEFINED (__OC1Interrupt)?<code 337> (__OC1Interrupt):<code 337> (__DefaultInterrupt)
                  0x00001a          0x4 LONG 0x3fcc DEFINED (__T1Interrupt)?<code 337> (__T1Interrupt):<code 337> (__DefaultInterrupt)
                  0x00001c          0x4 LONG 0x3fcc DEFINED (__IC2Interrupt)?<code 337> (__IC2Interrupt):<code 337> (__DefaultInterrupt)
                  0x00001e          0x4 LONG 0x3fcc DEFINED (__OC2Interrupt)?<code 337> (__OC2Interrupt):<code 337> (__DefaultInterrupt)
                  0x000020          0x4 LONG 0x2cbe DEFINED (__T2Interrupt)?<code 337> (__T2Interrupt):<code 337> (__DefaultInterrupt)
                  0x000022          0x4 LONG 0x3330 DEFINED (__T3Interrupt)?<code 337> (__T3Interrupt):<code 337> (__DefaultInterrupt)
                  0x000024          0x4 LONG 0x3fcc DEFINED (__SPI1Interrupt)?<code 337> (__SPI1Interrupt):<code 337> (__DefaultInterrupt)
                  0x000026          0x4 LONG 0x3baa DEFINED (__U1RXInterrupt)?<code 337> (__U1RXInterrupt):<code 337> (__DefaultInterrupt)
                  0x000028          0x4 LONG 0x3250 DEFINED (__U1TXInterrupt)?<code 337> (__U1TXInterrupt):<code 337> (__DefaultInterrupt)
                  0x00002a          0x4 LONG 0x3fcc DEFINED (__ADCInterrupt)?<code 337> (__ADCInterrupt):<code 337> (__DefaultInterrupt)
                  0x00002c          0x4 LONG 0x3fcc DEFINED (__NVMInterrupt)?<code 337> (__NVMInterrupt):<code 337> (__DefaultInterrupt)
                  0x00002e          0x4 LONG 0x3fcc DEFINED (__SI2CInterrupt)?<code 337> (__SI2CInterrupt):<code 337> (__DefaultInterrupt)
                  0x000030          0x4 LONG 0x3fcc DEFINED (__MI2CInterrupt)?<code 337> (__MI2CInterrupt):<code 337> (__DefaultInterrupt)
                  0x000032          0x4 LONG 0x3fcc DEFINED (__CNInterrupt)?<code 337> (__CNInterrupt):<code 337> (__DefaultInterrupt)
                  0x000034          0x4 LONG 0x3fcc DEFINED (__INT1Interrupt)?<code 337> (__INT1Interrupt):<code 337> (__DefaultInterrupt)
                  0x000036          0x4 LONG 0x3fcc DEFINED (__IC7Interrupt)?<code 337> (__IC7Interrupt):<code 337> (__DefaultInterrupt)
                  0x000038          0x4 LONG 0x3fcc DEFINED (__IC8Interrupt)?<code 337> (__IC8Interrupt):<code 337> (__DefaultInterrupt)
                  0x00003a          0x4 LONG 0x3fcc DEFINED (__OC3Interrupt)?<code 337> (__OC3Interrupt):<code 337> (__DefaultInterrupt)
                  0x00003c          0x4 LONG 0x3fcc DEFINED (__OC4Interrupt)?<code 337> (__OC4Interrupt):<code 337> (__DefaultInterrupt)
                  0x00003e          0x4 LONG 0x3d4e DEFINED (__T4Interrupt)?<code 337> (__T4Interrupt):<code 337> (__DefaultInterrupt)
                  0x000040          0x4 LONG 0x3fcc DEFINED (__T5Interrupt)?<code 337> (__T5Interrupt):<code 337> (__DefaultInterrupt)
                  0x000042          0x4 LONG 0x3fcc DEFINED (__INT2Interrupt)?<code 337> (__INT2Interrupt):<code 337> (__DefaultInterrupt)
                  0x000044          0x4 LONG 0x328a DEFINED (__U2RXInterrupt)?<code 337> (__U2RXInterrupt):<code 337> (__DefaultInterrupt)
                  0x000046          0x4 LONG 0x32c4 DEFINED (__U2TXInterrupt)?<code 337> (__U2TXInterrupt):<code 337> (__DefaultInterrupt)
                  0x000048          0x4 LONG 0x3fcc DEFINED (__SPI2Interrupt)?<code 337> (__SPI2Interrupt):<code 337> (__DefaultInterrupt)
                  0x00004a          0x4 LONG 0x3fcc DEFINED (__C1Interrupt)?<code 337> (__C1Interrupt):<code 337> (__DefaultInterrupt)
                  0x00004c          0x4 LONG 0x3fcc DEFINED (__IC3Interrupt)?<code 337> (__IC3Interrupt):<code 337> (__DefaultInterrupt)
                  0x00004e          0x4 LONG 0x3fcc DEFINED (__IC4Interrupt)?<code 337> (__IC4Interrupt):<code 337> (__DefaultInterrupt)
                  0x000050          0x4 LONG 0x3fcc DEFINED (__IC5Interrupt)?<code 337> (__IC5Interrupt):<code 337> (__DefaultInterrupt)
                  0x000052          0x4 LONG 0x3fcc DEFINED (__IC6Interrupt)?<code 337> (__IC6Interrupt):<code 337> (__DefaultInterrupt)
                  0x000054          0x4 LONG 0x3fcc DEFINED (__OC5Interrupt)?<code 337> (__OC5Interrupt):<code 337> (__DefaultInterrupt)
                  0x000056          0x4 LONG 0x3fcc DEFINED (__OC6Interrupt)?<code 337> (__OC6Interrupt):<code 337> (__DefaultInterrupt)
                  0x000058          0x4 LONG 0x3fcc DEFINED (__OC7Interrupt)?<code 337> (__OC7Interrupt):<code 337> (__DefaultInterrupt)
                  0x00005a          0x4 LONG 0x3fcc DEFINED (__OC8Interrupt)?<code 337> (__OC8Interrupt):<code 337> (__DefaultInterrupt)
                  0x00005c          0x4 LONG 0x3fcc DEFINED (__INT3Interrupt)?<code 337> (__INT3Interrupt):<code 337> (__DefaultInterrupt)
                  0x00005e          0x4 LONG 0x3fcc DEFINED (__INT4Interrupt)?<code 337> (__INT4Interrupt):<code 337> (__DefaultInterrupt)
                  0x000060          0x4 LONG 0x3fcc DEFINED (__C2Interrupt)?<code 337> (__C2Interrupt):<code 337> (__DefaultInterrupt)
                  0x000062          0x4 LONG 0x3fcc DEFINED (__PWMInterrupt)?<code 337> (__PWMInterrupt):<code 337> (__DefaultInterrupt)
                  0x000064          0x4 LONG 0x3fcc DEFINED (__QEIInterrupt)?<code 337> (__QEIInterrupt):<code 337> (__DefaultInterrupt)
                  0x000066          0x4 LONG 0x3fcc DEFINED (__DCIInterrupt)?<code 337> (__DCIInterrupt):<code 337> (__DefaultInterrupt)
                  0x000068          0x4 LONG 0x3fcc DEFINED (__LVDInterrupt)?<code 337> (__LVDInterrupt):<code 337> (__DefaultInterrupt)
                  0x00006a          0x4 LONG 0x3fcc DEFINED (__FLTAInterrupt)?<code 337> (__FLTAInterrupt):<code 337> (__DefaultInterrupt)
                  0x00006c          0x4 LONG 0x3fcc DEFINED (__FLTBInterrupt)?<code 337> (__FLTBInterrupt):<code 337> (__DefaultInterrupt)
                  0x00006e          0x4 LONG 0x3fcc DEFINED (__Interrupt45)?<code 337> (__Interrupt45):<code 337> (__DefaultInterrupt)
                  0x000070          0x4 LONG 0x3fcc DEFINED (__Interrupt46)?<code 337> (__Interrupt46):<code 337> (__DefaultInterrupt)
                  0x000072          0x4 LONG 0x3fcc DEFINED (__Interrupt47)?<code 337> (__Interrupt47):<code 337> (__DefaultInterrupt)
                  0x000074          0x4 LONG 0x3fcc DEFINED (__Interrupt48)?<code 337> (__Interrupt48):<code 337> (__DefaultInterrupt)
                  0x000076          0x4 LONG 0x3fcc DEFINED (__Interrupt49)?<code 337> (__Interrupt49):<code 337> (__DefaultInterrupt)
                  0x000078          0x4 LONG 0x3fcc DEFINED (__Interrupt50)?<code 337> (__Interrupt50):<code 337> (__DefaultInterrupt)
                  0x00007a          0x4 LONG 0x3fcc DEFINED (__Interrupt51)?<code 337> (__Interrupt51):<code 337> (__DefaultInterrupt)
                  0x00007c          0x4 LONG 0x3fcc DEFINED (__Interrupt52)?<code 337> (__Interrupt52):<code 337> (__DefaultInterrupt)
                  0x00007e          0x4 LONG 0x3fcc DEFINED (__Interrupt53)?<code 337> (__Interrupt53):<code 337> (__DefaultInterrupt)

.aivt             0x000084         0x7c
                  0x000084          0x4 LONG 0x3fcc DEFINED (__AltReservedTrap0)?<code 337> (__AltReservedTrap0):DEFINED (__ReservedTrap0)?<code 337> (__ReservedTrap0):<code 337> (__DefaultInterrupt)
                  0x000086          0x4 LONG 0x3fcc DEFINED (__AltOscillatorFail)?<code 337> (__AltOscillatorFail):DEFINED (__OscillatorFail)?<code 337> (__OscillatorFail):<code 337> (__DefaultInterrupt)
                  0x000088          0x4 LONG 0x3fcc DEFINED (__AltAddressError)?<code 337> (__AltAddressError):DEFINED (__AddressError)?<code 337> (__AddressError):<code 337> (__DefaultInterrupt)
                  0x00008a          0x4 LONG 0x3fcc DEFINED (__AltStackError)?<code 337> (__AltStackError):DEFINED (__StackError)?<code 337> (__StackError):<code 337> (__DefaultInterrupt)
                  0x00008c          0x4 LONG 0x3fcc DEFINED (__AltMathError)?<code 337> (__AltMathError):DEFINED (__MathError)?<code 337> (__MathError):<code 337> (__DefaultInterrupt)
                  0x00008e          0x4 LONG 0x3fcc DEFINED (__AltReservedTrap5)?<code 337> (__AltReservedTrap5):DEFINED (__ReservedTrap5)?<code 337> (__ReservedTrap5):<code 337> (__DefaultInterrupt)
                  0x000090          0x4 LONG 0x3fcc DEFINED (__AltReservedTrap6)?<code 337> (__AltReservedTrap6):DEFINED (__ReservedTrap6)?<code 337> (__ReservedTrap6):<code 337> (__DefaultInterrupt)
                  0x000092          0x4 LONG 0x3fcc DEFINED (__AltReservedTrap7)?<code 337> (__AltReservedTrap7):DEFINED (__ReservedTrap7)?<code 337> (__ReservedTrap7):<code 337> (__DefaultInterrupt)
                  0x000094          0x4 LONG 0x3fcc DEFINED (__AltINT0Interrupt)?<code 337> (__AltINT0Interrupt):DEFINED (__INT0Interrupt)?<code 337> (__INT0Interrupt):<code 337> (__DefaultInterrupt)
                  0x000096          0x4 LONG 0x3fcc DEFINED (__AltIC1Interrupt)?<code 337> (__AltIC1Interrupt):DEFINED (__IC1Interrupt)?<code 337> (__IC1Interrupt):<code 337> (__DefaultInterrupt)
                  0x000098          0x4 LONG 0x3fcc DEFINED (__AltOC1Interrupt)?<code 337> (__AltOC1Interrupt):DEFINED (__OC1Interrupt)?<code 337> (__OC1Interrupt):<code 337> (__DefaultInterrupt)
                  0x00009a          0x4 LONG 0x3fcc DEFINED (__AltT1Interrupt)?<code 337> (__AltT1Interrupt):DEFINED (__T1Interrupt)?<code 337> (__T1Interrupt):<code 337> (__DefaultInterrupt)
                  0x00009c          0x4 LONG 0x3fcc DEFINED (__AltIC2Interrupt)?<code 337> (__AltIC2Interrupt):DEFINED (__IC2Interrupt)?<code 337> (__IC2Interrupt):<code 337> (__DefaultInterrupt)
                  0x00009e          0x4 LONG 0x3fcc DEFINED (__AltOC2Interrupt)?<code 337> (__AltOC2Interrupt):DEFINED (__OC2Interrupt)?<code 337> (__OC2Interrupt):<code 337> (__DefaultInterrupt)
                  0x0000a0          0x4 LONG 0x2cbe DEFINED (__AltT2Interrupt)?<code 337> (__AltT2Interrupt):DEFINED (__T2Interrupt)?<code 337> (__T2Interrupt):<code 337> (__DefaultInterrupt)
                  0x0000a2          0x4 LONG 0x3330 DEFINED (__AltT3Interrupt)?<code 337> (__AltT3Interrupt):DEFINED (__T3Interrupt)?<code 337> (__T3Interrupt):<code 337> (__DefaultInterrupt)
                  0x0000a4          0x4 LONG 0x3fcc DEFINED (__AltSPI1Interrupt)?<code 337> (__AltSPI1Interrupt):DEFINED (__SPI1Interrupt)?<code 337> (__SPI1Interrupt):<code 337> (__DefaultInterrupt)
                  0x0000a6          0x4 LONG 0x3baa DEFINED (__AltU1RXInterrupt)?<code 337> (__AltU1RXInterrupt):DEFINED (__U1RXInterrupt)?<code 337> (__U1RXInterrupt):<code 337> (__DefaultInterrupt)
                  0x0000a8          0x4 LONG 0x3250 DEFINED (__AltU1TXInterrupt)?<code 337> (__AltU1TXInterrupt):DEFINED (__U1TXInterrupt)?<code 337> (__U1TXInterrupt):<code 337> (__DefaultInterrupt)
                  0x0000aa          0x4 LONG 0x3fcc DEFINED (__AltADCInterrupt)?<code 337> (__AltADCInterrupt):DEFINED (__ADCInterrupt)?<code 337> (__ADCInterrupt):<code 337> (__DefaultInterrupt)
                  0x0000ac          0x4 LONG 0x3fcc DEFINED (__AltNVMInterrupt)?<code 337> (__AltNVMInterrupt):DEFINED (__NVMInterrupt)?<code 337> (__NVMInterrupt):<code 337> (__DefaultInterrupt)
                  0x0000ae          0x4 LONG 0x3fcc DEFINED (__AltSI2CInterrupt)?<code 337> (__AltSI2CInterrupt):DEFINED (__SI2CInterrupt)?<code 337> (__SI2CInterrupt):<code 337> (__DefaultInterrupt)
                  0x0000b0          0x4 LONG 0x3fcc DEFINED (__AltMI2CInterrupt)?<code 337> (__AltMI2CInterrupt):DEFINED (__MI2CInterrupt)?<code 337> (__MI2CInterrupt):<code 337> (__DefaultInterrupt)
                  0x0000b2          0x4 LONG 0x3fcc DEFINED (__AltCNInterrupt)?<code 337> (__AltCNInterrupt):DEFINED (__CNInterrupt)?<code 337> (__CNInterrupt):<code 337> (__DefaultInterrupt)
                  0x0000b4          0x4 LONG 0x3fcc DEFINED (__AltINT1Interrupt)?<code 337> (__AltINT1Interrupt):DEFINED (__INT1Interrupt)?<code 337> (__INT1Interrupt):<code 337> (__DefaultInterrupt)
                  0x0000b6          0x4 LONG 0x3fcc DEFINED (__AltIC7Interrupt)?<code 337> (__AltIC7Interrupt):DEFINED (__IC7Interrupt)?<code 337> (__IC7Interrupt):<code 337> (__DefaultInterrupt)
                  0x0000b8          0x4 LONG 0x3fcc DEFINED (__AltIC8Interrupt)?<code 337> (__AltIC8Interrupt):DEFINED (__IC8Interrupt)?<code 337> (__IC8Interrupt):<code 337> (__DefaultInterrupt)
                  0x0000ba          0x4 LONG 0x3fcc DEFINED (__AltOC3Interrupt)?<code 337> (__AltOC3Interrupt):DEFINED (__OC3Interrupt)?<code 337> (__OC3Interrupt):<code 337> (__DefaultInterrupt)
                  0x0000bc          0x4 LONG 0x3fcc DEFINED (__AltOC4Interrupt)?<code 337> (__AltOC4Interrupt):DEFINED (__OC4Interrupt)?<code 337> (__OC4Interrupt):<code 337> (__DefaultInterrupt)
                  0x0000be          0x4 LONG 0x3d4e DEFINED (__AltT4Interrupt)?<code 337> (__AltT4Interrupt):DEFINED (__T4Interrupt)?<code 337> (__T4Interrupt):<code 337> (__DefaultInterrupt)
                  0x0000c0          0x4 LONG 0x3fcc DEFINED (__AltT5Interrupt)?<code 337> (__AltT5Interrupt):DEFINED (__T5Interrupt)?<code 337> (__T5Interrupt):<code 337> (__DefaultInterrupt)
                  0x0000c2          0x4 LONG 0x3fcc DEFINED (__AltINT2Interrupt)?<code 337> (__AltINT2Interrupt):DEFINED (__INT2Interrupt)?<code 337> (__INT2Interrupt):<code 337> (__DefaultInterrupt)
                  0x0000c4          0x4 LONG 0x328a DEFINED (__AltU2RXInterrupt)?<code 337> (__AltU2RXInterrupt):DEFINED (__U2RXInterrupt)?<code 337> (__U2RXInterrupt):<code 337> (__DefaultInterrupt)
                  0x0000c6          0x4 LONG 0x32c4 DEFINED (__AltU2TXInterrupt)?<code 337> (__AltU2TXInterrupt):DEFINED (__U2TXInterrupt)?<code 337> (__U2TXInterrupt):<code 337> (__DefaultInterrupt)
                  0x0000c8          0x4 LONG 0x3fcc DEFINED (__AltSPI2Interrupt)?<code 337> (__AltSPI2Interrupt):DEFINED (__SPI2Interrupt)?<code 337> (__SPI2Interrupt):<code 337> (__DefaultInterrupt)
                  0x0000ca          0x4 LONG 0x3fcc DEFINED (__AltC1Interrupt)?<code 337> (__AltC1Interrupt):DEFINED (__C1Interrupt)?<code 337> (__C1Interrupt):<code 337> (__DefaultInterrupt)
                  0x0000cc          0x4 LONG 0x3fcc DEFINED (__AltIC3Interrupt)?<code 337> (__AltIC3Interrupt):DEFINED (__IC3Interrupt)?<code 337> (__IC3Interrupt):<code 337> (__DefaultInterrupt)
                  0x0000ce          0x4 LONG 0x3fcc DEFINED (__AltIC4Interrupt)?<code 337> (__AltIC4Interrupt):DEFINED (__IC4Interrupt)?<code 337> (__IC4Interrupt):<code 337> (__DefaultInterrupt)
                  0x0000d0          0x4 LONG 0x3fcc DEFINED (__AltIC5Interrupt)?<code 337> (__AltIC5Interrupt):DEFINED (__IC5Interrupt)?<code 337> (__IC5Interrupt):<code 337> (__DefaultInterrupt)
                  0x0000d2          0x4 LONG 0x3fcc DEFINED (__AltIC6Interrupt)?<code 337> (__AltIC6Interrupt):DEFINED (__IC6Interrupt)?<code 337> (__IC6Interrupt):<code 337> (__DefaultInterrupt)
                  0x0000d4          0x4 LONG 0x3fcc DEFINED (__AltOC5Interrupt)?<code 337> (__AltOC5Interrupt):DEFINED (__OC5Interrupt)?<code 337> (__OC5Interrupt):<code 337> (__DefaultInterrupt)
                  0x0000d6          0x4 LONG 0x3fcc DEFINED (__AltOC6Interrupt)?<code 337> (__AltOC6Interrupt):DEFINED (__OC6Interrupt)?<code 337> (__OC6Interrupt):<code 337> (__DefaultInterrupt)
                  0x0000d8          0x4 LONG 0x3fcc DEFINED (__AltOC7Interrupt)?<code 337> (__AltOC7Interrupt):DEFINED (__OC7Interrupt)?<code 337> (__OC7Interrupt):<code 337> (__DefaultInterrupt)
                  0x0000da          0x4 LONG 0x3fcc DEFINED (__AltOC8Interrupt)?<code 337> (__AltOC8Interrupt):DEFINED (__OC8Interrupt)?<code 337> (__OC8Interrupt):<code 337> (__DefaultInterrupt)
                  0x0000dc          0x4 LONG 0x3fcc DEFINED (__AltINT3Interrupt)?<code 337> (__AltINT3Interrupt):DEFINED (__INT3Interrupt)?<code 337> (__INT3Interrupt):<code 337> (__DefaultInterrupt)
                  0x0000de          0x4 LONG 0x3fcc DEFINED (__AltINT4Interrupt)?<code 337> (__AltINT4Interrupt):DEFINED (__INT4Interrupt)?<code 337> (__INT4Interrupt):<code 337> (__DefaultInterrupt)
                  0x0000e0          0x4 LONG 0x3fcc DEFINED (__AltC2Interrupt)?<code 337> (__AltC2Interrupt):DEFINED (__C2Interrupt)?<code 337> (__C2Interrupt):<code 337> (__DefaultInterrupt)
                  0x0000e2          0x4 LONG 0x3fcc DEFINED (__AltPWMInterrupt)?<code 337> (__AltPWMInterrupt):DEFINED (__PWMInterrupt)?<code 337> (__PWMInterrupt):<code 337> (__DefaultInterrupt)
                  0x0000e4          0x4 LONG 0x3fcc DEFINED (__AltQEIInterrupt)?<code 337> (__AltQEIInterrupt):DEFINED (__QEIInterrupt)?<code 337> (__QEIInterrupt):<code 337> (__DefaultInterrupt)
                  0x0000e6          0x4 LONG 0x3fcc DEFINED (__AltDCIInterrupt)?<code 337> (__AltDCIInterrupt):DEFINED (__DCIInterrupt)?<code 337> (__DCIInterrupt):<code 337> (__DefaultInterrupt)
                  0x0000e8          0x4 LONG 0x3fcc DEFINED (__AltLVDInterrupt)?<code 337> (__AltLVDInterrupt):DEFINED (__LVDInterrupt)?<code 337> (__LVDInterrupt):<code 337> (__DefaultInterrupt)
                  0x0000ea          0x4 LONG 0x3fcc DEFINED (__AltFLTAInterrupt)?<code 337> (__AltFLTAInterrupt):DEFINED (__FLTAInterrupt)?<code 337> (__FLTAInterrupt):<code 337> (__DefaultInterrupt)
                  0x0000ec          0x4 LONG 0x3fcc DEFINED (__AltFLTBInterrupt)?<code 337> (__AltFLTBInterrupt):DEFINED (__FLTBInterrupt)?<code 337> (__FLTBInterrupt):<code 337> (__DefaultInterrupt)
                  0x0000ee          0x4 LONG 0x3fcc DEFINED (__AltInterrupt45)?<code 337> (__AltInterrupt45):DEFINED (__Interrupt45)?<code 337> (__Interrupt45):<code 337> (__DefaultInterrupt)
                  0x0000f0          0x4 LONG 0x3fcc DEFINED (__AltInterrupt46)?<code 337> (__AltInterrupt46):DEFINED (__Interrupt46)?<code 337> (__Interrupt46):<code 337> (__DefaultInterrupt)
                  0x0000f2          0x4 LONG 0x3fcc DEFINED (__AltInterrupt47)?<code 337> (__AltInterrupt47):DEFINED (__Interrupt47)?<code 337> (__Interrupt47):<code 337> (__DefaultInterrupt)
                  0x0000f4          0x4 LONG 0x3fcc DEFINED (__AltInterrupt48)?<code 337> (__AltInterrupt48):DEFINED (__Interrupt48)?<code 337> (__Interrupt48):<code 337> (__DefaultInterrupt)
                  0x0000f6          0x4 LONG 0x3fcc DEFINED (__AltInterrupt49)?<code 337> (__AltInterrupt49):DEFINED (__Interrupt49)?<code 337> (__Interrupt49):<code 337> (__DefaultInterrupt)
                  0x0000f8          0x4 LONG 0x3fcc DEFINED (__AltInterrupt50)?<code 337> (__AltInterrupt50):DEFINED (__Interrupt50)?<code 337> (__Interrupt50):<code 337> (__DefaultInterrupt)
                  0x0000fa          0x4 LONG 0x3fcc DEFINED (__AltInterrupt51)?<code 337> (__AltInterrupt51):DEFINED (__Interrupt51)?<code 337> (__Interrupt51):<code 337> (__DefaultInterrupt)
                  0x0000fc          0x4 LONG 0x3fcc DEFINED (__AltInterrupt52)?<code 337> (__AltInterrupt52):DEFINED (__Interrupt52)?<code 337> (__Interrupt52):<code 337> (__DefaultInterrupt)
                  0x0000fe          0x4 LONG 0x3fcc DEFINED (__AltInterrupt53)?<code 337> (__AltInterrupt53):DEFINED (__Interrupt53)?<code 337> (__Interrupt53):<code 337> (__DefaultInterrupt)
                    0x0000                  WREG0 = 0x0
                    0x0000                  _WREG0 = 0x0
                    0x0002                  WREG1 = 0x2
                    0x0002                  _WREG1 = 0x2
                    0x0004                  WREG2 = 0x4
                    0x0004                  _WREG2 = 0x4
                    0x0006                  WREG3 = 0x6
                    0x0006                  _WREG3 = 0x6
                    0x0008                  WREG4 = 0x8
                    0x0008                  _WREG4 = 0x8
                    0x000a                  WREG5 = 0xa
                    0x000a                  _WREG5 = 0xa
                    0x000c                  WREG6 = 0xc
                    0x000c                  _WREG6 = 0xc
                    0x000e                  WREG7 = 0xe
                    0x000e                  _WREG7 = 0xe
                    0x0010                  WREG8 = 0x10
                    0x0010                  _WREG8 = 0x10
                    0x0012                  WREG9 = 0x12
                    0x0012                  _WREG9 = 0x12
                    0x0014                  WREG10 = 0x14
                    0x0014                  _WREG10 = 0x14
                    0x0016                  WREG11 = 0x16
                    0x0016                  _WREG11 = 0x16
                    0x0018                  WREG12 = 0x18
                    0x0018                  _WREG12 = 0x18
                    0x001a                  WREG13 = 0x1a
                    0x001a                  _WREG13 = 0x1a
                    0x001c                  WREG14 = 0x1c
                    0x001c                  _WREG14 = 0x1c
                    0x001e                  WREG15 = 0x1e
                    0x001e                  _WREG15 = 0x1e
                    0x0020                  SPLIM = 0x20
                    0x0020                  _SPLIM = 0x20
                    0x0022                  ACCAL = 0x22
                    0x0022                  _ACCAL = 0x22
                    0x0024                  ACCAH = 0x24
                    0x0024                  _ACCAH = 0x24
                    0x0026                  ACCAU = 0x26
                    0x0026                  _ACCAU = 0x26
                    0x0028                  ACCBL = 0x28
                    0x0028                  _ACCBL = 0x28
                    0x002a                  ACCBH = 0x2a
                    0x002a                  _ACCBH = 0x2a
                    0x002c                  ACCBU = 0x2c
                    0x002c                  _ACCBU = 0x2c
                    0x002e                  PCL = 0x2e
                    0x002e                  _PCL = 0x2e
                    0x0030                  PCH = 0x30
                    0x0030                  _PCH = 0x30
                    0x0032                  TBLPAG = 0x32
                    0x0032                  _TBLPAG = 0x32
                    0x0034                  PSVPAG = 0x34
                    0x0034                  _PSVPAG = 0x34
                    0x0036                  RCOUNT = 0x36
                    0x0036                  _RCOUNT = 0x36
                    0x0038                  DCOUNT = 0x38
                    0x0038                  _DCOUNT = 0x38
                    0x003a                  DOSTARTL = 0x3a
                    0x003a                  _DOSTARTL = 0x3a
                    0x003c                  DOSTARTH = 0x3c
                    0x003c                  _DOSTARTH = 0x3c
                    0x003e                  DOENDL = 0x3e
                    0x003e                  _DOENDL = 0x3e
                    0x0040                  DOENDH = 0x40
                    0x0040                  _DOENDH = 0x40
                    0x0042                  SR = 0x42
                    0x0042                  _SR = 0x42
                    0x0042                  __SR = 0x42
                    0x0044                  CORCON = 0x44
                    0x0044                  _CORCON = 0x44
                    0x0046                  MODCON = 0x46
                    0x0046                  _MODCON = 0x46
                    0x0048                  XMODSRT = 0x48
                    0x0048                  _XMODSRT = 0x48
                    0x004a                  XMODEND = 0x4a
                    0x004a                  _XMODEND = 0x4a
                    0x004c                  YMODSRT = 0x4c
                    0x004c                  _YMODSRT = 0x4c
                    0x004e                  YMODEND = 0x4e
                    0x004e                  _YMODEND = 0x4e
                    0x0050                  XBREV = 0x50
                    0x0050                  _XBREV = 0x50
                    0x0052                  DISICNT = 0x52
                    0x0052                  _DISICNT = 0x52
                    0x0080                  INTCON1 = 0x80
                    0x0080                  _INTCON1 = 0x80
                    0x0082                  INTCON2 = 0x82
                    0x0082                  _INTCON2 = 0x82
                    0x0084                  IFS0 = 0x84
                    0x0084                  _IFS0 = 0x84
                    0x0086                  IFS1 = 0x86
                    0x0086                  _IFS1 = 0x86
                    0x0088                  IFS2 = 0x88
                    0x0088                  _IFS2 = 0x88
                    0x008c                  IEC0 = 0x8c
                    0x008c                  _IEC0 = 0x8c
                    0x008e                  IEC1 = 0x8e
                    0x008e                  _IEC1 = 0x8e
                    0x0090                  IEC2 = 0x90
                    0x0090                  _IEC2 = 0x90
                    0x0094                  IPC0 = 0x94
                    0x0094                  _IPC0 = 0x94
                    0x0096                  IPC1 = 0x96
                    0x0096                  _IPC1 = 0x96
                    0x0098                  IPC2 = 0x98
                    0x0098                  _IPC2 = 0x98
                    0x009a                  IPC3 = 0x9a
                    0x009a                  _IPC3 = 0x9a
                    0x009c                  IPC4 = 0x9c
                    0x009c                  _IPC4 = 0x9c
                    0x009e                  IPC5 = 0x9e
                    0x009e                  _IPC5 = 0x9e
                    0x00a0                  IPC6 = 0xa0
                    0x00a0                  _IPC6 = 0xa0
                    0x00a2                  IPC7 = 0xa2
                    0x00a2                  _IPC7 = 0xa2
                    0x00a4                  IPC8 = 0xa4
                    0x00a4                  _IPC8 = 0xa4
                    0x00a6                  IPC9 = 0xa6
                    0x00a6                  _IPC9 = 0xa6
                    0x00a8                  IPC10 = 0xa8
                    0x00a8                  _IPC10 = 0xa8
                    0x00aa                  IPC11 = 0xaa
                    0x00aa                  _IPC11 = 0xaa
                    0x00b0                  INTTREG = 0xb0
                    0x00b0                  _INTTREG = 0xb0
                    0x00c0                  CNEN1 = 0xc0
                    0x00c0                  _CNEN1 = 0xc0
                    0x00c2                  CNEN2 = 0xc2
                    0x00c2                  _CNEN2 = 0xc2
                    0x00c4                  CNPU1 = 0xc4
                    0x00c4                  _CNPU1 = 0xc4
                    0x00c6                  CNPU2 = 0xc6
                    0x00c6                  _CNPU2 = 0xc6
                    0x0100                  TMR1 = 0x100
                    0x0100                  _TMR1 = 0x100
                    0x0102                  PR1 = 0x102
                    0x0102                  _PR1 = 0x102
                    0x0104                  T1CON = 0x104
                    0x0104                  _T1CON = 0x104
                    0x0106                  TMR2 = 0x106
                    0x0106                  _TMR2 = 0x106
                    0x0108                  TMR3HLD = 0x108
                    0x0108                  _TMR3HLD = 0x108
                    0x010a                  TMR3 = 0x10a
                    0x010a                  _TMR3 = 0x10a
                    0x010c                  PR2 = 0x10c
                    0x010c                  _PR2 = 0x10c
                    0x010e                  PR3 = 0x10e
                    0x010e                  _PR3 = 0x10e
                    0x0110                  T2CON = 0x110
                    0x0110                  _T2CON = 0x110
                    0x0112                  T3CON = 0x112
                    0x0112                  _T3CON = 0x112
                    0x0114                  TMR4 = 0x114
                    0x0114                  _TMR4 = 0x114
                    0x0116                  TMR5HLD = 0x116
                    0x0116                  _TMR5HLD = 0x116
                    0x0118                  TMR5 = 0x118
                    0x0118                  _TMR5 = 0x118
                    0x011a                  PR4 = 0x11a
                    0x011a                  _PR4 = 0x11a
                    0x011c                  PR5 = 0x11c
                    0x011c                  _PR5 = 0x11c
                    0x011e                  T4CON = 0x11e
                    0x011e                  _T4CON = 0x11e
                    0x0120                  T5CON = 0x120
                    0x0120                  _T5CON = 0x120
                    0x0122                  QEICON = 0x122
                    0x0122                  _QEICON = 0x122
                    0x0124                  DFLTCON = 0x124
                    0x0124                  _DFLTCON = 0x124
                    0x0126                  POSCNT = 0x126
                    0x0126                  _POSCNT = 0x126
                    0x0128                  MAXCNT = 0x128
                    0x0128                  _MAXCNT = 0x128
                    0x0140                  IC1BUF = 0x140
                    0x0140                  _IC1BUF = 0x140
                    0x0142                  IC1CON = 0x142
                    0x0142                  _IC1CON = 0x142
                    0x0144                  IC2BUF = 0x144
                    0x0144                  _IC2BUF = 0x144
                    0x0146                  IC2CON = 0x146
                    0x0146                  _IC2CON = 0x146
                    0x0148                  IC3BUF = 0x148
                    0x0148                  _IC3BUF = 0x148
                    0x014a                  IC3CON = 0x14a
                    0x014a                  _IC3CON = 0x14a
                    0x014c                  IC4BUF = 0x14c
                    0x014c                  _IC4BUF = 0x14c
                    0x014e                  IC4CON = 0x14e
                    0x014e                  _IC4CON = 0x14e
                    0x0150                  IC5BUF = 0x150
                    0x0150                  _IC5BUF = 0x150
                    0x0152                  IC5CON = 0x152
                    0x0152                  _IC5CON = 0x152
                    0x0154                  IC6BUF = 0x154
                    0x0154                  _IC6BUF = 0x154
                    0x0156                  IC6CON = 0x156
                    0x0156                  _IC6CON = 0x156
                    0x0158                  IC7BUF = 0x158
                    0x0158                  _IC7BUF = 0x158
                    0x015a                  IC7CON = 0x15a
                    0x015a                  _IC7CON = 0x15a
                    0x015c                  IC8BUF = 0x15c
                    0x015c                  _IC8BUF = 0x15c
                    0x015e                  IC8CON = 0x15e
                    0x015e                  _IC8CON = 0x15e
                    0x0180                  OC1RS = 0x180
                    0x0180                  _OC1RS = 0x180
                    0x0182                  OC1R = 0x182
                    0x0182                  _OC1R = 0x182
                    0x0184                  OC1CON = 0x184
                    0x0184                  _OC1CON = 0x184
                    0x0186                  OC2RS = 0x186
                    0x0186                  _OC2RS = 0x186
                    0x0188                  OC2R = 0x188
                    0x0188                  _OC2R = 0x188
                    0x018a                  OC2CON = 0x18a
                    0x018a                  _OC2CON = 0x18a
                    0x018c                  OC3RS = 0x18c
                    0x018c                  _OC3RS = 0x18c
                    0x018e                  OC3R = 0x18e
                    0x018e                  _OC3R = 0x18e
                    0x0190                  OC3CON = 0x190
                    0x0190                  _OC3CON = 0x190
                    0x0192                  OC4RS = 0x192
                    0x0192                  _OC4RS = 0x192
                    0x0194                  OC4R = 0x194
                    0x0194                  _OC4R = 0x194
                    0x0196                  OC4CON = 0x196
                    0x0196                  _OC4CON = 0x196
                    0x0198                  OC5RS = 0x198
                    0x0198                  _OC5RS = 0x198
                    0x019a                  OC5R = 0x19a
                    0x019a                  _OC5R = 0x19a
                    0x019c                  OC5CON = 0x19c
                    0x019c                  _OC5CON = 0x19c
                    0x019e                  OC6RS = 0x19e
                    0x019e                  _OC6RS = 0x19e
                    0x01a0                  OC6R = 0x1a0
                    0x01a0                  _OC6R = 0x1a0
                    0x01a2                  OC6CON = 0x1a2
                    0x01a2                  _OC6CON = 0x1a2
                    0x01a4                  OC7RS = 0x1a4
                    0x01a4                  _OC7RS = 0x1a4
                    0x01a6                  OC7R = 0x1a6
                    0x01a6                  _OC7R = 0x1a6
                    0x01a8                  OC7CON = 0x1a8
                    0x01a8                  _OC7CON = 0x1a8
                    0x01aa                  OC8RS = 0x1aa
                    0x01aa                  _OC8RS = 0x1aa
                    0x01ac                  OC8R = 0x1ac
                    0x01ac                  _OC8R = 0x1ac
                    0x01ae                  OC8CON = 0x1ae
                    0x01ae                  _OC8CON = 0x1ae
                    0x01c0                  PTCON = 0x1c0
                    0x01c0                  _PTCON = 0x1c0
                    0x01c2                  PTMR = 0x1c2
                    0x01c2                  _PTMR = 0x1c2
                    0x01c4                  PTPER = 0x1c4
                    0x01c4                  _PTPER = 0x1c4
                    0x01c6                  SEVTCMP = 0x1c6
                    0x01c6                  _SEVTCMP = 0x1c6
                    0x01c8                  PWMCON1 = 0x1c8
                    0x01c8                  _PWMCON1 = 0x1c8
                    0x01ca                  PWMCON2 = 0x1ca
                    0x01ca                  _PWMCON2 = 0x1ca
                    0x01cc                  DTCON1 = 0x1cc
                    0x01cc                  _DTCON1 = 0x1cc
                    0x01ce                  DTCON2 = 0x1ce
                    0x01ce                  _DTCON2 = 0x1ce
                    0x01d0                  FLTACON = 0x1d0
                    0x01d0                  _FLTACON = 0x1d0
                    0x01d2                  FLTBCON = 0x1d2
                    0x01d2                  _FLTBCON = 0x1d2
                    0x01d4                  OVDCON = 0x1d4
                    0x01d4                  _OVDCON = 0x1d4
                    0x01d6                  PDC1 = 0x1d6
                    0x01d6                  _PDC1 = 0x1d6
                    0x01d8                  PDC2 = 0x1d8
                    0x01d8                  _PDC2 = 0x1d8
                    0x01da                  PDC3 = 0x1da
                    0x01da                  _PDC3 = 0x1da
                    0x01dc                  PDC4 = 0x1dc
                    0x01dc                  _PDC4 = 0x1dc
                    0x0200                  I2CRCV = 0x200
                    0x0200                  _I2CRCV = 0x200
                    0x0202                  I2CTRN = 0x202
                    0x0202                  _I2CTRN = 0x202
                    0x0204                  I2CBRG = 0x204
                    0x0204                  _I2CBRG = 0x204
                    0x0206                  I2CCON = 0x206
                    0x0206                  _I2CCON = 0x206
                    0x0208                  I2CSTAT = 0x208
                    0x0208                  _I2CSTAT = 0x208
                    0x020a                  I2CADD = 0x20a
                    0x020a                  _I2CADD = 0x20a
                    0x020c                  U1MODE = 0x20c
                    0x020c                  _U1MODE = 0x20c
                    0x020e                  U1STA = 0x20e
                    0x020e                  _U1STA = 0x20e
                    0x0210                  U1TXREG = 0x210
                    0x0210                  _U1TXREG = 0x210
                    0x0212                  U1RXREG = 0x212
                    0x0212                  _U1RXREG = 0x212
                    0x0214                  U1BRG = 0x214
                    0x0214                  _U1BRG = 0x214
                    0x0216                  U2MODE = 0x216
                    0x0216                  _U2MODE = 0x216
                    0x0218                  U2STA = 0x218
                    0x0218                  _U2STA = 0x218
                    0x021a                  U2TXREG = 0x21a
                    0x021a                  _U2TXREG = 0x21a
                    0x021c                  U2RXREG = 0x21c
                    0x021c                  _U2RXREG = 0x21c
                    0x021e                  U2BRG = 0x21e
                    0x021e                  _U2BRG = 0x21e
                    0x0220                  SPI1STAT = 0x220
                    0x0220                  _SPI1STAT = 0x220
                    0x0222                  SPI1CON = 0x222
                    0x0222                  _SPI1CON = 0x222
                    0x0224                  SPI1BUF = 0x224
                    0x0224                  _SPI1BUF = 0x224
                    0x0226                  SPI2STAT = 0x226
                    0x0226                  _SPI2STAT = 0x226
                    0x0228                  SPI2CON = 0x228
                    0x0228                  _SPI2CON = 0x228
                    0x022a                  SPI2BUF = 0x22a
                    0x022a                  _SPI2BUF = 0x22a
                    0x0280                  ADCBUF0 = 0x280
                    0x0280                  _ADCBUF0 = 0x280
                    0x0282                  ADCBUF1 = 0x282
                    0x0282                  _ADCBUF1 = 0x282
                    0x0284                  ADCBUF2 = 0x284
                    0x0284                  _ADCBUF2 = 0x284
                    0x0286                  ADCBUF3 = 0x286
                    0x0286                  _ADCBUF3 = 0x286
                    0x0288                  ADCBUF4 = 0x288
                    0x0288                  _ADCBUF4 = 0x288
                    0x028a                  ADCBUF5 = 0x28a
                    0x028a                  _ADCBUF5 = 0x28a
                    0x028c                  ADCBUF6 = 0x28c
                    0x028c                  _ADCBUF6 = 0x28c
                    0x028e                  ADCBUF7 = 0x28e
                    0x028e                  _ADCBUF7 = 0x28e
                    0x0290                  ADCBUF8 = 0x290
                    0x0290                  _ADCBUF8 = 0x290
                    0x0292                  ADCBUF9 = 0x292
                    0x0292                  _ADCBUF9 = 0x292
                    0x0294                  ADCBUFA = 0x294
                    0x0294                  _ADCBUFA = 0x294
                    0x0296                  ADCBUFB = 0x296
                    0x0296                  _ADCBUFB = 0x296
                    0x0298                  ADCBUFC = 0x298
                    0x0298                  _ADCBUFC = 0x298
                    0x029a                  ADCBUFD = 0x29a
                    0x029a                  _ADCBUFD = 0x29a
                    0x029c                  ADCBUFE = 0x29c
                    0x029c                  _ADCBUFE = 0x29c
                    0x029e                  ADCBUFF = 0x29e
                    0x029e                  _ADCBUFF = 0x29e
                    0x02a0                  ADCON1 = 0x2a0
                    0x02a0                  _ADCON1 = 0x2a0
                    0x02a2                  ADCON2 = 0x2a2
                    0x02a2                  _ADCON2 = 0x2a2
                    0x02a4                  ADCON3 = 0x2a4
                    0x02a4                  _ADCON3 = 0x2a4
                    0x02a6                  ADCHS = 0x2a6
                    0x02a6                  _ADCHS = 0x2a6
                    0x02a8                  ADPCFG = 0x2a8
                    0x02a8                  _ADPCFG = 0x2a8
                    0x02aa                  ADCSSL = 0x2aa
                    0x02aa                  _ADCSSL = 0x2aa
                    0x02c0                  TRISA = 0x2c0
                    0x02c0                  _TRISA = 0x2c0
                    0x02c2                  PORTA = 0x2c2
                    0x02c2                  _PORTA = 0x2c2
                    0x02c4                  LATA = 0x2c4
                    0x02c4                  _LATA = 0x2c4
                    0x02c6                  TRISB = 0x2c6
                    0x02c6                  _TRISB = 0x2c6
                    0x02c8                  PORTB = 0x2c8
                    0x02c8                  _PORTB = 0x2c8
                    0x02ca                  LATB = 0x2ca
                    0x02ca                  _LATB = 0x2ca
                    0x02cc                  TRISC = 0x2cc
                    0x02cc                  _TRISC = 0x2cc
                    0x02ce                  PORTC = 0x2ce
                    0x02ce                  _PORTC = 0x2ce
                    0x02d0                  LATC = 0x2d0
                    0x02d0                  _LATC = 0x2d0
                    0x02d2                  TRISD = 0x2d2
                    0x02d2                  _TRISD = 0x2d2
                    0x02d4                  PORTD = 0x2d4
                    0x02d4                  _PORTD = 0x2d4
                    0x02d6                  LATD = 0x2d6
                    0x02d6                  _LATD = 0x2d6
                    0x02d8                  TRISE = 0x2d8
                    0x02d8                  _TRISE = 0x2d8
                    0x02da                  PORTE = 0x2da
                    0x02da                  _PORTE = 0x2da
                    0x02dc                  LATE = 0x2dc
                    0x02dc                  _LATE = 0x2dc
                    0x02de                  TRISF = 0x2de
                    0x02de                  _TRISF = 0x2de
                    0x02e0                  PORTF = 0x2e0
                    0x02e0                  _PORTF = 0x2e0
                    0x02e2                  LATF = 0x2e2
                    0x02e2                  _LATF = 0x2e2
                    0x02e4                  TRISG = 0x2e4
                    0x02e4                  _TRISG = 0x2e4
                    0x02e6                  PORTG = 0x2e6
                    0x02e6                  _PORTG = 0x2e6
                    0x02e8                  LATG = 0x2e8
                    0x02e8                  _LATG = 0x2e8
                    0x0300                  C1RXF0SID = 0x300
                    0x0300                  _C1RXF0SID = 0x300
                    0x0302                  C1RXF0EIDH = 0x302
                    0x0302                  _C1RXF0EIDH = 0x302
                    0x0304                  C1RXF0EIDL = 0x304
                    0x0304                  _C1RXF0EIDL = 0x304
                    0x0308                  C1RXF1SID = 0x308
                    0x0308                  _C1RXF1SID = 0x308
                    0x030a                  C1RXF1EIDH = 0x30a
                    0x030a                  _C1RXF1EIDH = 0x30a
                    0x030c                  C1RXF1EIDL = 0x30c
                    0x030c                  _C1RXF1EIDL = 0x30c
                    0x0310                  C1RXF2SID = 0x310
                    0x0310                  _C1RXF2SID = 0x310
                    0x0312                  C1RXF2EIDH = 0x312
                    0x0312                  _C1RXF2EIDH = 0x312
                    0x0314                  C1RXF2EIDL = 0x314
                    0x0314                  _C1RXF2EIDL = 0x314
                    0x0318                  C1RXF3SID = 0x318
                    0x0318                  _C1RXF3SID = 0x318
                    0x031a                  C1RXF3EIDH = 0x31a
                    0x031a                  _C1RXF3EIDH = 0x31a
                    0x031c                  C1RXF3EIDL = 0x31c
                    0x031c                  _C1RXF3EIDL = 0x31c
                    0x0320                  C1RXF4SID = 0x320
                    0x0320                  _C1RXF4SID = 0x320
                    0x0322                  C1RXF4EIDH = 0x322
                    0x0322                  _C1RXF4EIDH = 0x322
                    0x0324                  C1RXF4EIDL = 0x324
                    0x0324                  _C1RXF4EIDL = 0x324
                    0x0328                  C1RXF5SID = 0x328
                    0x0328                  _C1RXF5SID = 0x328
                    0x032a                  C1RXF5EIDH = 0x32a
                    0x032a                  _C1RXF5EIDH = 0x32a
                    0x032c                  C1RXF5EIDL = 0x32c
                    0x032c                  _C1RXF5EIDL = 0x32c
                    0x0330                  C1RXM0SID = 0x330
                    0x0330                  _C1RXM0SID = 0x330
                    0x0332                  C1RXM0EIDH = 0x332
                    0x0332                  _C1RXM0EIDH = 0x332
                    0x0334                  C1RXM0EIDL = 0x334
                    0x0334                  _C1RXM0EIDL = 0x334
                    0x0338                  C1RXM1SID = 0x338
                    0x0338                  _C1RXM1SID = 0x338
                    0x033a                  C1RXM1EIDH = 0x33a
                    0x033a                  _C1RXM1EIDH = 0x33a
                    0x033c                  C1RXM1EIDL = 0x33c
                    0x033c                  _C1RXM1EIDL = 0x33c
                    0x0340                  C1TX2SID = 0x340
                    0x0340                  _C1TX2SID = 0x340
                    0x0342                  C1TX2EID = 0x342
                    0x0342                  _C1TX2EID = 0x342
                    0x0344                  C1TX2DLC = 0x344
                    0x0344                  _C1TX2DLC = 0x344
                    0x0346                  C1TX2B1 = 0x346
                    0x0346                  _C1TX2B1 = 0x346
                    0x0348                  C1TX2B2 = 0x348
                    0x0348                  _C1TX2B2 = 0x348
                    0x034a                  C1TX2B3 = 0x34a
                    0x034a                  _C1TX2B3 = 0x34a
                    0x034c                  C1TX2B4 = 0x34c
                    0x034c                  _C1TX2B4 = 0x34c
                    0x034e                  C1TX2CON = 0x34e
                    0x034e                  _C1TX2CON = 0x34e
                    0x0350                  C1TX1SID = 0x350
                    0x0350                  _C1TX1SID = 0x350
                    0x0352                  C1TX1EID = 0x352
                    0x0352                  _C1TX1EID = 0x352
                    0x0354                  C1TX1DLC = 0x354
                    0x0354                  _C1TX1DLC = 0x354
                    0x0356                  C1TX1B1 = 0x356
                    0x0356                  _C1TX1B1 = 0x356
                    0x0358                  C1TX1B2 = 0x358
                    0x0358                  _C1TX1B2 = 0x358
                    0x035a                  C1TX1B3 = 0x35a
                    0x035a                  _C1TX1B3 = 0x35a
                    0x035c                  C1TX1B4 = 0x35c
                    0x035c                  _C1TX1B4 = 0x35c
                    0x035e                  C1TX1CON = 0x35e
                    0x035e                  _C1TX1CON = 0x35e
                    0x0360                  C1TX0SID = 0x360
                    0x0360                  _C1TX0SID = 0x360
                    0x0362                  C1TX0EID = 0x362
                    0x0362                  _C1TX0EID = 0x362
                    0x0364                  C1TX0DLC = 0x364
                    0x0364                  _C1TX0DLC = 0x364
                    0x0366                  C1TX0B1 = 0x366
                    0x0366                  _C1TX0B1 = 0x366
                    0x0368                  C1TX0B2 = 0x368
                    0x0368                  _C1TX0B2 = 0x368
                    0x036a                  C1TX0B3 = 0x36a
                    0x036a                  _C1TX0B3 = 0x36a
                    0x036c                  C1TX0B4 = 0x36c
                    0x036c                  _C1TX0B4 = 0x36c
                    0x036e                  C1TX0CON = 0x36e
                    0x036e                  _C1TX0CON = 0x36e
                    0x0370                  C1RX1SID = 0x370
                    0x0370                  _C1RX1SID = 0x370
                    0x0372                  C1RX1EID = 0x372
                    0x0372                  _C1RX1EID = 0x372
                    0x0374                  C1RX1DLC = 0x374
                    0x0374                  _C1RX1DLC = 0x374
                    0x0376                  C1RX1B1 = 0x376
                    0x0376                  _C1RX1B1 = 0x376
                    0x0378                  C1RX1B2 = 0x378
                    0x0378                  _C1RX1B2 = 0x378
                    0x037a                  C1RX1B3 = 0x37a
                    0x037a                  _C1RX1B3 = 0x37a
                    0x037c                  C1RX1B4 = 0x37c
                    0x037c                  _C1RX1B4 = 0x37c
                    0x037e                  C1RX1CON = 0x37e
                    0x037e                  _C1RX1CON = 0x37e
                    0x0380                  C1RX0SID = 0x380
                    0x0380                  _C1RX0SID = 0x380
                    0x0382                  C1RX0EID = 0x382
                    0x0382                  _C1RX0EID = 0x382
                    0x0384                  C1RX0DLC = 0x384
                    0x0384                  _C1RX0DLC = 0x384
                    0x0386                  C1RX0B1 = 0x386
                    0x0386                  _C1RX0B1 = 0x386
                    0x0388                  C1RX0B2 = 0x388
                    0x0388                  _C1RX0B2 = 0x388
                    0x038a                  C1RX0B3 = 0x38a
                    0x038a                  _C1RX0B3 = 0x38a
                    0x038c                  C1RX0B4 = 0x38c
                    0x038c                  _C1RX0B4 = 0x38c
                    0x038e                  C1RX0CON = 0x38e
                    0x038e                  _C1RX0CON = 0x38e
                    0x0390                  C1CTRL = 0x390
                    0x0390                  _C1CTRL = 0x390
                    0x0392                  C1CFG1 = 0x392
                    0x0392                  _C1CFG1 = 0x392
                    0x0394                  C1CFG2 = 0x394
                    0x0394                  _C1CFG2 = 0x394
                    0x0396                  C1INTF = 0x396
                    0x0396                  _C1INTF = 0x396
                    0x0398                  C1INTE = 0x398
                    0x0398                  _C1INTE = 0x398
                    0x039a                  C1EC = 0x39a
                    0x039a                  _C1EC = 0x39a
                    0x039a                  C1RERRCNT = 0x39a
                    0x039a                  _C1RERRCNT = 0x39a
                    0x039b                  C1TERRCNT = 0x39b
                    0x039b                  _C1TERRCNT = 0x39b
                    0x03c0                  C2RXF0SID = 0x3c0
                    0x03c0                  _C2RXF0SID = 0x3c0
                    0x03c2                  C2RXF0EIDH = 0x3c2
                    0x03c2                  _C2RXF0EIDH = 0x3c2
                    0x03c4                  C2RXF0EIDL = 0x3c4
                    0x03c4                  _C2RXF0EIDL = 0x3c4
                    0x03c8                  C2RXF1SID = 0x3c8
                    0x03c8                  _C2RXF1SID = 0x3c8
                    0x03ca                  C2RXF1EIDH = 0x3ca
                    0x03ca                  _C2RXF1EIDH = 0x3ca
                    0x03cc                  C2RXF1EIDL = 0x3cc
                    0x03cc                  _C2RXF1EIDL = 0x3cc
                    0x03d0                  C2RXF2SID = 0x3d0
                    0x03d0                  _C2RXF2SID = 0x3d0
                    0x03d2                  C2RXF2EIDH = 0x3d2
                    0x03d2                  _C2RXF2EIDH = 0x3d2
                    0x03d4                  C2RXF2EIDL = 0x3d4
                    0x03d4                  _C2RXF2EIDL = 0x3d4
                    0x03d8                  C2RXF3SID = 0x3d8
                    0x03d8                  _C2RXF3SID = 0x3d8
                    0x03da                  C2RXF3EIDH = 0x3da
                    0x03da                  _C2RXF3EIDH = 0x3da
                    0x03dc                  C2RXF3EIDL = 0x3dc
                    0x03dc                  _C2RXF3EIDL = 0x3dc
                    0x03e0                  C2RXF4SID = 0x3e0
                    0x03e0                  _C2RXF4SID = 0x3e0
                    0x03e2                  C2RXF4EIDH = 0x3e2
                    0x03e2                  _C2RXF4EIDH = 0x3e2
                    0x03e4                  C2RXF4EIDL = 0x3e4
                    0x03e4                  _C2RXF4EIDL = 0x3e4
                    0x03e8                  C2RXF5SID = 0x3e8
                    0x03e8                  _C2RXF5SID = 0x3e8
                    0x03ea                  C2RXF5EIDH = 0x3ea
                    0x03ea                  _C2RXF5EIDH = 0x3ea
                    0x03ec                  C2RXF5EIDL = 0x3ec
                    0x03ec                  _C2RXF5EIDL = 0x3ec
                    0x03f0                  C2RXM0SID = 0x3f0
                    0x03f0                  _C2RXM0SID = 0x3f0
                    0x03f2                  C2RXM0EIDH = 0x3f2
                    0x03f2                  _C2RXM0EIDH = 0x3f2
                    0x03f4                  C2RXM0EIDL = 0x3f4
                    0x03f4                  _C2RXM0EIDL = 0x3f4
                    0x03f8                  C2RXM1SID = 0x3f8
                    0x03f8                  _C2RXM1SID = 0x3f8
                    0x03fa                  C2RXM1EIDH = 0x3fa
                    0x03fa                  _C2RXM1EIDH = 0x3fa
                    0x03fc                  C2RXM1EIDL = 0x3fc
                    0x03fc                  _C2RXM1EIDL = 0x3fc
                    0x0400                  C2TX2SID = 0x400
                    0x0400                  _C2TX2SID = 0x400
                    0x0402                  C2TX2EID = 0x402
                    0x0402                  _C2TX2EID = 0x402
                    0x0404                  C2TX2DLC = 0x404
                    0x0404                  _C2TX2DLC = 0x404
                    0x0406                  C2TX2B1 = 0x406
                    0x0406                  _C2TX2B1 = 0x406
                    0x0408                  C2TX2B2 = 0x408
                    0x0408                  _C2TX2B2 = 0x408
                    0x040a                  C2TX2B3 = 0x40a
                    0x040a                  _C2TX2B3 = 0x40a
                    0x040c                  C2TX2B4 = 0x40c
                    0x040c                  _C2TX2B4 = 0x40c
                    0x040e                  C2TX2CON = 0x40e
                    0x040e                  _C2TX2CON = 0x40e
                    0x0410                  C2TX1SID = 0x410
                    0x0410                  _C2TX1SID = 0x410
                    0x0412                  C2TX1EID = 0x412
                    0x0412                  _C2TX1EID = 0x412
                    0x0414                  C2TX1DLC = 0x414
                    0x0414                  _C2TX1DLC = 0x414
                    0x0416                  C2TX1B1 = 0x416
                    0x0416                  _C2TX1B1 = 0x416
                    0x0418                  C2TX1B2 = 0x418
                    0x0418                  _C2TX1B2 = 0x418
                    0x041a                  C2TX1B3 = 0x41a
                    0x041a                  _C2TX1B3 = 0x41a
                    0x041c                  C2TX1B4 = 0x41c
                    0x041c                  _C2TX1B4 = 0x41c
                    0x041e                  C2TX1CON = 0x41e
                    0x041e                  _C2TX1CON = 0x41e
                    0x0420                  C2TX0SID = 0x420
                    0x0420                  _C2TX0SID = 0x420
                    0x0422                  C2TX0EID = 0x422
                    0x0422                  _C2TX0EID = 0x422
                    0x0424                  C2TX0DLC = 0x424
                    0x0424                  _C2TX0DLC = 0x424
                    0x0426                  C2TX0B1 = 0x426
                    0x0426                  _C2TX0B1 = 0x426
                    0x0428                  C2TX0B2 = 0x428
                    0x0428                  _C2TX0B2 = 0x428
                    0x042a                  C2TX0B3 = 0x42a
                    0x042a                  _C2TX0B3 = 0x42a
                    0x042c                  C2TX0B4 = 0x42c
                    0x042c                  _C2TX0B4 = 0x42c
                    0x042e                  C2TX0CON = 0x42e
                    0x042e                  _C2TX0CON = 0x42e
                    0x0430                  C2RX1SID = 0x430
                    0x0430                  _C2RX1SID = 0x430
                    0x0432                  C2RX1EID = 0x432
                    0x0432                  _C2RX1EID = 0x432
                    0x0434                  C2RX1DLC = 0x434
                    0x0434                  _C2RX1DLC = 0x434
                    0x0436                  C2RX1B1 = 0x436
                    0x0436                  _C2RX1B1 = 0x436
                    0x0438                  C2RX1B2 = 0x438
                    0x0438                  _C2RX1B2 = 0x438
                    0x043a                  C2RX1B3 = 0x43a
                    0x043a                  _C2RX1B3 = 0x43a
                    0x043c                  C2RX1B4 = 0x43c
                    0x043c                  _C2RX1B4 = 0x43c
                    0x043e                  C2RX1CON = 0x43e
                    0x043e                  _C2RX1CON = 0x43e
                    0x0440                  C2RX0SID = 0x440
                    0x0440                  _C2RX0SID = 0x440
                    0x0442                  C2RX0EID = 0x442
                    0x0442                  _C2RX0EID = 0x442
                    0x0444                  C2RX0DLC = 0x444
                    0x0444                  _C2RX0DLC = 0x444
                    0x0446                  C2RX0B1 = 0x446
                    0x0446                  _C2RX0B1 = 0x446
                    0x0448                  C2RX0B2 = 0x448
                    0x0448                  _C2RX0B2 = 0x448
                    0x044a                  C2RX0B3 = 0x44a
                    0x044a                  _C2RX0B3 = 0x44a
                    0x044c                  C2RX0B4 = 0x44c
                    0x044c                  _C2RX0B4 = 0x44c
                    0x044e                  C2RX0CON = 0x44e
                    0x044e                  _C2RX0CON = 0x44e
                    0x0450                  C2CTRL = 0x450
                    0x0450                  _C2CTRL = 0x450
                    0x0452                  C2CFG1 = 0x452
                    0x0452                  _C2CFG1 = 0x452
                    0x0454                  C2CFG2 = 0x454
                    0x0454                  _C2CFG2 = 0x454
                    0x0456                  C2INTF = 0x456
                    0x0456                  _C2INTF = 0x456
                    0x0458                  C2INTE = 0x458
                    0x0458                  _C2INTE = 0x458
                    0x045a                  C2EC = 0x45a
                    0x045a                  _C2EC = 0x45a
                    0x045a                  C2RERRCNT = 0x45a
                    0x045a                  _C2RERRCNT = 0x45a
                    0x045b                  C2TERRCNT = 0x45b
                    0x045b                  _C2TERRCNT = 0x45b
                    0x0740                  RCON = 0x740
                    0x0740                  _RCON = 0x740
                    0x0742                  OSCCON = 0x742
                    0x0742                  _OSCCON = 0x742
                    0x0742                  OSCCONL = OSCCON
                    0x0742                  _OSCCONL = OSCCON
                    0x0743                  OSCCONH = (OSCCON + 0x1)
                    0x0743                  _OSCCONH = (OSCCON + 0x1)
                    0x0744                  OSCTUN = 0x744
                    0x0744                  _OSCTUN = 0x744
                    0x0750                  BSRAM = 0x750
                    0x0750                  _BSRAM = 0x750
                    0x0752                  SSRAM = 0x752
                    0x0752                  _SSRAM = 0x752
                    0x0760                  NVMCON = 0x760
                    0x0760                  _NVMCON = 0x760
                    0x0762                  NVMADR = 0x762
                    0x0762                  _NVMADR = 0x762
                    0x0764                  NVMADRU = 0x764
                    0x0764                  _NVMADRU = 0x764
                    0x0766                  NVMKEY = 0x766
                    0x0766                  _NVMKEY = 0x766
                    0x0770                  PMD1 = 0x770
                    0x0770                  _PMD1 = 0x770
                    0x0772                  PMD2 = 0x772
                    0x0772                  _PMD2 = 0x772
                    0x0774                  PMD3 = 0x774
                    0x0774                  _PMD3 = 0x774
                    0x0022                  ACCA = 0x22
                    0x0022                  _ACCA = 0x22
                    0x0028                  ACCB = 0x28
                    0x0028                  _ACCB = 0x28
                    0x0042                  SRbits = 0x42
                    0x0042                  _SRbits = 0x42
                    0x0044                  CORCONbits = 0x44
                    0x0044                  _CORCONbits = 0x44
                    0x0046                  MODCONbits = 0x46
                    0x0046                  _MODCONbits = 0x46
                    0x0050                  XBREVbits = 0x50
                    0x0050                  _XBREVbits = 0x50
                    0x0052                  DISICNTbits = 0x52
                    0x0052                  _DISICNTbits = 0x52
                    0x0080                  INTCON1bits = 0x80
                    0x0080                  _INTCON1bits = 0x80
                    0x0082                  INTCON2bits = 0x82
                    0x0082                  _INTCON2bits = 0x82
                    0x0084                  IFS0bits = 0x84
                    0x0084                  _IFS0bits = 0x84
                    0x0086                  IFS1bits = 0x86
                    0x0086                  _IFS1bits = 0x86
                    0x0088                  IFS2bits = 0x88
                    0x0088                  _IFS2bits = 0x88
                    0x008c                  IEC0bits = 0x8c
                    0x008c                  _IEC0bits = 0x8c
                    0x008e                  IEC1bits = 0x8e
                    0x008e                  _IEC1bits = 0x8e
                    0x0090                  IEC2bits = 0x90
                    0x0090                  _IEC2bits = 0x90
                    0x0094                  IPC0bits = 0x94
                    0x0094                  _IPC0bits = 0x94
                    0x0096                  IPC1bits = 0x96
                    0x0096                  _IPC1bits = 0x96
                    0x0098                  IPC2bits = 0x98
                    0x0098                  _IPC2bits = 0x98
                    0x009a                  IPC3bits = 0x9a
                    0x009a                  _IPC3bits = 0x9a
                    0x009c                  IPC4bits = 0x9c
                    0x009c                  _IPC4bits = 0x9c
                    0x009e                  IPC5bits = 0x9e
                    0x009e                  _IPC5bits = 0x9e
                    0x00a0                  IPC6bits = 0xa0
                    0x00a0                  _IPC6bits = 0xa0
                    0x00a2                  IPC7bits = 0xa2
                    0x00a2                  _IPC7bits = 0xa2
                    0x00a4                  IPC8bits = 0xa4
                    0x00a4                  _IPC8bits = 0xa4
                    0x00a6                  IPC9bits = 0xa6
                    0x00a6                  _IPC9bits = 0xa6
                    0x00a8                  IPC10bits = 0xa8
                    0x00a8                  _IPC10bits = 0xa8
                    0x00aa                  IPC11bits = 0xaa
                    0x00aa                  _IPC11bits = 0xaa
                    0x00b0                  INTTREGbits = 0xb0
                    0x00b0                  _INTTREGbits = 0xb0
                    0x00c0                  CNEN1bits = 0xc0
                    0x00c0                  _CNEN1bits = 0xc0
                    0x00c2                  CNEN2bits = 0xc2
                    0x00c2                  _CNEN2bits = 0xc2
                    0x00c4                  CNPU1bits = 0xc4
                    0x00c4                  _CNPU1bits = 0xc4
                    0x00c6                  CNPU2bits = 0xc6
                    0x00c6                  _CNPU2bits = 0xc6
                    0x0104                  T1CONbits = 0x104
                    0x0104                  _T1CONbits = 0x104
                    0x0110                  T2CONbits = 0x110
                    0x0110                  _T2CONbits = 0x110
                    0x0112                  T3CONbits = 0x112
                    0x0112                  _T3CONbits = 0x112
                    0x011e                  T4CONbits = 0x11e
                    0x011e                  _T4CONbits = 0x11e
                    0x0120                  T5CONbits = 0x120
                    0x0120                  _T5CONbits = 0x120
                    0x0122                  QEICONbits = 0x122
                    0x0122                  _QEICONbits = 0x122
                    0x0124                  DFLTCONbits = 0x124
                    0x0124                  _DFLTCONbits = 0x124
                    0x0142                  IC1CONbits = 0x142
                    0x0142                  _IC1CONbits = 0x142
                    0x0146                  IC2CONbits = 0x146
                    0x0146                  _IC2CONbits = 0x146
                    0x014a                  IC3CONbits = 0x14a
                    0x014a                  _IC3CONbits = 0x14a
                    0x014e                  IC4CONbits = 0x14e
                    0x014e                  _IC4CONbits = 0x14e
                    0x0152                  IC5CONbits = 0x152
                    0x0152                  _IC5CONbits = 0x152
                    0x0156                  IC6CONbits = 0x156
                    0x0156                  _IC6CONbits = 0x156
                    0x015a                  IC7CONbits = 0x15a
                    0x015a                  _IC7CONbits = 0x15a
                    0x015e                  IC8CONbits = 0x15e
                    0x015e                  _IC8CONbits = 0x15e
                    0x0184                  OC1CONbits = 0x184
                    0x0184                  _OC1CONbits = 0x184
                    0x018a                  OC2CONbits = 0x18a
                    0x018a                  _OC2CONbits = 0x18a
                    0x0190                  OC3CONbits = 0x190
                    0x0190                  _OC3CONbits = 0x190
                    0x0196                  OC4CONbits = 0x196
                    0x0196                  _OC4CONbits = 0x196
                    0x019c                  OC5CONbits = 0x19c
                    0x019c                  _OC5CONbits = 0x19c
                    0x01a2                  OC6CONbits = 0x1a2
                    0x01a2                  _OC6CONbits = 0x1a2
                    0x01a8                  OC7CONbits = 0x1a8
                    0x01a8                  _OC7CONbits = 0x1a8